	.text
	.syntax unified
	.eabi_attribute	67, "2.09"	@ Tag_conformance
	.cpu	cortex-m23
	.eabi_attribute	6, 16	@ Tag_CPU_arch
	.eabi_attribute	7, 77	@ Tag_CPU_arch_profile
	.eabi_attribute	8, 0	@ Tag_ARM_ISA_use
	.eabi_attribute	9, 3	@ Tag_THUMB_ISA_use
	.eabi_attribute	34, 0	@ Tag_CPU_unaligned_access
	.eabi_attribute	17, 1	@ Tag_ABI_PCS_GOT_use
	.eabi_attribute	20, 2	@ Tag_ABI_FP_denormal
	.eabi_attribute	21, 0	@ Tag_ABI_FP_exceptions
	.eabi_attribute	23, 1	@ Tag_ABI_FP_number_model
	.eabi_attribute	24, 1	@ Tag_ABI_align_needed
	.eabi_attribute	25, 1	@ Tag_ABI_align_preserved
	.eabi_attribute	38, 1	@ Tag_ABI_FP_16bit_format
	.eabi_attribute	18, 2	@ Tag_ABI_PCS_wchar_t
	.eabi_attribute	26, 1	@ Tag_ABI_enum_size
	.eabi_attribute	14, 0	@ Tag_ABI_PCS_R9_use
	.file	"gpio.c"
	.hidden	GPIO_SetMode                    @ -- Begin function GPIO_SetMode
	.globl	GPIO_SetMode
	.p2align	1
	.type	GPIO_SetMode,%function
	.code	16                              @ @GPIO_SetMode
	.thumb_func
GPIO_SetMode:
.Lfunc_begin0:
	.file	1 "D:\\BSP\\M2003BSP-master\\CM2003xC_CM2003xE_CM2003xG_Series\\SampleCode\\StdDriver\\GPIO_INT\\Keil" "../../../../Library/StdDriver/src/gpio.c"
	.loc	1 38 0                          @ ../../../../Library/StdDriver/src/gpio.c:38:0
	.fnstart
	.cfi_sections .debug_frame
	.cfi_startproc
@ %bb.0:
	@DEBUG_VALUE: GPIO_SetMode:port <- $r0
	@DEBUG_VALUE: GPIO_SetMode:u32PinMask <- $r1
	@DEBUG_VALUE: GPIO_SetMode:u32Mode <- $r2
	.save	{r4, r5, r6, r7, lr}
	push	{r4, r5, r6, r7, lr}
	.cfi_def_cfa_offset 20
	.cfi_offset lr, -4
	.cfi_offset r7, -8
	.cfi_offset r6, -12
	.cfi_offset r5, -16
	.cfi_offset r4, -20
	.pad	#4
	sub	sp, #4
	.cfi_def_cfa_offset 24
	str	r1, [sp]                        @ 4-byte Spill
.Ltmp0:
	@DEBUG_VALUE: GPIO_SetMode:u32PinMask <- [$sp+0]
	movs	r3, #0
.Ltmp1:
	@DEBUG_VALUE: GPIO_SetMode:u32Idx <- 0
	mov	r1, r3
	b	.LBB0_2
.Ltmp2:
.LBB0_1:                                @   in Loop: Header=BB0_2 Depth=1
	@DEBUG_VALUE: GPIO_SetMode:u32Idx <- [DW_OP_constu 7, DW_OP_or, DW_OP_stack_value] $r1
	@DEBUG_VALUE: GPIO_SetMode:u32PinMask <- [$sp+0]
	@DEBUG_VALUE: GPIO_SetMode:u32Mode <- $r2
	@DEBUG_VALUE: GPIO_SetMode:port <- $r0
	.loc	1 41 30 prologue_end            @ ../../../../Library/StdDriver/src/gpio.c:41:30
	adds	r3, #16
	.loc	1 41 52 is_stmt 0               @ ../../../../Library/StdDriver/src/gpio.c:41:52
	adds	r1, #8
.Ltmp3:
	@DEBUG_VALUE: GPIO_SetMode:u32Idx <- $r1
	.loc	1 41 5                          @ ../../../../Library/StdDriver/src/gpio.c:41:5
	cmp	r3, #32
	beq	.LBB0_18
.Ltmp4:
.LBB0_2:                                @ =>This Inner Loop Header: Depth=1
	@DEBUG_VALUE: GPIO_SetMode:u32PinMask <- [$sp+0]
	@DEBUG_VALUE: GPIO_SetMode:u32Mode <- $r2
	@DEBUG_VALUE: GPIO_SetMode:port <- $r0
	@DEBUG_VALUE: GPIO_SetMode:u32Idx <- $r1
	.loc	1 43 12 is_stmt 1               @ ../../../../Library/StdDriver/src/gpio.c:43:12
	ldr	r5, [sp]                        @ 4-byte Reload
	lsrs	r5, r1
	lsls	r6, r5, #31
	beq	.LBB0_4
.Ltmp5:
@ %bb.3:                                @   in Loop: Header=BB0_2 Depth=1
	@DEBUG_VALUE: GPIO_SetMode:u32Idx <- $r1
	@DEBUG_VALUE: GPIO_SetMode:u32PinMask <- [$sp+0]
	@DEBUG_VALUE: GPIO_SetMode:u32Mode <- $r2
	@DEBUG_VALUE: GPIO_SetMode:port <- $r0
	.loc	1 45 78                         @ ../../../../Library/StdDriver/src/gpio.c:45:78
	mov	r6, r2
	lsls	r6, r3
	movs	r7, #3
	.loc	1 45 48 is_stmt 0               @ ../../../../Library/StdDriver/src/gpio.c:45:48
	lsls	r7, r3
	.loc	1 45 33                         @ ../../../../Library/StdDriver/src/gpio.c:45:33
	ldr	r4, [r0]
	.loc	1 45 38                         @ ../../../../Library/StdDriver/src/gpio.c:45:38
	bics	r4, r7
	.loc	1 45 67                         @ ../../../../Library/StdDriver/src/gpio.c:45:67
	orrs	r4, r6
	.loc	1 45 24                         @ ../../../../Library/StdDriver/src/gpio.c:45:24
	str	r4, [r0]
.Ltmp6:
.LBB0_4:                                @   in Loop: Header=BB0_2 Depth=1
	@DEBUG_VALUE: GPIO_SetMode:u32Idx <- $r1
	@DEBUG_VALUE: GPIO_SetMode:u32PinMask <- [$sp+0]
	@DEBUG_VALUE: GPIO_SetMode:u32Mode <- $r2
	@DEBUG_VALUE: GPIO_SetMode:port <- $r0
	@DEBUG_VALUE: GPIO_SetMode:u32Idx <- [DW_OP_constu 1, DW_OP_or, DW_OP_stack_value] $r1
	.loc	1 43 12 is_stmt 1               @ ../../../../Library/StdDriver/src/gpio.c:43:12
	lsls	r4, r5, #30
	bpl	.LBB0_6
.Ltmp7:
@ %bb.5:                                @   in Loop: Header=BB0_2 Depth=1
	@DEBUG_VALUE: GPIO_SetMode:u32Idx <- [DW_OP_constu 1, DW_OP_or, DW_OP_stack_value] $r1
	@DEBUG_VALUE: GPIO_SetMode:u32PinMask <- [$sp+0]
	@DEBUG_VALUE: GPIO_SetMode:u32Mode <- $r2
	@DEBUG_VALUE: GPIO_SetMode:port <- $r0
	@DEBUG_VALUE: GPIO_SetMode:u32Idx <- [DW_OP_constu 1, DW_OP_or, DW_OP_stack_value] $r1
	.loc	1 45 48                         @ ../../../../Library/StdDriver/src/gpio.c:45:48
	adds	r4, r3, #2
	.loc	1 45 78 is_stmt 0               @ ../../../../Library/StdDriver/src/gpio.c:45:78
	mov	r6, r2
	lsls	r6, r4
	movs	r4, #12
	.loc	1 45 48                         @ ../../../../Library/StdDriver/src/gpio.c:45:48
	lsls	r4, r3
	.loc	1 45 33                         @ ../../../../Library/StdDriver/src/gpio.c:45:33
	ldr	r7, [r0]
	.loc	1 45 38                         @ ../../../../Library/StdDriver/src/gpio.c:45:38
	bics	r7, r4
	.loc	1 45 67                         @ ../../../../Library/StdDriver/src/gpio.c:45:67
	orrs	r7, r6
	.loc	1 45 24                         @ ../../../../Library/StdDriver/src/gpio.c:45:24
	str	r7, [r0]
.Ltmp8:
.LBB0_6:                                @   in Loop: Header=BB0_2 Depth=1
	@DEBUG_VALUE: GPIO_SetMode:u32Idx <- [DW_OP_constu 1, DW_OP_or, DW_OP_stack_value] $r1
	@DEBUG_VALUE: GPIO_SetMode:u32PinMask <- [$sp+0]
	@DEBUG_VALUE: GPIO_SetMode:u32Mode <- $r2
	@DEBUG_VALUE: GPIO_SetMode:port <- $r0
	@DEBUG_VALUE: GPIO_SetMode:u32Idx <- [DW_OP_constu 2, DW_OP_or, DW_OP_stack_value] $r1
	.loc	1 43 12 is_stmt 1               @ ../../../../Library/StdDriver/src/gpio.c:43:12
	lsls	r4, r5, #29
	bpl	.LBB0_8
.Ltmp9:
@ %bb.7:                                @   in Loop: Header=BB0_2 Depth=1
	@DEBUG_VALUE: GPIO_SetMode:u32Idx <- [DW_OP_constu 2, DW_OP_or, DW_OP_stack_value] $r1
	@DEBUG_VALUE: GPIO_SetMode:u32PinMask <- [$sp+0]
	@DEBUG_VALUE: GPIO_SetMode:u32Mode <- $r2
	@DEBUG_VALUE: GPIO_SetMode:port <- $r0
	@DEBUG_VALUE: GPIO_SetMode:u32Idx <- [DW_OP_constu 2, DW_OP_or, DW_OP_stack_value] $r1
	.loc	1 45 48                         @ ../../../../Library/StdDriver/src/gpio.c:45:48
	adds	r4, r3, #4
	.loc	1 45 78 is_stmt 0               @ ../../../../Library/StdDriver/src/gpio.c:45:78
	mov	r6, r2
	lsls	r6, r4
	movs	r4, #48
	.loc	1 45 48                         @ ../../../../Library/StdDriver/src/gpio.c:45:48
	lsls	r4, r3
	.loc	1 45 33                         @ ../../../../Library/StdDriver/src/gpio.c:45:33
	ldr	r7, [r0]
	.loc	1 45 38                         @ ../../../../Library/StdDriver/src/gpio.c:45:38
	bics	r7, r4
	.loc	1 45 67                         @ ../../../../Library/StdDriver/src/gpio.c:45:67
	orrs	r7, r6
	.loc	1 45 24                         @ ../../../../Library/StdDriver/src/gpio.c:45:24
	str	r7, [r0]
.Ltmp10:
.LBB0_8:                                @   in Loop: Header=BB0_2 Depth=1
	@DEBUG_VALUE: GPIO_SetMode:u32Idx <- [DW_OP_constu 2, DW_OP_or, DW_OP_stack_value] $r1
	@DEBUG_VALUE: GPIO_SetMode:u32PinMask <- [$sp+0]
	@DEBUG_VALUE: GPIO_SetMode:u32Mode <- $r2
	@DEBUG_VALUE: GPIO_SetMode:port <- $r0
	@DEBUG_VALUE: GPIO_SetMode:u32Idx <- [DW_OP_constu 3, DW_OP_or, DW_OP_stack_value] $r1
	.loc	1 43 12 is_stmt 1               @ ../../../../Library/StdDriver/src/gpio.c:43:12
	lsls	r4, r5, #28
	bpl	.LBB0_10
.Ltmp11:
@ %bb.9:                                @   in Loop: Header=BB0_2 Depth=1
	@DEBUG_VALUE: GPIO_SetMode:u32Idx <- [DW_OP_constu 3, DW_OP_or, DW_OP_stack_value] $r1
	@DEBUG_VALUE: GPIO_SetMode:u32PinMask <- [$sp+0]
	@DEBUG_VALUE: GPIO_SetMode:u32Mode <- $r2
	@DEBUG_VALUE: GPIO_SetMode:port <- $r0
	@DEBUG_VALUE: GPIO_SetMode:u32Idx <- [DW_OP_constu 3, DW_OP_or, DW_OP_stack_value] $r1
	.loc	1 45 48                         @ ../../../../Library/StdDriver/src/gpio.c:45:48
	adds	r4, r3, #6
	.loc	1 45 78 is_stmt 0               @ ../../../../Library/StdDriver/src/gpio.c:45:78
	mov	r6, r2
	lsls	r6, r4
	movs	r4, #192
	.loc	1 45 48                         @ ../../../../Library/StdDriver/src/gpio.c:45:48
	lsls	r4, r3
	.loc	1 45 33                         @ ../../../../Library/StdDriver/src/gpio.c:45:33
	ldr	r7, [r0]
	.loc	1 45 38                         @ ../../../../Library/StdDriver/src/gpio.c:45:38
	bics	r7, r4
	.loc	1 45 67                         @ ../../../../Library/StdDriver/src/gpio.c:45:67
	orrs	r7, r6
	.loc	1 45 24                         @ ../../../../Library/StdDriver/src/gpio.c:45:24
	str	r7, [r0]
.Ltmp12:
.LBB0_10:                               @   in Loop: Header=BB0_2 Depth=1
	@DEBUG_VALUE: GPIO_SetMode:u32Idx <- [DW_OP_constu 3, DW_OP_or, DW_OP_stack_value] $r1
	@DEBUG_VALUE: GPIO_SetMode:u32PinMask <- [$sp+0]
	@DEBUG_VALUE: GPIO_SetMode:u32Mode <- $r2
	@DEBUG_VALUE: GPIO_SetMode:port <- $r0
	@DEBUG_VALUE: GPIO_SetMode:u32Idx <- [DW_OP_constu 4, DW_OP_or, DW_OP_stack_value] $r1
	.loc	1 43 12 is_stmt 1               @ ../../../../Library/StdDriver/src/gpio.c:43:12
	lsls	r4, r5, #27
	bpl	.LBB0_12
.Ltmp13:
@ %bb.11:                               @   in Loop: Header=BB0_2 Depth=1
	@DEBUG_VALUE: GPIO_SetMode:u32Idx <- [DW_OP_constu 4, DW_OP_or, DW_OP_stack_value] $r1
	@DEBUG_VALUE: GPIO_SetMode:u32PinMask <- [$sp+0]
	@DEBUG_VALUE: GPIO_SetMode:u32Mode <- $r2
	@DEBUG_VALUE: GPIO_SetMode:port <- $r0
	@DEBUG_VALUE: GPIO_SetMode:u32Idx <- [DW_OP_constu 4, DW_OP_or, DW_OP_stack_value] $r1
	.loc	1 45 48                         @ ../../../../Library/StdDriver/src/gpio.c:45:48
	mov	r4, r3
	adds	r4, #8
	.loc	1 45 78 is_stmt 0               @ ../../../../Library/StdDriver/src/gpio.c:45:78
	mov	r6, r2
	lsls	r6, r4
	.loc	1 45 48                         @ ../../../../Library/StdDriver/src/gpio.c:45:48
	movw	r4, #768
	lsls	r4, r3
	.loc	1 45 33                         @ ../../../../Library/StdDriver/src/gpio.c:45:33
	ldr	r7, [r0]
	.loc	1 45 38                         @ ../../../../Library/StdDriver/src/gpio.c:45:38
	bics	r7, r4
	.loc	1 45 67                         @ ../../../../Library/StdDriver/src/gpio.c:45:67
	orrs	r7, r6
	.loc	1 45 24                         @ ../../../../Library/StdDriver/src/gpio.c:45:24
	str	r7, [r0]
.Ltmp14:
.LBB0_12:                               @   in Loop: Header=BB0_2 Depth=1
	@DEBUG_VALUE: GPIO_SetMode:u32Idx <- [DW_OP_constu 4, DW_OP_or, DW_OP_stack_value] $r1
	@DEBUG_VALUE: GPIO_SetMode:u32PinMask <- [$sp+0]
	@DEBUG_VALUE: GPIO_SetMode:u32Mode <- $r2
	@DEBUG_VALUE: GPIO_SetMode:port <- $r0
	@DEBUG_VALUE: GPIO_SetMode:u32Idx <- [DW_OP_constu 5, DW_OP_or, DW_OP_stack_value] $r1
	.loc	1 43 12 is_stmt 1               @ ../../../../Library/StdDriver/src/gpio.c:43:12
	lsls	r4, r5, #26
	bpl	.LBB0_14
.Ltmp15:
@ %bb.13:                               @   in Loop: Header=BB0_2 Depth=1
	@DEBUG_VALUE: GPIO_SetMode:u32Idx <- [DW_OP_constu 5, DW_OP_or, DW_OP_stack_value] $r1
	@DEBUG_VALUE: GPIO_SetMode:u32PinMask <- [$sp+0]
	@DEBUG_VALUE: GPIO_SetMode:u32Mode <- $r2
	@DEBUG_VALUE: GPIO_SetMode:port <- $r0
	@DEBUG_VALUE: GPIO_SetMode:u32Idx <- [DW_OP_constu 5, DW_OP_or, DW_OP_stack_value] $r1
	.loc	1 45 48                         @ ../../../../Library/StdDriver/src/gpio.c:45:48
	mov	r4, r3
	adds	r4, #10
	.loc	1 45 78 is_stmt 0               @ ../../../../Library/StdDriver/src/gpio.c:45:78
	mov	r6, r2
	lsls	r6, r4
	.loc	1 45 48                         @ ../../../../Library/StdDriver/src/gpio.c:45:48
	movw	r4, #3072
	lsls	r4, r3
	.loc	1 45 33                         @ ../../../../Library/StdDriver/src/gpio.c:45:33
	ldr	r7, [r0]
	.loc	1 45 38                         @ ../../../../Library/StdDriver/src/gpio.c:45:38
	bics	r7, r4
	.loc	1 45 67                         @ ../../../../Library/StdDriver/src/gpio.c:45:67
	orrs	r7, r6
	.loc	1 45 24                         @ ../../../../Library/StdDriver/src/gpio.c:45:24
	str	r7, [r0]
.Ltmp16:
.LBB0_14:                               @   in Loop: Header=BB0_2 Depth=1
	@DEBUG_VALUE: GPIO_SetMode:u32Idx <- [DW_OP_constu 5, DW_OP_or, DW_OP_stack_value] $r1
	@DEBUG_VALUE: GPIO_SetMode:u32PinMask <- [$sp+0]
	@DEBUG_VALUE: GPIO_SetMode:u32Mode <- $r2
	@DEBUG_VALUE: GPIO_SetMode:port <- $r0
	@DEBUG_VALUE: GPIO_SetMode:u32Idx <- [DW_OP_constu 6, DW_OP_or, DW_OP_stack_value] $r1
	.loc	1 43 12 is_stmt 1               @ ../../../../Library/StdDriver/src/gpio.c:43:12
	lsls	r4, r5, #25
	bpl	.LBB0_16
.Ltmp17:
@ %bb.15:                               @   in Loop: Header=BB0_2 Depth=1
	@DEBUG_VALUE: GPIO_SetMode:u32Idx <- [DW_OP_constu 6, DW_OP_or, DW_OP_stack_value] $r1
	@DEBUG_VALUE: GPIO_SetMode:u32PinMask <- [$sp+0]
	@DEBUG_VALUE: GPIO_SetMode:u32Mode <- $r2
	@DEBUG_VALUE: GPIO_SetMode:port <- $r0
	@DEBUG_VALUE: GPIO_SetMode:u32Idx <- [DW_OP_constu 6, DW_OP_or, DW_OP_stack_value] $r1
	.loc	1 45 48                         @ ../../../../Library/StdDriver/src/gpio.c:45:48
	mov	r4, r3
	adds	r4, #12
	.loc	1 45 78 is_stmt 0               @ ../../../../Library/StdDriver/src/gpio.c:45:78
	mov	r6, r2
	lsls	r6, r4
	.loc	1 45 48                         @ ../../../../Library/StdDriver/src/gpio.c:45:48
	movw	r4, #12288
	lsls	r4, r3
	.loc	1 45 33                         @ ../../../../Library/StdDriver/src/gpio.c:45:33
	ldr	r7, [r0]
	.loc	1 45 38                         @ ../../../../Library/StdDriver/src/gpio.c:45:38
	bics	r7, r4
	.loc	1 45 67                         @ ../../../../Library/StdDriver/src/gpio.c:45:67
	orrs	r7, r6
	.loc	1 45 24                         @ ../../../../Library/StdDriver/src/gpio.c:45:24
	str	r7, [r0]
.Ltmp18:
.LBB0_16:                               @   in Loop: Header=BB0_2 Depth=1
	@DEBUG_VALUE: GPIO_SetMode:u32Idx <- [DW_OP_constu 6, DW_OP_or, DW_OP_stack_value] $r1
	@DEBUG_VALUE: GPIO_SetMode:u32PinMask <- [$sp+0]
	@DEBUG_VALUE: GPIO_SetMode:u32Mode <- $r2
	@DEBUG_VALUE: GPIO_SetMode:port <- $r0
	@DEBUG_VALUE: GPIO_SetMode:u32Idx <- [DW_OP_constu 7, DW_OP_or, DW_OP_stack_value] $r1
	.loc	1 43 12 is_stmt 1               @ ../../../../Library/StdDriver/src/gpio.c:43:12
	lsls	r4, r5, #24
	bpl	.LBB0_1
.Ltmp19:
@ %bb.17:                               @   in Loop: Header=BB0_2 Depth=1
	@DEBUG_VALUE: GPIO_SetMode:u32Idx <- [DW_OP_constu 7, DW_OP_or, DW_OP_stack_value] $r1
	@DEBUG_VALUE: GPIO_SetMode:u32PinMask <- [$sp+0]
	@DEBUG_VALUE: GPIO_SetMode:u32Mode <- $r2
	@DEBUG_VALUE: GPIO_SetMode:port <- $r0
	@DEBUG_VALUE: GPIO_SetMode:u32Idx <- [DW_OP_constu 7, DW_OP_or, DW_OP_stack_value] $r1
	.loc	1 45 48                         @ ../../../../Library/StdDriver/src/gpio.c:45:48
	mov	r4, r3
	adds	r4, #14
	.loc	1 45 78 is_stmt 0               @ ../../../../Library/StdDriver/src/gpio.c:45:78
	mov	r5, r2
	lsls	r5, r4
	.loc	1 45 48                         @ ../../../../Library/StdDriver/src/gpio.c:45:48
	movw	r4, #49152
	lsls	r4, r3
	.loc	1 45 33                         @ ../../../../Library/StdDriver/src/gpio.c:45:33
	ldr	r6, [r0]
	.loc	1 45 38                         @ ../../../../Library/StdDriver/src/gpio.c:45:38
	bics	r6, r4
	.loc	1 45 67                         @ ../../../../Library/StdDriver/src/gpio.c:45:67
	orrs	r6, r5
	.loc	1 45 24                         @ ../../../../Library/StdDriver/src/gpio.c:45:24
	str	r6, [r0]
	b	.LBB0_1
.Ltmp20:
.LBB0_18:
	@DEBUG_VALUE: GPIO_SetMode:u32Idx <- $r1
	@DEBUG_VALUE: GPIO_SetMode:u32PinMask <- [$sp+0]
	@DEBUG_VALUE: GPIO_SetMode:u32Mode <- $r2
	@DEBUG_VALUE: GPIO_SetMode:port <- $r0
	.loc	1 48 1 epilogue_begin is_stmt 1 @ ../../../../Library/StdDriver/src/gpio.c:48:1
	add	sp, #4
	pop	{r4, r5, r6, r7, pc}
.Ltmp21:
.Lfunc_end0:
	.size	GPIO_SetMode, .Lfunc_end0-GPIO_SetMode
	.cfi_endproc
	.cantunwind
	.fnend
                                        @ -- End function
	.hidden	GPIO_EnableInt                  @ -- Begin function GPIO_EnableInt
	.globl	GPIO_EnableInt
	.p2align	2
	.type	GPIO_EnableInt,%function
	.code	16                              @ @GPIO_EnableInt
	.thumb_func
GPIO_EnableInt:
.Lfunc_begin1:
	.loc	1 65 0                          @ ../../../../Library/StdDriver/src/gpio.c:65:0
	.fnstart
	.cfi_startproc
@ %bb.0:
	@DEBUG_VALUE: GPIO_EnableInt:port <- $r0
	@DEBUG_VALUE: GPIO_EnableInt:u32Pin <- $r1
	@DEBUG_VALUE: GPIO_EnableInt:u32IntAttribs <- $r2
	.save	{r4, r5, r7, lr}
	push	{r4, r5, r7, lr}
	.cfi_def_cfa_offset 16
	.cfi_offset lr, -4
	.cfi_offset r7, -8
	.cfi_offset r5, -12
	.cfi_offset r4, -16
.Ltmp22:
	.loc	1 67 75 prologue_end            @ ../../../../Library/StdDriver/src/gpio.c:67:75
	lsrs	r3, r2, #24
	.loc	1 67 92 is_stmt 0               @ ../../../../Library/StdDriver/src/gpio.c:67:92
	lsls	r3, r1
	movs	r4, #1
	.loc	1 67 44                         @ ../../../../Library/StdDriver/src/gpio.c:67:44
	lsls	r4, r1
	.loc	1 67 28                         @ ../../../../Library/StdDriver/src/gpio.c:67:28
	ldr	r5, [r0, #24]
	.loc	1 67 36                         @ ../../../../Library/StdDriver/src/gpio.c:67:36
	bics	r5, r4
	.loc	1 67 56                         @ ../../../../Library/StdDriver/src/gpio.c:67:56
	orrs	r5, r3
	.loc	1 67 19                         @ ../../../../Library/StdDriver/src/gpio.c:67:19
	str	r5, [r0, #24]
	movs	r3, #255
	lsls	r3, r3, #24
	.loc	1 70 79 is_stmt 1               @ ../../../../Library/StdDriver/src/gpio.c:70:79
	bics	r2, r3
.Ltmp23:
	@DEBUG_VALUE: GPIO_EnableInt:u32IntAttribs <- [DW_OP_LLVM_entry_value 1] $r2
	.loc	1 70 93 is_stmt 0               @ ../../../../Library/StdDriver/src/gpio.c:70:93
	lsls	r2, r1
	ldr	r3, __arm_cp.1_0
	.loc	1 70 49                         @ ../../../../Library/StdDriver/src/gpio.c:70:49
	lsls	r3, r1
	.loc	1 70 26                         @ ../../../../Library/StdDriver/src/gpio.c:70:26
	ldr	r1, [r0, #28]
.Ltmp24:
	@DEBUG_VALUE: GPIO_EnableInt:u32Pin <- [DW_OP_LLVM_entry_value 1] $r1
	.loc	1 70 32                         @ ../../../../Library/StdDriver/src/gpio.c:70:32
	bics	r1, r3
	.loc	1 70 61                         @ ../../../../Library/StdDriver/src/gpio.c:70:61
	orrs	r1, r2
	.loc	1 70 17                         @ ../../../../Library/StdDriver/src/gpio.c:70:17
	str	r1, [r0, #28]
	.loc	1 71 1 epilogue_begin is_stmt 1 @ ../../../../Library/StdDriver/src/gpio.c:71:1
	pop	{r4, r5, r7, pc}
.Ltmp25:
	.loc	1 0 1 is_stmt 0                 @ :0:1
.Ltmp26:
	.p2align	2
@ %bb.1:
__arm_cp.1_0:
	.long	65537                           @ 0x10001
.Lcpi_end0:
	.size	__arm_cp.1_0, .Lcpi_end0-__arm_cp.1_0
.Lfunc_end1:
	.size	GPIO_EnableInt, .Lfunc_end1-GPIO_EnableInt
	.cfi_endproc
	.cantunwind
	.fnend
                                        @ -- End function
	.hidden	GPIO_DisableInt                 @ -- Begin function GPIO_DisableInt
	.globl	GPIO_DisableInt
	.p2align	2
	.type	GPIO_DisableInt,%function
	.code	16                              @ @GPIO_DisableInt
	.thumb_func
GPIO_DisableInt:
.Lfunc_begin2:
	.loc	1 82 0 is_stmt 1                @ ../../../../Library/StdDriver/src/gpio.c:82:0
	.fnstart
	.cfi_startproc
@ %bb.0:
	@DEBUG_VALUE: GPIO_DisableInt:port <- $r0
	@DEBUG_VALUE: GPIO_DisableInt:u32Pin <- $r1
	movs	r2, #1
.Ltmp27:
	.loc	1 84 28 prologue_end            @ ../../../../Library/StdDriver/src/gpio.c:84:28
	lsls	r2, r1
	.loc	1 84 19 is_stmt 0               @ ../../../../Library/StdDriver/src/gpio.c:84:19
	ldr	r3, [r0, #24]
	bics	r3, r2
	str	r3, [r0, #24]
	ldr	r2, __arm_cp.2_0
	.loc	1 87 37 is_stmt 1               @ ../../../../Library/StdDriver/src/gpio.c:87:37
	lsls	r2, r1
	.loc	1 87 17 is_stmt 0               @ ../../../../Library/StdDriver/src/gpio.c:87:17
	ldr	r1, [r0, #28]
.Ltmp28:
	@DEBUG_VALUE: GPIO_DisableInt:u32Pin <- [DW_OP_LLVM_entry_value 1] $r1
	bics	r1, r2
	str	r1, [r0, #28]
	.loc	1 88 1 is_stmt 1                @ ../../../../Library/StdDriver/src/gpio.c:88:1
	bx	lr
.Ltmp29:
	.loc	1 0 1 is_stmt 0                 @ :0:1
.Ltmp30:
	.p2align	2
@ %bb.1:
__arm_cp.2_0:
	.long	65537                           @ 0x10001
.Lcpi_end1:
	.size	__arm_cp.2_0, .Lcpi_end1-__arm_cp.2_0
.Lfunc_end2:
	.size	GPIO_DisableInt, .Lfunc_end2-GPIO_DisableInt
	.cfi_endproc
	.cantunwind
	.fnend
                                        @ -- End function
	.hidden	GPIO_SetSlewCtl                 @ -- Begin function GPIO_SetSlewCtl
	.globl	GPIO_SetSlewCtl
	.p2align	1
	.type	GPIO_SetSlewCtl,%function
	.code	16                              @ @GPIO_SetSlewCtl
	.thumb_func
GPIO_SetSlewCtl:
.Lfunc_begin3:
	.loc	1 103 0 is_stmt 1               @ ../../../../Library/StdDriver/src/gpio.c:103:0
	.fnstart
	.cfi_startproc
@ %bb.0:
	@DEBUG_VALUE: GPIO_SetSlewCtl:port <- $r0
	@DEBUG_VALUE: GPIO_SetSlewCtl:u32PinMask <- $r1
	@DEBUG_VALUE: GPIO_SetSlewCtl:u32Mode <- $r2
	.save	{r4, r5, r6, r7, lr}
	push	{r4, r5, r6, r7, lr}
	.cfi_def_cfa_offset 20
	.cfi_offset lr, -4
	.cfi_offset r7, -8
	.cfi_offset r6, -12
	.cfi_offset r5, -16
	.cfi_offset r4, -20
	.pad	#4
	sub	sp, #4
	.cfi_def_cfa_offset 24
	str	r1, [sp]                        @ 4-byte Spill
.Ltmp31:
	@DEBUG_VALUE: GPIO_SetSlewCtl:u32PinMask <- [$sp+0]
	movs	r3, #0
.Ltmp32:
	@DEBUG_VALUE: GPIO_SetSlewCtl:u32Idx <- 0
	mov	r1, r3
	b	.LBB3_2
.Ltmp33:
.LBB3_1:                                @   in Loop: Header=BB3_2 Depth=1
	@DEBUG_VALUE: GPIO_SetSlewCtl:u32Idx <- [DW_OP_constu 7, DW_OP_or, DW_OP_stack_value] $r1
	@DEBUG_VALUE: GPIO_SetSlewCtl:u32PinMask <- [$sp+0]
	@DEBUG_VALUE: GPIO_SetSlewCtl:u32Mode <- $r2
	@DEBUG_VALUE: GPIO_SetSlewCtl:port <- $r0
	.loc	1 106 30 prologue_end           @ ../../../../Library/StdDriver/src/gpio.c:106:30
	adds	r3, #16
	.loc	1 106 52 is_stmt 0              @ ../../../../Library/StdDriver/src/gpio.c:106:52
	adds	r1, #8
.Ltmp34:
	@DEBUG_VALUE: GPIO_SetSlewCtl:u32Idx <- $r1
	.loc	1 106 5                         @ ../../../../Library/StdDriver/src/gpio.c:106:5
	cmp	r3, #32
	beq	.LBB3_18
.Ltmp35:
.LBB3_2:                                @ =>This Inner Loop Header: Depth=1
	@DEBUG_VALUE: GPIO_SetSlewCtl:u32PinMask <- [$sp+0]
	@DEBUG_VALUE: GPIO_SetSlewCtl:u32Mode <- $r2
	@DEBUG_VALUE: GPIO_SetSlewCtl:port <- $r0
	@DEBUG_VALUE: GPIO_SetSlewCtl:u32Idx <- $r1
	.loc	1 108 12 is_stmt 1              @ ../../../../Library/StdDriver/src/gpio.c:108:12
	ldr	r5, [sp]                        @ 4-byte Reload
	lsrs	r5, r1
	lsls	r6, r5, #31
	beq	.LBB3_4
.Ltmp36:
@ %bb.3:                                @   in Loop: Header=BB3_2 Depth=1
	@DEBUG_VALUE: GPIO_SetSlewCtl:u32Idx <- $r1
	@DEBUG_VALUE: GPIO_SetSlewCtl:u32PinMask <- [$sp+0]
	@DEBUG_VALUE: GPIO_SetSlewCtl:u32Mode <- $r2
	@DEBUG_VALUE: GPIO_SetSlewCtl:port <- $r0
	.loc	1 110 84                        @ ../../../../Library/StdDriver/src/gpio.c:110:84
	mov	r6, r2
	lsls	r6, r3
	movs	r7, #3
	.loc	1 110 54 is_stmt 0              @ ../../../../Library/StdDriver/src/gpio.c:110:54
	lsls	r7, r3
	.loc	1 110 36                        @ ../../../../Library/StdDriver/src/gpio.c:110:36
	ldr	r4, [r0, #40]
	.loc	1 110 44                        @ ../../../../Library/StdDriver/src/gpio.c:110:44
	bics	r4, r7
	.loc	1 110 73                        @ ../../../../Library/StdDriver/src/gpio.c:110:73
	orrs	r4, r6
	.loc	1 110 27                        @ ../../../../Library/StdDriver/src/gpio.c:110:27
	str	r4, [r0, #40]
.Ltmp37:
.LBB3_4:                                @   in Loop: Header=BB3_2 Depth=1
	@DEBUG_VALUE: GPIO_SetSlewCtl:u32Idx <- $r1
	@DEBUG_VALUE: GPIO_SetSlewCtl:u32PinMask <- [$sp+0]
	@DEBUG_VALUE: GPIO_SetSlewCtl:u32Mode <- $r2
	@DEBUG_VALUE: GPIO_SetSlewCtl:port <- $r0
	@DEBUG_VALUE: GPIO_SetSlewCtl:u32Idx <- [DW_OP_constu 1, DW_OP_or, DW_OP_stack_value] $r1
	.loc	1 108 12 is_stmt 1              @ ../../../../Library/StdDriver/src/gpio.c:108:12
	lsls	r4, r5, #30
	bpl	.LBB3_6
.Ltmp38:
@ %bb.5:                                @   in Loop: Header=BB3_2 Depth=1
	@DEBUG_VALUE: GPIO_SetSlewCtl:u32Idx <- [DW_OP_constu 1, DW_OP_or, DW_OP_stack_value] $r1
	@DEBUG_VALUE: GPIO_SetSlewCtl:u32PinMask <- [$sp+0]
	@DEBUG_VALUE: GPIO_SetSlewCtl:u32Mode <- $r2
	@DEBUG_VALUE: GPIO_SetSlewCtl:port <- $r0
	@DEBUG_VALUE: GPIO_SetSlewCtl:u32Idx <- [DW_OP_constu 1, DW_OP_or, DW_OP_stack_value] $r1
	.loc	1 110 54                        @ ../../../../Library/StdDriver/src/gpio.c:110:54
	adds	r4, r3, #2
	.loc	1 110 84 is_stmt 0              @ ../../../../Library/StdDriver/src/gpio.c:110:84
	mov	r6, r2
	lsls	r6, r4
	movs	r4, #12
	.loc	1 110 54                        @ ../../../../Library/StdDriver/src/gpio.c:110:54
	lsls	r4, r3
	.loc	1 110 36                        @ ../../../../Library/StdDriver/src/gpio.c:110:36
	ldr	r7, [r0, #40]
	.loc	1 110 44                        @ ../../../../Library/StdDriver/src/gpio.c:110:44
	bics	r7, r4
	.loc	1 110 73                        @ ../../../../Library/StdDriver/src/gpio.c:110:73
	orrs	r7, r6
	.loc	1 110 27                        @ ../../../../Library/StdDriver/src/gpio.c:110:27
	str	r7, [r0, #40]
.Ltmp39:
.LBB3_6:                                @   in Loop: Header=BB3_2 Depth=1
	@DEBUG_VALUE: GPIO_SetSlewCtl:u32Idx <- [DW_OP_constu 1, DW_OP_or, DW_OP_stack_value] $r1
	@DEBUG_VALUE: GPIO_SetSlewCtl:u32PinMask <- [$sp+0]
	@DEBUG_VALUE: GPIO_SetSlewCtl:u32Mode <- $r2
	@DEBUG_VALUE: GPIO_SetSlewCtl:port <- $r0
	@DEBUG_VALUE: GPIO_SetSlewCtl:u32Idx <- [DW_OP_constu 2, DW_OP_or, DW_OP_stack_value] $r1
	.loc	1 108 12 is_stmt 1              @ ../../../../Library/StdDriver/src/gpio.c:108:12
	lsls	r4, r5, #29
	bpl	.LBB3_8
.Ltmp40:
@ %bb.7:                                @   in Loop: Header=BB3_2 Depth=1
	@DEBUG_VALUE: GPIO_SetSlewCtl:u32Idx <- [DW_OP_constu 2, DW_OP_or, DW_OP_stack_value] $r1
	@DEBUG_VALUE: GPIO_SetSlewCtl:u32PinMask <- [$sp+0]
	@DEBUG_VALUE: GPIO_SetSlewCtl:u32Mode <- $r2
	@DEBUG_VALUE: GPIO_SetSlewCtl:port <- $r0
	@DEBUG_VALUE: GPIO_SetSlewCtl:u32Idx <- [DW_OP_constu 2, DW_OP_or, DW_OP_stack_value] $r1
	.loc	1 110 54                        @ ../../../../Library/StdDriver/src/gpio.c:110:54
	adds	r4, r3, #4
	.loc	1 110 84 is_stmt 0              @ ../../../../Library/StdDriver/src/gpio.c:110:84
	mov	r6, r2
	lsls	r6, r4
	movs	r4, #48
	.loc	1 110 54                        @ ../../../../Library/StdDriver/src/gpio.c:110:54
	lsls	r4, r3
	.loc	1 110 36                        @ ../../../../Library/StdDriver/src/gpio.c:110:36
	ldr	r7, [r0, #40]
	.loc	1 110 44                        @ ../../../../Library/StdDriver/src/gpio.c:110:44
	bics	r7, r4
	.loc	1 110 73                        @ ../../../../Library/StdDriver/src/gpio.c:110:73
	orrs	r7, r6
	.loc	1 110 27                        @ ../../../../Library/StdDriver/src/gpio.c:110:27
	str	r7, [r0, #40]
.Ltmp41:
.LBB3_8:                                @   in Loop: Header=BB3_2 Depth=1
	@DEBUG_VALUE: GPIO_SetSlewCtl:u32Idx <- [DW_OP_constu 2, DW_OP_or, DW_OP_stack_value] $r1
	@DEBUG_VALUE: GPIO_SetSlewCtl:u32PinMask <- [$sp+0]
	@DEBUG_VALUE: GPIO_SetSlewCtl:u32Mode <- $r2
	@DEBUG_VALUE: GPIO_SetSlewCtl:port <- $r0
	@DEBUG_VALUE: GPIO_SetSlewCtl:u32Idx <- [DW_OP_constu 3, DW_OP_or, DW_OP_stack_value] $r1
	.loc	1 108 12 is_stmt 1              @ ../../../../Library/StdDriver/src/gpio.c:108:12
	lsls	r4, r5, #28
	bpl	.LBB3_10
.Ltmp42:
@ %bb.9:                                @   in Loop: Header=BB3_2 Depth=1
	@DEBUG_VALUE: GPIO_SetSlewCtl:u32Idx <- [DW_OP_constu 3, DW_OP_or, DW_OP_stack_value] $r1
	@DEBUG_VALUE: GPIO_SetSlewCtl:u32PinMask <- [$sp+0]
	@DEBUG_VALUE: GPIO_SetSlewCtl:u32Mode <- $r2
	@DEBUG_VALUE: GPIO_SetSlewCtl:port <- $r0
	@DEBUG_VALUE: GPIO_SetSlewCtl:u32Idx <- [DW_OP_constu 3, DW_OP_or, DW_OP_stack_value] $r1
	.loc	1 110 54                        @ ../../../../Library/StdDriver/src/gpio.c:110:54
	adds	r4, r3, #6
	.loc	1 110 84 is_stmt 0              @ ../../../../Library/StdDriver/src/gpio.c:110:84
	mov	r6, r2
	lsls	r6, r4
	movs	r4, #192
	.loc	1 110 54                        @ ../../../../Library/StdDriver/src/gpio.c:110:54
	lsls	r4, r3
	.loc	1 110 36                        @ ../../../../Library/StdDriver/src/gpio.c:110:36
	ldr	r7, [r0, #40]
	.loc	1 110 44                        @ ../../../../Library/StdDriver/src/gpio.c:110:44
	bics	r7, r4
	.loc	1 110 73                        @ ../../../../Library/StdDriver/src/gpio.c:110:73
	orrs	r7, r6
	.loc	1 110 27                        @ ../../../../Library/StdDriver/src/gpio.c:110:27
	str	r7, [r0, #40]
.Ltmp43:
.LBB3_10:                               @   in Loop: Header=BB3_2 Depth=1
	@DEBUG_VALUE: GPIO_SetSlewCtl:u32Idx <- [DW_OP_constu 3, DW_OP_or, DW_OP_stack_value] $r1
	@DEBUG_VALUE: GPIO_SetSlewCtl:u32PinMask <- [$sp+0]
	@DEBUG_VALUE: GPIO_SetSlewCtl:u32Mode <- $r2
	@DEBUG_VALUE: GPIO_SetSlewCtl:port <- $r0
	@DEBUG_VALUE: GPIO_SetSlewCtl:u32Idx <- [DW_OP_constu 4, DW_OP_or, DW_OP_stack_value] $r1
	.loc	1 108 12 is_stmt 1              @ ../../../../Library/StdDriver/src/gpio.c:108:12
	lsls	r4, r5, #27
	bpl	.LBB3_12
.Ltmp44:
@ %bb.11:                               @   in Loop: Header=BB3_2 Depth=1
	@DEBUG_VALUE: GPIO_SetSlewCtl:u32Idx <- [DW_OP_constu 4, DW_OP_or, DW_OP_stack_value] $r1
	@DEBUG_VALUE: GPIO_SetSlewCtl:u32PinMask <- [$sp+0]
	@DEBUG_VALUE: GPIO_SetSlewCtl:u32Mode <- $r2
	@DEBUG_VALUE: GPIO_SetSlewCtl:port <- $r0
	@DEBUG_VALUE: GPIO_SetSlewCtl:u32Idx <- [DW_OP_constu 4, DW_OP_or, DW_OP_stack_value] $r1
	.loc	1 110 54                        @ ../../../../Library/StdDriver/src/gpio.c:110:54
	mov	r4, r3
	adds	r4, #8
	.loc	1 110 84 is_stmt 0              @ ../../../../Library/StdDriver/src/gpio.c:110:84
	mov	r6, r2
	lsls	r6, r4
	.loc	1 110 54                        @ ../../../../Library/StdDriver/src/gpio.c:110:54
	movw	r4, #768
	lsls	r4, r3
	.loc	1 110 36                        @ ../../../../Library/StdDriver/src/gpio.c:110:36
	ldr	r7, [r0, #40]
	.loc	1 110 44                        @ ../../../../Library/StdDriver/src/gpio.c:110:44
	bics	r7, r4
	.loc	1 110 73                        @ ../../../../Library/StdDriver/src/gpio.c:110:73
	orrs	r7, r6
	.loc	1 110 27                        @ ../../../../Library/StdDriver/src/gpio.c:110:27
	str	r7, [r0, #40]
.Ltmp45:
.LBB3_12:                               @   in Loop: Header=BB3_2 Depth=1
	@DEBUG_VALUE: GPIO_SetSlewCtl:u32Idx <- [DW_OP_constu 4, DW_OP_or, DW_OP_stack_value] $r1
	@DEBUG_VALUE: GPIO_SetSlewCtl:u32PinMask <- [$sp+0]
	@DEBUG_VALUE: GPIO_SetSlewCtl:u32Mode <- $r2
	@DEBUG_VALUE: GPIO_SetSlewCtl:port <- $r0
	@DEBUG_VALUE: GPIO_SetSlewCtl:u32Idx <- [DW_OP_constu 5, DW_OP_or, DW_OP_stack_value] $r1
	.loc	1 108 12 is_stmt 1              @ ../../../../Library/StdDriver/src/gpio.c:108:12
	lsls	r4, r5, #26
	bpl	.LBB3_14
.Ltmp46:
@ %bb.13:                               @   in Loop: Header=BB3_2 Depth=1
	@DEBUG_VALUE: GPIO_SetSlewCtl:u32Idx <- [DW_OP_constu 5, DW_OP_or, DW_OP_stack_value] $r1
	@DEBUG_VALUE: GPIO_SetSlewCtl:u32PinMask <- [$sp+0]
	@DEBUG_VALUE: GPIO_SetSlewCtl:u32Mode <- $r2
	@DEBUG_VALUE: GPIO_SetSlewCtl:port <- $r0
	@DEBUG_VALUE: GPIO_SetSlewCtl:u32Idx <- [DW_OP_constu 5, DW_OP_or, DW_OP_stack_value] $r1
	.loc	1 110 54                        @ ../../../../Library/StdDriver/src/gpio.c:110:54
	mov	r4, r3
	adds	r4, #10
	.loc	1 110 84 is_stmt 0              @ ../../../../Library/StdDriver/src/gpio.c:110:84
	mov	r6, r2
	lsls	r6, r4
	.loc	1 110 54                        @ ../../../../Library/StdDriver/src/gpio.c:110:54
	movw	r4, #3072
	lsls	r4, r3
	.loc	1 110 36                        @ ../../../../Library/StdDriver/src/gpio.c:110:36
	ldr	r7, [r0, #40]
	.loc	1 110 44                        @ ../../../../Library/StdDriver/src/gpio.c:110:44
	bics	r7, r4
	.loc	1 110 73                        @ ../../../../Library/StdDriver/src/gpio.c:110:73
	orrs	r7, r6
	.loc	1 110 27                        @ ../../../../Library/StdDriver/src/gpio.c:110:27
	str	r7, [r0, #40]
.Ltmp47:
.LBB3_14:                               @   in Loop: Header=BB3_2 Depth=1
	@DEBUG_VALUE: GPIO_SetSlewCtl:u32Idx <- [DW_OP_constu 5, DW_OP_or, DW_OP_stack_value] $r1
	@DEBUG_VALUE: GPIO_SetSlewCtl:u32PinMask <- [$sp+0]
	@DEBUG_VALUE: GPIO_SetSlewCtl:u32Mode <- $r2
	@DEBUG_VALUE: GPIO_SetSlewCtl:port <- $r0
	@DEBUG_VALUE: GPIO_SetSlewCtl:u32Idx <- [DW_OP_constu 6, DW_OP_or, DW_OP_stack_value] $r1
	.loc	1 108 12 is_stmt 1              @ ../../../../Library/StdDriver/src/gpio.c:108:12
	lsls	r4, r5, #25
	bpl	.LBB3_16
.Ltmp48:
@ %bb.15:                               @   in Loop: Header=BB3_2 Depth=1
	@DEBUG_VALUE: GPIO_SetSlewCtl:u32Idx <- [DW_OP_constu 6, DW_OP_or, DW_OP_stack_value] $r1
	@DEBUG_VALUE: GPIO_SetSlewCtl:u32PinMask <- [$sp+0]
	@DEBUG_VALUE: GPIO_SetSlewCtl:u32Mode <- $r2
	@DEBUG_VALUE: GPIO_SetSlewCtl:port <- $r0
	@DEBUG_VALUE: GPIO_SetSlewCtl:u32Idx <- [DW_OP_constu 6, DW_OP_or, DW_OP_stack_value] $r1
	.loc	1 110 54                        @ ../../../../Library/StdDriver/src/gpio.c:110:54
	mov	r4, r3
	adds	r4, #12
	.loc	1 110 84 is_stmt 0              @ ../../../../Library/StdDriver/src/gpio.c:110:84
	mov	r6, r2
	lsls	r6, r4
	.loc	1 110 54                        @ ../../../../Library/StdDriver/src/gpio.c:110:54
	movw	r4, #12288
	lsls	r4, r3
	.loc	1 110 36                        @ ../../../../Library/StdDriver/src/gpio.c:110:36
	ldr	r7, [r0, #40]
	.loc	1 110 44                        @ ../../../../Library/StdDriver/src/gpio.c:110:44
	bics	r7, r4
	.loc	1 110 73                        @ ../../../../Library/StdDriver/src/gpio.c:110:73
	orrs	r7, r6
	.loc	1 110 27                        @ ../../../../Library/StdDriver/src/gpio.c:110:27
	str	r7, [r0, #40]
.Ltmp49:
.LBB3_16:                               @   in Loop: Header=BB3_2 Depth=1
	@DEBUG_VALUE: GPIO_SetSlewCtl:u32Idx <- [DW_OP_constu 6, DW_OP_or, DW_OP_stack_value] $r1
	@DEBUG_VALUE: GPIO_SetSlewCtl:u32PinMask <- [$sp+0]
	@DEBUG_VALUE: GPIO_SetSlewCtl:u32Mode <- $r2
	@DEBUG_VALUE: GPIO_SetSlewCtl:port <- $r0
	@DEBUG_VALUE: GPIO_SetSlewCtl:u32Idx <- [DW_OP_constu 7, DW_OP_or, DW_OP_stack_value] $r1
	.loc	1 108 12 is_stmt 1              @ ../../../../Library/StdDriver/src/gpio.c:108:12
	lsls	r4, r5, #24
	bpl	.LBB3_1
.Ltmp50:
@ %bb.17:                               @   in Loop: Header=BB3_2 Depth=1
	@DEBUG_VALUE: GPIO_SetSlewCtl:u32Idx <- [DW_OP_constu 7, DW_OP_or, DW_OP_stack_value] $r1
	@DEBUG_VALUE: GPIO_SetSlewCtl:u32PinMask <- [$sp+0]
	@DEBUG_VALUE: GPIO_SetSlewCtl:u32Mode <- $r2
	@DEBUG_VALUE: GPIO_SetSlewCtl:port <- $r0
	@DEBUG_VALUE: GPIO_SetSlewCtl:u32Idx <- [DW_OP_constu 7, DW_OP_or, DW_OP_stack_value] $r1
	.loc	1 110 54                        @ ../../../../Library/StdDriver/src/gpio.c:110:54
	mov	r4, r3
	adds	r4, #14
	.loc	1 110 84 is_stmt 0              @ ../../../../Library/StdDriver/src/gpio.c:110:84
	mov	r5, r2
	lsls	r5, r4
	.loc	1 110 54                        @ ../../../../Library/StdDriver/src/gpio.c:110:54
	movw	r4, #49152
	lsls	r4, r3
	.loc	1 110 36                        @ ../../../../Library/StdDriver/src/gpio.c:110:36
	ldr	r6, [r0, #40]
	.loc	1 110 44                        @ ../../../../Library/StdDriver/src/gpio.c:110:44
	bics	r6, r4
	.loc	1 110 73                        @ ../../../../Library/StdDriver/src/gpio.c:110:73
	orrs	r6, r5
	.loc	1 110 27                        @ ../../../../Library/StdDriver/src/gpio.c:110:27
	str	r6, [r0, #40]
	b	.LBB3_1
.Ltmp51:
.LBB3_18:
	@DEBUG_VALUE: GPIO_SetSlewCtl:u32Idx <- $r1
	@DEBUG_VALUE: GPIO_SetSlewCtl:u32PinMask <- [$sp+0]
	@DEBUG_VALUE: GPIO_SetSlewCtl:u32Mode <- $r2
	@DEBUG_VALUE: GPIO_SetSlewCtl:port <- $r0
	.loc	1 113 1 epilogue_begin is_stmt 1 @ ../../../../Library/StdDriver/src/gpio.c:113:1
	add	sp, #4
	pop	{r4, r5, r6, r7, pc}
.Ltmp52:
.Lfunc_end3:
	.size	GPIO_SetSlewCtl, .Lfunc_end3-GPIO_SetSlewCtl
	.cfi_endproc
	.cantunwind
	.fnend
                                        @ -- End function
	.hidden	GPIO_SetPullCtl                 @ -- Begin function GPIO_SetPullCtl
	.globl	GPIO_SetPullCtl
	.p2align	1
	.type	GPIO_SetPullCtl,%function
	.code	16                              @ @GPIO_SetPullCtl
	.thumb_func
GPIO_SetPullCtl:
.Lfunc_begin4:
	.loc	1 128 0                         @ ../../../../Library/StdDriver/src/gpio.c:128:0
	.fnstart
	.cfi_startproc
@ %bb.0:
	@DEBUG_VALUE: GPIO_SetPullCtl:port <- $r0
	@DEBUG_VALUE: GPIO_SetPullCtl:u32PinMask <- $r1
	@DEBUG_VALUE: GPIO_SetPullCtl:u32Mode <- $r2
	.save	{r4, r5, r6, r7, lr}
	push	{r4, r5, r6, r7, lr}
	.cfi_def_cfa_offset 20
	.cfi_offset lr, -4
	.cfi_offset r7, -8
	.cfi_offset r6, -12
	.cfi_offset r5, -16
	.cfi_offset r4, -20
	.pad	#4
	sub	sp, #4
	.cfi_def_cfa_offset 24
	str	r1, [sp]                        @ 4-byte Spill
.Ltmp53:
	@DEBUG_VALUE: GPIO_SetPullCtl:u32PinMask <- [$sp+0]
	movs	r3, #0
.Ltmp54:
	@DEBUG_VALUE: GPIO_SetPullCtl:u32Idx <- 0
	mov	r1, r3
	b	.LBB4_2
.Ltmp55:
.LBB4_1:                                @   in Loop: Header=BB4_2 Depth=1
	@DEBUG_VALUE: GPIO_SetPullCtl:u32Idx <- [DW_OP_constu 7, DW_OP_or, DW_OP_stack_value] $r1
	@DEBUG_VALUE: GPIO_SetPullCtl:u32PinMask <- [$sp+0]
	@DEBUG_VALUE: GPIO_SetPullCtl:u32Mode <- $r2
	@DEBUG_VALUE: GPIO_SetPullCtl:port <- $r0
	.loc	1 131 30 prologue_end           @ ../../../../Library/StdDriver/src/gpio.c:131:30
	adds	r3, #16
	.loc	1 131 52 is_stmt 0              @ ../../../../Library/StdDriver/src/gpio.c:131:52
	adds	r1, #8
.Ltmp56:
	@DEBUG_VALUE: GPIO_SetPullCtl:u32Idx <- $r1
	.loc	1 131 5                         @ ../../../../Library/StdDriver/src/gpio.c:131:5
	cmp	r3, #32
	beq	.LBB4_18
.Ltmp57:
.LBB4_2:                                @ =>This Inner Loop Header: Depth=1
	@DEBUG_VALUE: GPIO_SetPullCtl:u32PinMask <- [$sp+0]
	@DEBUG_VALUE: GPIO_SetPullCtl:u32Mode <- $r2
	@DEBUG_VALUE: GPIO_SetPullCtl:port <- $r0
	@DEBUG_VALUE: GPIO_SetPullCtl:u32Idx <- $r1
	.loc	1 133 12 is_stmt 1              @ ../../../../Library/StdDriver/src/gpio.c:133:12
	ldr	r5, [sp]                        @ 4-byte Reload
	lsrs	r5, r1
	lsls	r6, r5, #31
	beq	.LBB4_4
.Ltmp58:
@ %bb.3:                                @   in Loop: Header=BB4_2 Depth=1
	@DEBUG_VALUE: GPIO_SetPullCtl:u32Idx <- $r1
	@DEBUG_VALUE: GPIO_SetPullCtl:u32PinMask <- [$sp+0]
	@DEBUG_VALUE: GPIO_SetPullCtl:u32Mode <- $r2
	@DEBUG_VALUE: GPIO_SetPullCtl:port <- $r0
	.loc	1 135 80                        @ ../../../../Library/StdDriver/src/gpio.c:135:80
	mov	r6, r2
	lsls	r6, r3
	movs	r7, #3
	.loc	1 135 50 is_stmt 0              @ ../../../../Library/StdDriver/src/gpio.c:135:50
	lsls	r7, r3
	.loc	1 135 34                        @ ../../../../Library/StdDriver/src/gpio.c:135:34
	ldr	r4, [r0, #48]
	.loc	1 135 40                        @ ../../../../Library/StdDriver/src/gpio.c:135:40
	bics	r4, r7
	.loc	1 135 69                        @ ../../../../Library/StdDriver/src/gpio.c:135:69
	orrs	r4, r6
	.loc	1 135 25                        @ ../../../../Library/StdDriver/src/gpio.c:135:25
	str	r4, [r0, #48]
.Ltmp59:
.LBB4_4:                                @   in Loop: Header=BB4_2 Depth=1
	@DEBUG_VALUE: GPIO_SetPullCtl:u32Idx <- $r1
	@DEBUG_VALUE: GPIO_SetPullCtl:u32PinMask <- [$sp+0]
	@DEBUG_VALUE: GPIO_SetPullCtl:u32Mode <- $r2
	@DEBUG_VALUE: GPIO_SetPullCtl:port <- $r0
	@DEBUG_VALUE: GPIO_SetPullCtl:u32Idx <- [DW_OP_constu 1, DW_OP_or, DW_OP_stack_value] $r1
	.loc	1 133 12 is_stmt 1              @ ../../../../Library/StdDriver/src/gpio.c:133:12
	lsls	r4, r5, #30
	bpl	.LBB4_6
.Ltmp60:
@ %bb.5:                                @   in Loop: Header=BB4_2 Depth=1
	@DEBUG_VALUE: GPIO_SetPullCtl:u32Idx <- [DW_OP_constu 1, DW_OP_or, DW_OP_stack_value] $r1
	@DEBUG_VALUE: GPIO_SetPullCtl:u32PinMask <- [$sp+0]
	@DEBUG_VALUE: GPIO_SetPullCtl:u32Mode <- $r2
	@DEBUG_VALUE: GPIO_SetPullCtl:port <- $r0
	@DEBUG_VALUE: GPIO_SetPullCtl:u32Idx <- [DW_OP_constu 1, DW_OP_or, DW_OP_stack_value] $r1
	.loc	1 135 50                        @ ../../../../Library/StdDriver/src/gpio.c:135:50
	adds	r4, r3, #2
	.loc	1 135 80 is_stmt 0              @ ../../../../Library/StdDriver/src/gpio.c:135:80
	mov	r6, r2
	lsls	r6, r4
	movs	r4, #12
	.loc	1 135 50                        @ ../../../../Library/StdDriver/src/gpio.c:135:50
	lsls	r4, r3
	.loc	1 135 34                        @ ../../../../Library/StdDriver/src/gpio.c:135:34
	ldr	r7, [r0, #48]
	.loc	1 135 40                        @ ../../../../Library/StdDriver/src/gpio.c:135:40
	bics	r7, r4
	.loc	1 135 69                        @ ../../../../Library/StdDriver/src/gpio.c:135:69
	orrs	r7, r6
	.loc	1 135 25                        @ ../../../../Library/StdDriver/src/gpio.c:135:25
	str	r7, [r0, #48]
.Ltmp61:
.LBB4_6:                                @   in Loop: Header=BB4_2 Depth=1
	@DEBUG_VALUE: GPIO_SetPullCtl:u32Idx <- [DW_OP_constu 1, DW_OP_or, DW_OP_stack_value] $r1
	@DEBUG_VALUE: GPIO_SetPullCtl:u32PinMask <- [$sp+0]
	@DEBUG_VALUE: GPIO_SetPullCtl:u32Mode <- $r2
	@DEBUG_VALUE: GPIO_SetPullCtl:port <- $r0
	@DEBUG_VALUE: GPIO_SetPullCtl:u32Idx <- [DW_OP_constu 2, DW_OP_or, DW_OP_stack_value] $r1
	.loc	1 133 12 is_stmt 1              @ ../../../../Library/StdDriver/src/gpio.c:133:12
	lsls	r4, r5, #29
	bpl	.LBB4_8
.Ltmp62:
@ %bb.7:                                @   in Loop: Header=BB4_2 Depth=1
	@DEBUG_VALUE: GPIO_SetPullCtl:u32Idx <- [DW_OP_constu 2, DW_OP_or, DW_OP_stack_value] $r1
	@DEBUG_VALUE: GPIO_SetPullCtl:u32PinMask <- [$sp+0]
	@DEBUG_VALUE: GPIO_SetPullCtl:u32Mode <- $r2
	@DEBUG_VALUE: GPIO_SetPullCtl:port <- $r0
	@DEBUG_VALUE: GPIO_SetPullCtl:u32Idx <- [DW_OP_constu 2, DW_OP_or, DW_OP_stack_value] $r1
	.loc	1 135 50                        @ ../../../../Library/StdDriver/src/gpio.c:135:50
	adds	r4, r3, #4
	.loc	1 135 80 is_stmt 0              @ ../../../../Library/StdDriver/src/gpio.c:135:80
	mov	r6, r2
	lsls	r6, r4
	movs	r4, #48
	.loc	1 135 50                        @ ../../../../Library/StdDriver/src/gpio.c:135:50
	lsls	r4, r3
	.loc	1 135 34                        @ ../../../../Library/StdDriver/src/gpio.c:135:34
	ldr	r7, [r0, #48]
	.loc	1 135 40                        @ ../../../../Library/StdDriver/src/gpio.c:135:40
	bics	r7, r4
	.loc	1 135 69                        @ ../../../../Library/StdDriver/src/gpio.c:135:69
	orrs	r7, r6
	.loc	1 135 25                        @ ../../../../Library/StdDriver/src/gpio.c:135:25
	str	r7, [r0, #48]
.Ltmp63:
.LBB4_8:                                @   in Loop: Header=BB4_2 Depth=1
	@DEBUG_VALUE: GPIO_SetPullCtl:u32Idx <- [DW_OP_constu 2, DW_OP_or, DW_OP_stack_value] $r1
	@DEBUG_VALUE: GPIO_SetPullCtl:u32PinMask <- [$sp+0]
	@DEBUG_VALUE: GPIO_SetPullCtl:u32Mode <- $r2
	@DEBUG_VALUE: GPIO_SetPullCtl:port <- $r0
	@DEBUG_VALUE: GPIO_SetPullCtl:u32Idx <- [DW_OP_constu 3, DW_OP_or, DW_OP_stack_value] $r1
	.loc	1 133 12 is_stmt 1              @ ../../../../Library/StdDriver/src/gpio.c:133:12
	lsls	r4, r5, #28
	bpl	.LBB4_10
.Ltmp64:
@ %bb.9:                                @   in Loop: Header=BB4_2 Depth=1
	@DEBUG_VALUE: GPIO_SetPullCtl:u32Idx <- [DW_OP_constu 3, DW_OP_or, DW_OP_stack_value] $r1
	@DEBUG_VALUE: GPIO_SetPullCtl:u32PinMask <- [$sp+0]
	@DEBUG_VALUE: GPIO_SetPullCtl:u32Mode <- $r2
	@DEBUG_VALUE: GPIO_SetPullCtl:port <- $r0
	@DEBUG_VALUE: GPIO_SetPullCtl:u32Idx <- [DW_OP_constu 3, DW_OP_or, DW_OP_stack_value] $r1
	.loc	1 135 50                        @ ../../../../Library/StdDriver/src/gpio.c:135:50
	adds	r4, r3, #6
	.loc	1 135 80 is_stmt 0              @ ../../../../Library/StdDriver/src/gpio.c:135:80
	mov	r6, r2
	lsls	r6, r4
	movs	r4, #192
	.loc	1 135 50                        @ ../../../../Library/StdDriver/src/gpio.c:135:50
	lsls	r4, r3
	.loc	1 135 34                        @ ../../../../Library/StdDriver/src/gpio.c:135:34
	ldr	r7, [r0, #48]
	.loc	1 135 40                        @ ../../../../Library/StdDriver/src/gpio.c:135:40
	bics	r7, r4
	.loc	1 135 69                        @ ../../../../Library/StdDriver/src/gpio.c:135:69
	orrs	r7, r6
	.loc	1 135 25                        @ ../../../../Library/StdDriver/src/gpio.c:135:25
	str	r7, [r0, #48]
.Ltmp65:
.LBB4_10:                               @   in Loop: Header=BB4_2 Depth=1
	@DEBUG_VALUE: GPIO_SetPullCtl:u32Idx <- [DW_OP_constu 3, DW_OP_or, DW_OP_stack_value] $r1
	@DEBUG_VALUE: GPIO_SetPullCtl:u32PinMask <- [$sp+0]
	@DEBUG_VALUE: GPIO_SetPullCtl:u32Mode <- $r2
	@DEBUG_VALUE: GPIO_SetPullCtl:port <- $r0
	@DEBUG_VALUE: GPIO_SetPullCtl:u32Idx <- [DW_OP_constu 4, DW_OP_or, DW_OP_stack_value] $r1
	.loc	1 133 12 is_stmt 1              @ ../../../../Library/StdDriver/src/gpio.c:133:12
	lsls	r4, r5, #27
	bpl	.LBB4_12
.Ltmp66:
@ %bb.11:                               @   in Loop: Header=BB4_2 Depth=1
	@DEBUG_VALUE: GPIO_SetPullCtl:u32Idx <- [DW_OP_constu 4, DW_OP_or, DW_OP_stack_value] $r1
	@DEBUG_VALUE: GPIO_SetPullCtl:u32PinMask <- [$sp+0]
	@DEBUG_VALUE: GPIO_SetPullCtl:u32Mode <- $r2
	@DEBUG_VALUE: GPIO_SetPullCtl:port <- $r0
	@DEBUG_VALUE: GPIO_SetPullCtl:u32Idx <- [DW_OP_constu 4, DW_OP_or, DW_OP_stack_value] $r1
	.loc	1 135 50                        @ ../../../../Library/StdDriver/src/gpio.c:135:50
	mov	r4, r3
	adds	r4, #8
	.loc	1 135 80 is_stmt 0              @ ../../../../Library/StdDriver/src/gpio.c:135:80
	mov	r6, r2
	lsls	r6, r4
	.loc	1 135 50                        @ ../../../../Library/StdDriver/src/gpio.c:135:50
	movw	r4, #768
	lsls	r4, r3
	.loc	1 135 34                        @ ../../../../Library/StdDriver/src/gpio.c:135:34
	ldr	r7, [r0, #48]
	.loc	1 135 40                        @ ../../../../Library/StdDriver/src/gpio.c:135:40
	bics	r7, r4
	.loc	1 135 69                        @ ../../../../Library/StdDriver/src/gpio.c:135:69
	orrs	r7, r6
	.loc	1 135 25                        @ ../../../../Library/StdDriver/src/gpio.c:135:25
	str	r7, [r0, #48]
.Ltmp67:
.LBB4_12:                               @   in Loop: Header=BB4_2 Depth=1
	@DEBUG_VALUE: GPIO_SetPullCtl:u32Idx <- [DW_OP_constu 4, DW_OP_or, DW_OP_stack_value] $r1
	@DEBUG_VALUE: GPIO_SetPullCtl:u32PinMask <- [$sp+0]
	@DEBUG_VALUE: GPIO_SetPullCtl:u32Mode <- $r2
	@DEBUG_VALUE: GPIO_SetPullCtl:port <- $r0
	@DEBUG_VALUE: GPIO_SetPullCtl:u32Idx <- [DW_OP_constu 5, DW_OP_or, DW_OP_stack_value] $r1
	.loc	1 133 12 is_stmt 1              @ ../../../../Library/StdDriver/src/gpio.c:133:12
	lsls	r4, r5, #26
	bpl	.LBB4_14
.Ltmp68:
@ %bb.13:                               @   in Loop: Header=BB4_2 Depth=1
	@DEBUG_VALUE: GPIO_SetPullCtl:u32Idx <- [DW_OP_constu 5, DW_OP_or, DW_OP_stack_value] $r1
	@DEBUG_VALUE: GPIO_SetPullCtl:u32PinMask <- [$sp+0]
	@DEBUG_VALUE: GPIO_SetPullCtl:u32Mode <- $r2
	@DEBUG_VALUE: GPIO_SetPullCtl:port <- $r0
	@DEBUG_VALUE: GPIO_SetPullCtl:u32Idx <- [DW_OP_constu 5, DW_OP_or, DW_OP_stack_value] $r1
	.loc	1 135 50                        @ ../../../../Library/StdDriver/src/gpio.c:135:50
	mov	r4, r3
	adds	r4, #10
	.loc	1 135 80 is_stmt 0              @ ../../../../Library/StdDriver/src/gpio.c:135:80
	mov	r6, r2
	lsls	r6, r4
	.loc	1 135 50                        @ ../../../../Library/StdDriver/src/gpio.c:135:50
	movw	r4, #3072
	lsls	r4, r3
	.loc	1 135 34                        @ ../../../../Library/StdDriver/src/gpio.c:135:34
	ldr	r7, [r0, #48]
	.loc	1 135 40                        @ ../../../../Library/StdDriver/src/gpio.c:135:40
	bics	r7, r4
	.loc	1 135 69                        @ ../../../../Library/StdDriver/src/gpio.c:135:69
	orrs	r7, r6
	.loc	1 135 25                        @ ../../../../Library/StdDriver/src/gpio.c:135:25
	str	r7, [r0, #48]
.Ltmp69:
.LBB4_14:                               @   in Loop: Header=BB4_2 Depth=1
	@DEBUG_VALUE: GPIO_SetPullCtl:u32Idx <- [DW_OP_constu 5, DW_OP_or, DW_OP_stack_value] $r1
	@DEBUG_VALUE: GPIO_SetPullCtl:u32PinMask <- [$sp+0]
	@DEBUG_VALUE: GPIO_SetPullCtl:u32Mode <- $r2
	@DEBUG_VALUE: GPIO_SetPullCtl:port <- $r0
	@DEBUG_VALUE: GPIO_SetPullCtl:u32Idx <- [DW_OP_constu 6, DW_OP_or, DW_OP_stack_value] $r1
	.loc	1 133 12 is_stmt 1              @ ../../../../Library/StdDriver/src/gpio.c:133:12
	lsls	r4, r5, #25
	bpl	.LBB4_16
.Ltmp70:
@ %bb.15:                               @   in Loop: Header=BB4_2 Depth=1
	@DEBUG_VALUE: GPIO_SetPullCtl:u32Idx <- [DW_OP_constu 6, DW_OP_or, DW_OP_stack_value] $r1
	@DEBUG_VALUE: GPIO_SetPullCtl:u32PinMask <- [$sp+0]
	@DEBUG_VALUE: GPIO_SetPullCtl:u32Mode <- $r2
	@DEBUG_VALUE: GPIO_SetPullCtl:port <- $r0
	@DEBUG_VALUE: GPIO_SetPullCtl:u32Idx <- [DW_OP_constu 6, DW_OP_or, DW_OP_stack_value] $r1
	.loc	1 135 50                        @ ../../../../Library/StdDriver/src/gpio.c:135:50
	mov	r4, r3
	adds	r4, #12
	.loc	1 135 80 is_stmt 0              @ ../../../../Library/StdDriver/src/gpio.c:135:80
	mov	r6, r2
	lsls	r6, r4
	.loc	1 135 50                        @ ../../../../Library/StdDriver/src/gpio.c:135:50
	movw	r4, #12288
	lsls	r4, r3
	.loc	1 135 34                        @ ../../../../Library/StdDriver/src/gpio.c:135:34
	ldr	r7, [r0, #48]
	.loc	1 135 40                        @ ../../../../Library/StdDriver/src/gpio.c:135:40
	bics	r7, r4
	.loc	1 135 69                        @ ../../../../Library/StdDriver/src/gpio.c:135:69
	orrs	r7, r6
	.loc	1 135 25                        @ ../../../../Library/StdDriver/src/gpio.c:135:25
	str	r7, [r0, #48]
.Ltmp71:
.LBB4_16:                               @   in Loop: Header=BB4_2 Depth=1
	@DEBUG_VALUE: GPIO_SetPullCtl:u32Idx <- [DW_OP_constu 6, DW_OP_or, DW_OP_stack_value] $r1
	@DEBUG_VALUE: GPIO_SetPullCtl:u32PinMask <- [$sp+0]
	@DEBUG_VALUE: GPIO_SetPullCtl:u32Mode <- $r2
	@DEBUG_VALUE: GPIO_SetPullCtl:port <- $r0
	@DEBUG_VALUE: GPIO_SetPullCtl:u32Idx <- [DW_OP_constu 7, DW_OP_or, DW_OP_stack_value] $r1
	.loc	1 133 12 is_stmt 1              @ ../../../../Library/StdDriver/src/gpio.c:133:12
	lsls	r4, r5, #24
	bpl	.LBB4_1
.Ltmp72:
@ %bb.17:                               @   in Loop: Header=BB4_2 Depth=1
	@DEBUG_VALUE: GPIO_SetPullCtl:u32Idx <- [DW_OP_constu 7, DW_OP_or, DW_OP_stack_value] $r1
	@DEBUG_VALUE: GPIO_SetPullCtl:u32PinMask <- [$sp+0]
	@DEBUG_VALUE: GPIO_SetPullCtl:u32Mode <- $r2
	@DEBUG_VALUE: GPIO_SetPullCtl:port <- $r0
	@DEBUG_VALUE: GPIO_SetPullCtl:u32Idx <- [DW_OP_constu 7, DW_OP_or, DW_OP_stack_value] $r1
	.loc	1 135 50                        @ ../../../../Library/StdDriver/src/gpio.c:135:50
	mov	r4, r3
	adds	r4, #14
	.loc	1 135 80 is_stmt 0              @ ../../../../Library/StdDriver/src/gpio.c:135:80
	mov	r5, r2
	lsls	r5, r4
	.loc	1 135 50                        @ ../../../../Library/StdDriver/src/gpio.c:135:50
	movw	r4, #49152
	lsls	r4, r3
	.loc	1 135 34                        @ ../../../../Library/StdDriver/src/gpio.c:135:34
	ldr	r6, [r0, #48]
	.loc	1 135 40                        @ ../../../../Library/StdDriver/src/gpio.c:135:40
	bics	r6, r4
	.loc	1 135 69                        @ ../../../../Library/StdDriver/src/gpio.c:135:69
	orrs	r6, r5
	.loc	1 135 25                        @ ../../../../Library/StdDriver/src/gpio.c:135:25
	str	r6, [r0, #48]
	b	.LBB4_1
.Ltmp73:
.LBB4_18:
	@DEBUG_VALUE: GPIO_SetPullCtl:u32Idx <- $r1
	@DEBUG_VALUE: GPIO_SetPullCtl:u32PinMask <- [$sp+0]
	@DEBUG_VALUE: GPIO_SetPullCtl:u32Mode <- $r2
	@DEBUG_VALUE: GPIO_SetPullCtl:port <- $r0
	.loc	1 138 1 epilogue_begin is_stmt 1 @ ../../../../Library/StdDriver/src/gpio.c:138:1
	add	sp, #4
	pop	{r4, r5, r6, r7, pc}
.Ltmp74:
.Lfunc_end4:
	.size	GPIO_SetPullCtl, .Lfunc_end4-GPIO_SetPullCtl
	.cfi_endproc
	.cantunwind
	.fnend
                                        @ -- End function
	.file	2 "C:\\Keil_v5\\ARM\\ARMCLANG\\bin\\..\\include" "stdint.h"
	.file	3 "D:\\BSP\\M2003BSP-master\\CM2003xC_CM2003xE_CM2003xG_Series\\SampleCode\\StdDriver\\GPIO_INT\\Keil" "../../../../Library/Device/Nuvoton/CM2003/Include\\gpio_reg.h"
	.section	.debug_loc,"",%progbits
.Ldebug_loc0:
	.long	.Lfunc_begin0-.Lfunc_begin0
	.long	.Ltmp0-.Lfunc_begin0
	.short	1                               @ Loc expr size
	.byte	81                              @ DW_OP_reg1
	.long	.Ltmp0-.Lfunc_begin0
	.long	.Lfunc_end0-.Lfunc_begin0
	.short	2                               @ Loc expr size
	.byte	125                             @ DW_OP_breg13
	.byte	0                               @ 0
	.long	0
	.long	0
.Ldebug_loc1:
	.long	.Ltmp1-.Lfunc_begin0
	.long	.Ltmp2-.Lfunc_begin0
	.short	2                               @ Loc expr size
	.byte	48                              @ DW_OP_lit0
	.byte	159                             @ DW_OP_stack_value
	.long	.Ltmp2-.Lfunc_begin0
	.long	.Ltmp3-.Lfunc_begin0
	.short	5                               @ Loc expr size
	.byte	113                             @ DW_OP_breg1
	.byte	0                               @ 0
	.byte	55                              @ DW_OP_lit7
	.byte	33                              @ DW_OP_or
	.byte	159                             @ DW_OP_stack_value
	.long	.Ltmp3-.Lfunc_begin0
	.long	.Ltmp6-.Lfunc_begin0
	.short	1                               @ Loc expr size
	.byte	81                              @ DW_OP_reg1
	.long	.Ltmp6-.Lfunc_begin0
	.long	.Ltmp8-.Lfunc_begin0
	.short	5                               @ Loc expr size
	.byte	113                             @ DW_OP_breg1
	.byte	0                               @ 0
	.byte	49                              @ DW_OP_lit1
	.byte	33                              @ DW_OP_or
	.byte	159                             @ DW_OP_stack_value
	.long	.Ltmp8-.Lfunc_begin0
	.long	.Ltmp10-.Lfunc_begin0
	.short	5                               @ Loc expr size
	.byte	113                             @ DW_OP_breg1
	.byte	0                               @ 0
	.byte	50                              @ DW_OP_lit2
	.byte	33                              @ DW_OP_or
	.byte	159                             @ DW_OP_stack_value
	.long	.Ltmp10-.Lfunc_begin0
	.long	.Ltmp12-.Lfunc_begin0
	.short	5                               @ Loc expr size
	.byte	113                             @ DW_OP_breg1
	.byte	0                               @ 0
	.byte	51                              @ DW_OP_lit3
	.byte	33                              @ DW_OP_or
	.byte	159                             @ DW_OP_stack_value
	.long	.Ltmp12-.Lfunc_begin0
	.long	.Ltmp14-.Lfunc_begin0
	.short	5                               @ Loc expr size
	.byte	113                             @ DW_OP_breg1
	.byte	0                               @ 0
	.byte	52                              @ DW_OP_lit4
	.byte	33                              @ DW_OP_or
	.byte	159                             @ DW_OP_stack_value
	.long	.Ltmp14-.Lfunc_begin0
	.long	.Ltmp16-.Lfunc_begin0
	.short	5                               @ Loc expr size
	.byte	113                             @ DW_OP_breg1
	.byte	0                               @ 0
	.byte	53                              @ DW_OP_lit5
	.byte	33                              @ DW_OP_or
	.byte	159                             @ DW_OP_stack_value
	.long	.Ltmp16-.Lfunc_begin0
	.long	.Ltmp18-.Lfunc_begin0
	.short	5                               @ Loc expr size
	.byte	113                             @ DW_OP_breg1
	.byte	0                               @ 0
	.byte	54                              @ DW_OP_lit6
	.byte	33                              @ DW_OP_or
	.byte	159                             @ DW_OP_stack_value
	.long	.Ltmp18-.Lfunc_begin0
	.long	.Ltmp20-.Lfunc_begin0
	.short	5                               @ Loc expr size
	.byte	113                             @ DW_OP_breg1
	.byte	0                               @ 0
	.byte	55                              @ DW_OP_lit7
	.byte	33                              @ DW_OP_or
	.byte	159                             @ DW_OP_stack_value
	.long	.Ltmp20-.Lfunc_begin0
	.long	.Lfunc_end0-.Lfunc_begin0
	.short	1                               @ Loc expr size
	.byte	81                              @ DW_OP_reg1
	.long	0
	.long	0
.Ldebug_loc2:
	.long	.Lfunc_begin1-.Lfunc_begin0
	.long	.Ltmp24-.Lfunc_begin0
	.short	1                               @ Loc expr size
	.byte	81                              @ DW_OP_reg1
	.long	.Ltmp24-.Lfunc_begin0
	.long	.Ltmp25-.Lfunc_begin0
	.short	4                               @ Loc expr size
	.byte	243                             @ DW_OP_GNU_entry_value
	.byte	1                               @ 1
	.byte	81                              @ DW_OP_reg1
	.byte	159                             @ DW_OP_stack_value
	.long	0
	.long	0
.Ldebug_loc3:
	.long	.Lfunc_begin1-.Lfunc_begin0
	.long	.Ltmp23-.Lfunc_begin0
	.short	1                               @ Loc expr size
	.byte	82                              @ DW_OP_reg2
	.long	.Ltmp23-.Lfunc_begin0
	.long	.Ltmp25-.Lfunc_begin0
	.short	4                               @ Loc expr size
	.byte	243                             @ DW_OP_GNU_entry_value
	.byte	1                               @ 1
	.byte	82                              @ DW_OP_reg2
	.byte	159                             @ DW_OP_stack_value
	.long	0
	.long	0
.Ldebug_loc4:
	.long	.Lfunc_begin2-.Lfunc_begin0
	.long	.Ltmp28-.Lfunc_begin0
	.short	1                               @ Loc expr size
	.byte	81                              @ DW_OP_reg1
	.long	.Ltmp28-.Lfunc_begin0
	.long	.Ltmp29-.Lfunc_begin0
	.short	4                               @ Loc expr size
	.byte	243                             @ DW_OP_GNU_entry_value
	.byte	1                               @ 1
	.byte	81                              @ DW_OP_reg1
	.byte	159                             @ DW_OP_stack_value
	.long	0
	.long	0
.Ldebug_loc5:
	.long	.Lfunc_begin3-.Lfunc_begin0
	.long	.Ltmp31-.Lfunc_begin0
	.short	1                               @ Loc expr size
	.byte	81                              @ DW_OP_reg1
	.long	.Ltmp31-.Lfunc_begin0
	.long	.Lfunc_end3-.Lfunc_begin0
	.short	2                               @ Loc expr size
	.byte	125                             @ DW_OP_breg13
	.byte	0                               @ 0
	.long	0
	.long	0
.Ldebug_loc6:
	.long	.Ltmp32-.Lfunc_begin0
	.long	.Ltmp33-.Lfunc_begin0
	.short	2                               @ Loc expr size
	.byte	48                              @ DW_OP_lit0
	.byte	159                             @ DW_OP_stack_value
	.long	.Ltmp33-.Lfunc_begin0
	.long	.Ltmp34-.Lfunc_begin0
	.short	5                               @ Loc expr size
	.byte	113                             @ DW_OP_breg1
	.byte	0                               @ 0
	.byte	55                              @ DW_OP_lit7
	.byte	33                              @ DW_OP_or
	.byte	159                             @ DW_OP_stack_value
	.long	.Ltmp34-.Lfunc_begin0
	.long	.Ltmp37-.Lfunc_begin0
	.short	1                               @ Loc expr size
	.byte	81                              @ DW_OP_reg1
	.long	.Ltmp37-.Lfunc_begin0
	.long	.Ltmp39-.Lfunc_begin0
	.short	5                               @ Loc expr size
	.byte	113                             @ DW_OP_breg1
	.byte	0                               @ 0
	.byte	49                              @ DW_OP_lit1
	.byte	33                              @ DW_OP_or
	.byte	159                             @ DW_OP_stack_value
	.long	.Ltmp39-.Lfunc_begin0
	.long	.Ltmp41-.Lfunc_begin0
	.short	5                               @ Loc expr size
	.byte	113                             @ DW_OP_breg1
	.byte	0                               @ 0
	.byte	50                              @ DW_OP_lit2
	.byte	33                              @ DW_OP_or
	.byte	159                             @ DW_OP_stack_value
	.long	.Ltmp41-.Lfunc_begin0
	.long	.Ltmp43-.Lfunc_begin0
	.short	5                               @ Loc expr size
	.byte	113                             @ DW_OP_breg1
	.byte	0                               @ 0
	.byte	51                              @ DW_OP_lit3
	.byte	33                              @ DW_OP_or
	.byte	159                             @ DW_OP_stack_value
	.long	.Ltmp43-.Lfunc_begin0
	.long	.Ltmp45-.Lfunc_begin0
	.short	5                               @ Loc expr size
	.byte	113                             @ DW_OP_breg1
	.byte	0                               @ 0
	.byte	52                              @ DW_OP_lit4
	.byte	33                              @ DW_OP_or
	.byte	159                             @ DW_OP_stack_value
	.long	.Ltmp45-.Lfunc_begin0
	.long	.Ltmp47-.Lfunc_begin0
	.short	5                               @ Loc expr size
	.byte	113                             @ DW_OP_breg1
	.byte	0                               @ 0
	.byte	53                              @ DW_OP_lit5
	.byte	33                              @ DW_OP_or
	.byte	159                             @ DW_OP_stack_value
	.long	.Ltmp47-.Lfunc_begin0
	.long	.Ltmp49-.Lfunc_begin0
	.short	5                               @ Loc expr size
	.byte	113                             @ DW_OP_breg1
	.byte	0                               @ 0
	.byte	54                              @ DW_OP_lit6
	.byte	33                              @ DW_OP_or
	.byte	159                             @ DW_OP_stack_value
	.long	.Ltmp49-.Lfunc_begin0
	.long	.Ltmp51-.Lfunc_begin0
	.short	5                               @ Loc expr size
	.byte	113                             @ DW_OP_breg1
	.byte	0                               @ 0
	.byte	55                              @ DW_OP_lit7
	.byte	33                              @ DW_OP_or
	.byte	159                             @ DW_OP_stack_value
	.long	.Ltmp51-.Lfunc_begin0
	.long	.Lfunc_end3-.Lfunc_begin0
	.short	1                               @ Loc expr size
	.byte	81                              @ DW_OP_reg1
	.long	0
	.long	0
.Ldebug_loc7:
	.long	.Lfunc_begin4-.Lfunc_begin0
	.long	.Ltmp53-.Lfunc_begin0
	.short	1                               @ Loc expr size
	.byte	81                              @ DW_OP_reg1
	.long	.Ltmp53-.Lfunc_begin0
	.long	.Lfunc_end4-.Lfunc_begin0
	.short	2                               @ Loc expr size
	.byte	125                             @ DW_OP_breg13
	.byte	0                               @ 0
	.long	0
	.long	0
.Ldebug_loc8:
	.long	.Ltmp54-.Lfunc_begin0
	.long	.Ltmp55-.Lfunc_begin0
	.short	2                               @ Loc expr size
	.byte	48                              @ DW_OP_lit0
	.byte	159                             @ DW_OP_stack_value
	.long	.Ltmp55-.Lfunc_begin0
	.long	.Ltmp56-.Lfunc_begin0
	.short	5                               @ Loc expr size
	.byte	113                             @ DW_OP_breg1
	.byte	0                               @ 0
	.byte	55                              @ DW_OP_lit7
	.byte	33                              @ DW_OP_or
	.byte	159                             @ DW_OP_stack_value
	.long	.Ltmp56-.Lfunc_begin0
	.long	.Ltmp59-.Lfunc_begin0
	.short	1                               @ Loc expr size
	.byte	81                              @ DW_OP_reg1
	.long	.Ltmp59-.Lfunc_begin0
	.long	.Ltmp61-.Lfunc_begin0
	.short	5                               @ Loc expr size
	.byte	113                             @ DW_OP_breg1
	.byte	0                               @ 0
	.byte	49                              @ DW_OP_lit1
	.byte	33                              @ DW_OP_or
	.byte	159                             @ DW_OP_stack_value
	.long	.Ltmp61-.Lfunc_begin0
	.long	.Ltmp63-.Lfunc_begin0
	.short	5                               @ Loc expr size
	.byte	113                             @ DW_OP_breg1
	.byte	0                               @ 0
	.byte	50                              @ DW_OP_lit2
	.byte	33                              @ DW_OP_or
	.byte	159                             @ DW_OP_stack_value
	.long	.Ltmp63-.Lfunc_begin0
	.long	.Ltmp65-.Lfunc_begin0
	.short	5                               @ Loc expr size
	.byte	113                             @ DW_OP_breg1
	.byte	0                               @ 0
	.byte	51                              @ DW_OP_lit3
	.byte	33                              @ DW_OP_or
	.byte	159                             @ DW_OP_stack_value
	.long	.Ltmp65-.Lfunc_begin0
	.long	.Ltmp67-.Lfunc_begin0
	.short	5                               @ Loc expr size
	.byte	113                             @ DW_OP_breg1
	.byte	0                               @ 0
	.byte	52                              @ DW_OP_lit4
	.byte	33                              @ DW_OP_or
	.byte	159                             @ DW_OP_stack_value
	.long	.Ltmp67-.Lfunc_begin0
	.long	.Ltmp69-.Lfunc_begin0
	.short	5                               @ Loc expr size
	.byte	113                             @ DW_OP_breg1
	.byte	0                               @ 0
	.byte	53                              @ DW_OP_lit5
	.byte	33                              @ DW_OP_or
	.byte	159                             @ DW_OP_stack_value
	.long	.Ltmp69-.Lfunc_begin0
	.long	.Ltmp71-.Lfunc_begin0
	.short	5                               @ Loc expr size
	.byte	113                             @ DW_OP_breg1
	.byte	0                               @ 0
	.byte	54                              @ DW_OP_lit6
	.byte	33                              @ DW_OP_or
	.byte	159                             @ DW_OP_stack_value
	.long	.Ltmp71-.Lfunc_begin0
	.long	.Ltmp73-.Lfunc_begin0
	.short	5                               @ Loc expr size
	.byte	113                             @ DW_OP_breg1
	.byte	0                               @ 0
	.byte	55                              @ DW_OP_lit7
	.byte	33                              @ DW_OP_or
	.byte	159                             @ DW_OP_stack_value
	.long	.Ltmp73-.Lfunc_begin0
	.long	.Lfunc_end4-.Lfunc_begin0
	.short	1                               @ Loc expr size
	.byte	81                              @ DW_OP_reg1
	.long	0
	.long	0
	.section	.debug_abbrev,"",%progbits
	.byte	1                               @ Abbreviation Code
	.byte	17                              @ DW_TAG_compile_unit
	.byte	1                               @ DW_CHILDREN_yes
	.byte	37                              @ DW_AT_producer
	.byte	14                              @ DW_FORM_strp
	.byte	19                              @ DW_AT_language
	.byte	5                               @ DW_FORM_data2
	.byte	3                               @ DW_AT_name
	.byte	14                              @ DW_FORM_strp
	.byte	16                              @ DW_AT_stmt_list
	.byte	23                              @ DW_FORM_sec_offset
	.byte	27                              @ DW_AT_comp_dir
	.byte	14                              @ DW_FORM_strp
	.byte	17                              @ DW_AT_low_pc
	.byte	1                               @ DW_FORM_addr
	.byte	18                              @ DW_AT_high_pc
	.byte	6                               @ DW_FORM_data4
	.byte	0                               @ EOM(1)
	.byte	0                               @ EOM(2)
	.byte	2                               @ Abbreviation Code
	.byte	46                              @ DW_TAG_subprogram
	.byte	1                               @ DW_CHILDREN_yes
	.byte	17                              @ DW_AT_low_pc
	.byte	1                               @ DW_FORM_addr
	.byte	18                              @ DW_AT_high_pc
	.byte	6                               @ DW_FORM_data4
	.byte	64                              @ DW_AT_frame_base
	.byte	24                              @ DW_FORM_exprloc
	.ascii	"\227B"                         @ DW_AT_GNU_all_call_sites
	.byte	25                              @ DW_FORM_flag_present
	.byte	3                               @ DW_AT_name
	.byte	14                              @ DW_FORM_strp
	.byte	58                              @ DW_AT_decl_file
	.byte	11                              @ DW_FORM_data1
	.byte	59                              @ DW_AT_decl_line
	.byte	11                              @ DW_FORM_data1
	.byte	39                              @ DW_AT_prototyped
	.byte	25                              @ DW_FORM_flag_present
	.byte	63                              @ DW_AT_external
	.byte	25                              @ DW_FORM_flag_present
	.byte	0                               @ EOM(1)
	.byte	0                               @ EOM(2)
	.byte	3                               @ Abbreviation Code
	.byte	5                               @ DW_TAG_formal_parameter
	.byte	0                               @ DW_CHILDREN_no
	.byte	2                               @ DW_AT_location
	.byte	24                              @ DW_FORM_exprloc
	.byte	3                               @ DW_AT_name
	.byte	14                              @ DW_FORM_strp
	.byte	58                              @ DW_AT_decl_file
	.byte	11                              @ DW_FORM_data1
	.byte	59                              @ DW_AT_decl_line
	.byte	11                              @ DW_FORM_data1
	.byte	73                              @ DW_AT_type
	.byte	19                              @ DW_FORM_ref4
	.byte	0                               @ EOM(1)
	.byte	0                               @ EOM(2)
	.byte	4                               @ Abbreviation Code
	.byte	5                               @ DW_TAG_formal_parameter
	.byte	0                               @ DW_CHILDREN_no
	.byte	2                               @ DW_AT_location
	.byte	23                              @ DW_FORM_sec_offset
	.byte	3                               @ DW_AT_name
	.byte	14                              @ DW_FORM_strp
	.byte	58                              @ DW_AT_decl_file
	.byte	11                              @ DW_FORM_data1
	.byte	59                              @ DW_AT_decl_line
	.byte	11                              @ DW_FORM_data1
	.byte	73                              @ DW_AT_type
	.byte	19                              @ DW_FORM_ref4
	.byte	0                               @ EOM(1)
	.byte	0                               @ EOM(2)
	.byte	5                               @ Abbreviation Code
	.byte	52                              @ DW_TAG_variable
	.byte	0                               @ DW_CHILDREN_no
	.byte	2                               @ DW_AT_location
	.byte	23                              @ DW_FORM_sec_offset
	.byte	3                               @ DW_AT_name
	.byte	14                              @ DW_FORM_strp
	.byte	58                              @ DW_AT_decl_file
	.byte	11                              @ DW_FORM_data1
	.byte	59                              @ DW_AT_decl_line
	.byte	11                              @ DW_FORM_data1
	.byte	73                              @ DW_AT_type
	.byte	19                              @ DW_FORM_ref4
	.byte	0                               @ EOM(1)
	.byte	0                               @ EOM(2)
	.byte	6                               @ Abbreviation Code
	.byte	15                              @ DW_TAG_pointer_type
	.byte	0                               @ DW_CHILDREN_no
	.byte	73                              @ DW_AT_type
	.byte	19                              @ DW_FORM_ref4
	.byte	0                               @ EOM(1)
	.byte	0                               @ EOM(2)
	.byte	7                               @ Abbreviation Code
	.byte	22                              @ DW_TAG_typedef
	.byte	0                               @ DW_CHILDREN_no
	.byte	73                              @ DW_AT_type
	.byte	19                              @ DW_FORM_ref4
	.byte	3                               @ DW_AT_name
	.byte	14                              @ DW_FORM_strp
	.byte	58                              @ DW_AT_decl_file
	.byte	11                              @ DW_FORM_data1
	.byte	59                              @ DW_AT_decl_line
	.byte	11                              @ DW_FORM_data1
	.byte	0                               @ EOM(1)
	.byte	0                               @ EOM(2)
	.byte	8                               @ Abbreviation Code
	.byte	19                              @ DW_TAG_structure_type
	.byte	1                               @ DW_CHILDREN_yes
	.byte	11                              @ DW_AT_byte_size
	.byte	11                              @ DW_FORM_data1
	.byte	58                              @ DW_AT_decl_file
	.byte	11                              @ DW_FORM_data1
	.byte	59                              @ DW_AT_decl_line
	.byte	11                              @ DW_FORM_data1
	.byte	0                               @ EOM(1)
	.byte	0                               @ EOM(2)
	.byte	9                               @ Abbreviation Code
	.byte	13                              @ DW_TAG_member
	.byte	0                               @ DW_CHILDREN_no
	.byte	3                               @ DW_AT_name
	.byte	14                              @ DW_FORM_strp
	.byte	73                              @ DW_AT_type
	.byte	19                              @ DW_FORM_ref4
	.byte	58                              @ DW_AT_decl_file
	.byte	11                              @ DW_FORM_data1
	.byte	59                              @ DW_AT_decl_line
	.byte	11                              @ DW_FORM_data1
	.byte	56                              @ DW_AT_data_member_location
	.byte	11                              @ DW_FORM_data1
	.byte	0                               @ EOM(1)
	.byte	0                               @ EOM(2)
	.byte	10                              @ Abbreviation Code
	.byte	53                              @ DW_TAG_volatile_type
	.byte	0                               @ DW_CHILDREN_no
	.byte	73                              @ DW_AT_type
	.byte	19                              @ DW_FORM_ref4
	.byte	0                               @ EOM(1)
	.byte	0                               @ EOM(2)
	.byte	11                              @ Abbreviation Code
	.byte	36                              @ DW_TAG_base_type
	.byte	0                               @ DW_CHILDREN_no
	.byte	3                               @ DW_AT_name
	.byte	14                              @ DW_FORM_strp
	.byte	62                              @ DW_AT_encoding
	.byte	11                              @ DW_FORM_data1
	.byte	11                              @ DW_AT_byte_size
	.byte	11                              @ DW_FORM_data1
	.byte	0                               @ EOM(1)
	.byte	0                               @ EOM(2)
	.byte	12                              @ Abbreviation Code
	.byte	38                              @ DW_TAG_const_type
	.byte	0                               @ DW_CHILDREN_no
	.byte	73                              @ DW_AT_type
	.byte	19                              @ DW_FORM_ref4
	.byte	0                               @ EOM(1)
	.byte	0                               @ EOM(2)
	.byte	13                              @ Abbreviation Code
	.byte	1                               @ DW_TAG_array_type
	.byte	1                               @ DW_CHILDREN_yes
	.byte	73                              @ DW_AT_type
	.byte	19                              @ DW_FORM_ref4
	.byte	0                               @ EOM(1)
	.byte	0                               @ EOM(2)
	.byte	14                              @ Abbreviation Code
	.byte	33                              @ DW_TAG_subrange_type
	.byte	0                               @ DW_CHILDREN_no
	.byte	73                              @ DW_AT_type
	.byte	19                              @ DW_FORM_ref4
	.byte	55                              @ DW_AT_count
	.byte	11                              @ DW_FORM_data1
	.byte	0                               @ EOM(1)
	.byte	0                               @ EOM(2)
	.byte	15                              @ Abbreviation Code
	.byte	36                              @ DW_TAG_base_type
	.byte	0                               @ DW_CHILDREN_no
	.byte	3                               @ DW_AT_name
	.byte	14                              @ DW_FORM_strp
	.byte	11                              @ DW_AT_byte_size
	.byte	11                              @ DW_FORM_data1
	.byte	62                              @ DW_AT_encoding
	.byte	11                              @ DW_FORM_data1
	.byte	0                               @ EOM(1)
	.byte	0                               @ EOM(2)
	.byte	0                               @ EOM(3)
	.section	.debug_info,"",%progbits
.Lcu_begin0:
	.long	.Ldebug_info_end0-.Ldebug_info_start0 @ Length of Unit
.Ldebug_info_start0:
	.short	4                               @ DWARF version number
	.long	.debug_abbrev                   @ Offset Into Abbrev. Section
	.byte	4                               @ Address Size (in bytes)
	.byte	1                               @ Abbrev [1] 0xb:0x251 DW_TAG_compile_unit
	.long	.Linfo_string0                  @ DW_AT_producer
	.short	12                              @ DW_AT_language
	.long	.Linfo_string1                  @ DW_AT_name
	.long	.Lline_table_start0             @ DW_AT_stmt_list
	.long	.Linfo_string2                  @ DW_AT_comp_dir
	.long	.Lfunc_begin0                   @ DW_AT_low_pc
	.long	.Lfunc_end4-.Lfunc_begin0       @ DW_AT_high_pc
	.byte	2                               @ Abbrev [2] 0x26:0x4a DW_TAG_subprogram
	.long	.Lfunc_begin0                   @ DW_AT_low_pc
	.long	.Lfunc_end0-.Lfunc_begin0       @ DW_AT_high_pc
	.byte	1                               @ DW_AT_frame_base
	.byte	93
                                        @ DW_AT_GNU_all_call_sites
	.long	.Linfo_string3                  @ DW_AT_name
	.byte	1                               @ DW_AT_decl_file
	.byte	37                              @ DW_AT_decl_line
                                        @ DW_AT_prototyped
                                        @ DW_AT_external
	.byte	3                               @ Abbrev [3] 0x37:0xd DW_TAG_formal_parameter
	.byte	1                               @ DW_AT_location
	.byte	80
	.long	.Linfo_string8                  @ DW_AT_name
	.byte	1                               @ DW_AT_decl_file
	.byte	37                              @ DW_AT_decl_line
	.long	367                             @ DW_AT_type
	.byte	4                               @ Abbrev [4] 0x44:0xf DW_TAG_formal_parameter
	.long	.Ldebug_loc0                    @ DW_AT_location
	.long	.Linfo_string27                 @ DW_AT_name
	.byte	1                               @ DW_AT_decl_file
	.byte	37                              @ DW_AT_decl_line
	.long	561                             @ DW_AT_type
	.byte	3                               @ Abbrev [3] 0x53:0xd DW_TAG_formal_parameter
	.byte	1                               @ DW_AT_location
	.byte	82
	.long	.Linfo_string28                 @ DW_AT_name
	.byte	1                               @ DW_AT_decl_file
	.byte	37                              @ DW_AT_decl_line
	.long	561                             @ DW_AT_type
	.byte	5                               @ Abbrev [5] 0x60:0xf DW_TAG_variable
	.long	.Ldebug_loc1                    @ DW_AT_location
	.long	.Linfo_string29                 @ DW_AT_name
	.byte	1                               @ DW_AT_decl_file
	.byte	39                              @ DW_AT_decl_line
	.long	561                             @ DW_AT_type
	.byte	0                               @ End Of Children Mark
	.byte	2                               @ Abbrev [2] 0x70:0x3d DW_TAG_subprogram
	.long	.Lfunc_begin1                   @ DW_AT_low_pc
	.long	.Lfunc_end1-.Lfunc_begin1       @ DW_AT_high_pc
	.byte	1                               @ DW_AT_frame_base
	.byte	93
                                        @ DW_AT_GNU_all_call_sites
	.long	.Linfo_string4                  @ DW_AT_name
	.byte	1                               @ DW_AT_decl_file
	.byte	64                              @ DW_AT_decl_line
                                        @ DW_AT_prototyped
                                        @ DW_AT_external
	.byte	3                               @ Abbrev [3] 0x81:0xd DW_TAG_formal_parameter
	.byte	1                               @ DW_AT_location
	.byte	80
	.long	.Linfo_string8                  @ DW_AT_name
	.byte	1                               @ DW_AT_decl_file
	.byte	64                              @ DW_AT_decl_line
	.long	367                             @ DW_AT_type
	.byte	4                               @ Abbrev [4] 0x8e:0xf DW_TAG_formal_parameter
	.long	.Ldebug_loc2                    @ DW_AT_location
	.long	.Linfo_string30                 @ DW_AT_name
	.byte	1                               @ DW_AT_decl_file
	.byte	64                              @ DW_AT_decl_line
	.long	561                             @ DW_AT_type
	.byte	4                               @ Abbrev [4] 0x9d:0xf DW_TAG_formal_parameter
	.long	.Ldebug_loc3                    @ DW_AT_location
	.long	.Linfo_string31                 @ DW_AT_name
	.byte	1                               @ DW_AT_decl_file
	.byte	64                              @ DW_AT_decl_line
	.long	561                             @ DW_AT_type
	.byte	0                               @ End Of Children Mark
	.byte	2                               @ Abbrev [2] 0xad:0x2e DW_TAG_subprogram
	.long	.Lfunc_begin2                   @ DW_AT_low_pc
	.long	.Lfunc_end2-.Lfunc_begin2       @ DW_AT_high_pc
	.byte	1                               @ DW_AT_frame_base
	.byte	93
                                        @ DW_AT_GNU_all_call_sites
	.long	.Linfo_string5                  @ DW_AT_name
	.byte	1                               @ DW_AT_decl_file
	.byte	81                              @ DW_AT_decl_line
                                        @ DW_AT_prototyped
                                        @ DW_AT_external
	.byte	3                               @ Abbrev [3] 0xbe:0xd DW_TAG_formal_parameter
	.byte	1                               @ DW_AT_location
	.byte	80
	.long	.Linfo_string8                  @ DW_AT_name
	.byte	1                               @ DW_AT_decl_file
	.byte	81                              @ DW_AT_decl_line
	.long	367                             @ DW_AT_type
	.byte	4                               @ Abbrev [4] 0xcb:0xf DW_TAG_formal_parameter
	.long	.Ldebug_loc4                    @ DW_AT_location
	.long	.Linfo_string30                 @ DW_AT_name
	.byte	1                               @ DW_AT_decl_file
	.byte	81                              @ DW_AT_decl_line
	.long	561                             @ DW_AT_type
	.byte	0                               @ End Of Children Mark
	.byte	2                               @ Abbrev [2] 0xdb:0x4a DW_TAG_subprogram
	.long	.Lfunc_begin3                   @ DW_AT_low_pc
	.long	.Lfunc_end3-.Lfunc_begin3       @ DW_AT_high_pc
	.byte	1                               @ DW_AT_frame_base
	.byte	93
                                        @ DW_AT_GNU_all_call_sites
	.long	.Linfo_string6                  @ DW_AT_name
	.byte	1                               @ DW_AT_decl_file
	.byte	102                             @ DW_AT_decl_line
                                        @ DW_AT_prototyped
                                        @ DW_AT_external
	.byte	3                               @ Abbrev [3] 0xec:0xd DW_TAG_formal_parameter
	.byte	1                               @ DW_AT_location
	.byte	80
	.long	.Linfo_string8                  @ DW_AT_name
	.byte	1                               @ DW_AT_decl_file
	.byte	102                             @ DW_AT_decl_line
	.long	367                             @ DW_AT_type
	.byte	4                               @ Abbrev [4] 0xf9:0xf DW_TAG_formal_parameter
	.long	.Ldebug_loc5                    @ DW_AT_location
	.long	.Linfo_string27                 @ DW_AT_name
	.byte	1                               @ DW_AT_decl_file
	.byte	102                             @ DW_AT_decl_line
	.long	561                             @ DW_AT_type
	.byte	3                               @ Abbrev [3] 0x108:0xd DW_TAG_formal_parameter
	.byte	1                               @ DW_AT_location
	.byte	82
	.long	.Linfo_string28                 @ DW_AT_name
	.byte	1                               @ DW_AT_decl_file
	.byte	102                             @ DW_AT_decl_line
	.long	561                             @ DW_AT_type
	.byte	5                               @ Abbrev [5] 0x115:0xf DW_TAG_variable
	.long	.Ldebug_loc6                    @ DW_AT_location
	.long	.Linfo_string29                 @ DW_AT_name
	.byte	1                               @ DW_AT_decl_file
	.byte	104                             @ DW_AT_decl_line
	.long	561                             @ DW_AT_type
	.byte	0                               @ End Of Children Mark
	.byte	2                               @ Abbrev [2] 0x125:0x4a DW_TAG_subprogram
	.long	.Lfunc_begin4                   @ DW_AT_low_pc
	.long	.Lfunc_end4-.Lfunc_begin4       @ DW_AT_high_pc
	.byte	1                               @ DW_AT_frame_base
	.byte	93
                                        @ DW_AT_GNU_all_call_sites
	.long	.Linfo_string7                  @ DW_AT_name
	.byte	1                               @ DW_AT_decl_file
	.byte	127                             @ DW_AT_decl_line
                                        @ DW_AT_prototyped
                                        @ DW_AT_external
	.byte	3                               @ Abbrev [3] 0x136:0xd DW_TAG_formal_parameter
	.byte	1                               @ DW_AT_location
	.byte	80
	.long	.Linfo_string8                  @ DW_AT_name
	.byte	1                               @ DW_AT_decl_file
	.byte	127                             @ DW_AT_decl_line
	.long	367                             @ DW_AT_type
	.byte	4                               @ Abbrev [4] 0x143:0xf DW_TAG_formal_parameter
	.long	.Ldebug_loc7                    @ DW_AT_location
	.long	.Linfo_string27                 @ DW_AT_name
	.byte	1                               @ DW_AT_decl_file
	.byte	127                             @ DW_AT_decl_line
	.long	561                             @ DW_AT_type
	.byte	3                               @ Abbrev [3] 0x152:0xd DW_TAG_formal_parameter
	.byte	1                               @ DW_AT_location
	.byte	82
	.long	.Linfo_string28                 @ DW_AT_name
	.byte	1                               @ DW_AT_decl_file
	.byte	127                             @ DW_AT_decl_line
	.long	561                             @ DW_AT_type
	.byte	5                               @ Abbrev [5] 0x15f:0xf DW_TAG_variable
	.long	.Ldebug_loc8                    @ DW_AT_location
	.long	.Linfo_string29                 @ DW_AT_name
	.byte	1                               @ DW_AT_decl_file
	.byte	129                             @ DW_AT_decl_line
	.long	561                             @ DW_AT_type
	.byte	0                               @ End Of Children Mark
	.byte	6                               @ Abbrev [6] 0x16f:0x5 DW_TAG_pointer_type
	.long	372                             @ DW_AT_type
	.byte	7                               @ Abbrev [7] 0x174:0xb DW_TAG_typedef
	.long	383                             @ DW_AT_type
	.long	.Linfo_string26                 @ DW_AT_name
	.byte	3                               @ DW_AT_decl_file
	.byte	238                             @ DW_AT_decl_line
	.byte	8                               @ Abbrev [8] 0x17f:0xad DW_TAG_structure_type
	.byte	56                              @ DW_AT_byte_size
	.byte	3                               @ DW_AT_decl_file
	.byte	23                              @ DW_AT_decl_line
	.byte	9                               @ Abbrev [9] 0x183:0xc DW_TAG_member
	.long	.Linfo_string9                  @ DW_AT_name
	.long	556                             @ DW_AT_type
	.byte	3                               @ DW_AT_decl_file
	.byte	223                             @ DW_AT_decl_line
	.byte	0                               @ DW_AT_data_member_location
	.byte	9                               @ Abbrev [9] 0x18f:0xc DW_TAG_member
	.long	.Linfo_string12                 @ DW_AT_name
	.long	556                             @ DW_AT_type
	.byte	3                               @ DW_AT_decl_file
	.byte	224                             @ DW_AT_decl_line
	.byte	4                               @ DW_AT_data_member_location
	.byte	9                               @ Abbrev [9] 0x19b:0xc DW_TAG_member
	.long	.Linfo_string13                 @ DW_AT_name
	.long	556                             @ DW_AT_type
	.byte	3                               @ DW_AT_decl_file
	.byte	225                             @ DW_AT_decl_line
	.byte	8                               @ DW_AT_data_member_location
	.byte	9                               @ Abbrev [9] 0x1a7:0xc DW_TAG_member
	.long	.Linfo_string14                 @ DW_AT_name
	.long	556                             @ DW_AT_type
	.byte	3                               @ DW_AT_decl_file
	.byte	226                             @ DW_AT_decl_line
	.byte	12                              @ DW_AT_data_member_location
	.byte	9                               @ Abbrev [9] 0x1b3:0xc DW_TAG_member
	.long	.Linfo_string15                 @ DW_AT_name
	.long	579                             @ DW_AT_type
	.byte	3                               @ DW_AT_decl_file
	.byte	227                             @ DW_AT_decl_line
	.byte	16                              @ DW_AT_data_member_location
	.byte	9                               @ Abbrev [9] 0x1bf:0xc DW_TAG_member
	.long	.Linfo_string16                 @ DW_AT_name
	.long	556                             @ DW_AT_type
	.byte	3                               @ DW_AT_decl_file
	.byte	228                             @ DW_AT_decl_line
	.byte	20                              @ DW_AT_data_member_location
	.byte	9                               @ Abbrev [9] 0x1cb:0xc DW_TAG_member
	.long	.Linfo_string17                 @ DW_AT_name
	.long	556                             @ DW_AT_type
	.byte	3                               @ DW_AT_decl_file
	.byte	229                             @ DW_AT_decl_line
	.byte	24                              @ DW_AT_data_member_location
	.byte	9                               @ Abbrev [9] 0x1d7:0xc DW_TAG_member
	.long	.Linfo_string18                 @ DW_AT_name
	.long	556                             @ DW_AT_type
	.byte	3                               @ DW_AT_decl_file
	.byte	230                             @ DW_AT_decl_line
	.byte	28                              @ DW_AT_data_member_location
	.byte	9                               @ Abbrev [9] 0x1e3:0xc DW_TAG_member
	.long	.Linfo_string19                 @ DW_AT_name
	.long	556                             @ DW_AT_type
	.byte	3                               @ DW_AT_decl_file
	.byte	231                             @ DW_AT_decl_line
	.byte	32                              @ DW_AT_data_member_location
	.byte	9                               @ Abbrev [9] 0x1ef:0xc DW_TAG_member
	.long	.Linfo_string20                 @ DW_AT_name
	.long	556                             @ DW_AT_type
	.byte	3                               @ DW_AT_decl_file
	.byte	232                             @ DW_AT_decl_line
	.byte	36                              @ DW_AT_data_member_location
	.byte	9                               @ Abbrev [9] 0x1fb:0xc DW_TAG_member
	.long	.Linfo_string21                 @ DW_AT_name
	.long	556                             @ DW_AT_type
	.byte	3                               @ DW_AT_decl_file
	.byte	233                             @ DW_AT_decl_line
	.byte	40                              @ DW_AT_data_member_location
	.byte	9                               @ Abbrev [9] 0x207:0xc DW_TAG_member
	.long	.Linfo_string22                 @ DW_AT_name
	.long	584                             @ DW_AT_type
	.byte	3                               @ DW_AT_decl_file
	.byte	234                             @ DW_AT_decl_line
	.byte	44                              @ DW_AT_data_member_location
	.byte	9                               @ Abbrev [9] 0x213:0xc DW_TAG_member
	.long	.Linfo_string24                 @ DW_AT_name
	.long	556                             @ DW_AT_type
	.byte	3                               @ DW_AT_decl_file
	.byte	235                             @ DW_AT_decl_line
	.byte	48                              @ DW_AT_data_member_location
	.byte	9                               @ Abbrev [9] 0x21f:0xc DW_TAG_member
	.long	.Linfo_string25                 @ DW_AT_name
	.long	556                             @ DW_AT_type
	.byte	3                               @ DW_AT_decl_file
	.byte	236                             @ DW_AT_decl_line
	.byte	52                              @ DW_AT_data_member_location
	.byte	0                               @ End Of Children Mark
	.byte	10                              @ Abbrev [10] 0x22c:0x5 DW_TAG_volatile_type
	.long	561                             @ DW_AT_type
	.byte	7                               @ Abbrev [7] 0x231:0xb DW_TAG_typedef
	.long	572                             @ DW_AT_type
	.long	.Linfo_string11                 @ DW_AT_name
	.byte	2                               @ DW_AT_decl_file
	.byte	64                              @ DW_AT_decl_line
	.byte	11                              @ Abbrev [11] 0x23c:0x7 DW_TAG_base_type
	.long	.Linfo_string10                 @ DW_AT_name
	.byte	7                               @ DW_AT_encoding
	.byte	4                               @ DW_AT_byte_size
	.byte	12                              @ Abbrev [12] 0x243:0x5 DW_TAG_const_type
	.long	556                             @ DW_AT_type
	.byte	13                              @ Abbrev [13] 0x248:0xc DW_TAG_array_type
	.long	579                             @ DW_AT_type
	.byte	14                              @ Abbrev [14] 0x24d:0x6 DW_TAG_subrange_type
	.long	596                             @ DW_AT_type
	.byte	1                               @ DW_AT_count
	.byte	0                               @ End Of Children Mark
	.byte	15                              @ Abbrev [15] 0x254:0x7 DW_TAG_base_type
	.long	.Linfo_string23                 @ DW_AT_name
	.byte	8                               @ DW_AT_byte_size
	.byte	7                               @ DW_AT_encoding
	.byte	0                               @ End Of Children Mark
.Ldebug_info_end0:
	.section	.debug_str,"MS",%progbits,1
.Linfo_string0:
	.asciz	"Component: Arm Compiler for Embedded 6.24 Tool: armclang [5f371800]" @ string offset=0
.Linfo_string1:
	.asciz	"../../../../Library/StdDriver/src\\gpio.c" @ string offset=68
.Linfo_string2:
	.asciz	"D:\\BSP\\M2003BSP-master\\CM2003xC_CM2003xE_CM2003xG_Series\\SampleCode\\StdDriver\\GPIO_INT\\Keil" @ string offset=109
.Linfo_string3:
	.asciz	"GPIO_SetMode"                  @ string offset=201
.Linfo_string4:
	.asciz	"GPIO_EnableInt"                @ string offset=214
.Linfo_string5:
	.asciz	"GPIO_DisableInt"               @ string offset=229
.Linfo_string6:
	.asciz	"GPIO_SetSlewCtl"               @ string offset=245
.Linfo_string7:
	.asciz	"GPIO_SetPullCtl"               @ string offset=261
.Linfo_string8:
	.asciz	"port"                          @ string offset=277
.Linfo_string9:
	.asciz	"MODE"                          @ string offset=282
.Linfo_string10:
	.asciz	"unsigned int"                  @ string offset=287
.Linfo_string11:
	.asciz	"uint32_t"                      @ string offset=300
.Linfo_string12:
	.asciz	"DINOFF"                        @ string offset=309
.Linfo_string13:
	.asciz	"DOUT"                          @ string offset=316
.Linfo_string14:
	.asciz	"DATMSK"                        @ string offset=321
.Linfo_string15:
	.asciz	"PIN"                           @ string offset=328
.Linfo_string16:
	.asciz	"DBEN"                          @ string offset=332
.Linfo_string17:
	.asciz	"INTTYPE"                       @ string offset=337
.Linfo_string18:
	.asciz	"INTEN"                         @ string offset=345
.Linfo_string19:
	.asciz	"INTSRC"                        @ string offset=351
.Linfo_string20:
	.asciz	"SMTEN"                         @ string offset=358
.Linfo_string21:
	.asciz	"SLEWCTL"                       @ string offset=364
.Linfo_string22:
	.asciz	"RESERVE0"                      @ string offset=372
.Linfo_string23:
	.asciz	"__ARRAY_SIZE_TYPE__"           @ string offset=381
.Linfo_string24:
	.asciz	"PUSEL"                         @ string offset=401
.Linfo_string25:
	.asciz	"DBCTL"                         @ string offset=407
.Linfo_string26:
	.asciz	"GPIO_T"                        @ string offset=413
.Linfo_string27:
	.asciz	"u32PinMask"                    @ string offset=420
.Linfo_string28:
	.asciz	"u32Mode"                       @ string offset=431
.Linfo_string29:
	.asciz	"u32Idx"                        @ string offset=439
.Linfo_string30:
	.asciz	"u32Pin"                        @ string offset=446
.Linfo_string31:
	.asciz	"u32IntAttribs"                 @ string offset=453
	.ident	"Component: Arm Compiler for Embedded 6.24 Tool: armclang [5f371800]"
	.section	".note.GNU-stack","",%progbits
	.eabi_attribute	30, 1	@ Tag_ABI_optimization_goals
	.ARM_attribute	16, 1	@ Tag_AV_eba
	.section	.debug_line,"",%progbits
.Lline_table_start0:
