Component: Arm Compiler for Embedded 6.24 Tool: armlink [5f371500]

==============================================================================

Small function inlining results

Inlined function _platform_pre_stackheap_init from boardinit1.o at offset 0x0 in __rtentry2.o(.ARM.Collect$$rtentry$$00000001).
Inlined Instruction: BX       lr
Inlined function _fp_init from fpinit.o at offset 0x0 in libinit2.o(.ARM.Collect$$libinit$$00000001).
Inlined Instruction: BX       lr
Inlined function _platform_pre_lib_shutdown from boardshut.o at offset 0x0 in rtexit2.o(.ARM.Collect$$rtexit$$00000001).
Inlined Instruction: BX       lr
Inlined function __ARM_get_argv from no_argv.o at offset 0x2 in argv_veneer.o(.text).
Inlined Instruction: BX       lr
Inlined total of 4 calls.

==============================================================================

Image Symbol Table

    Local Symbols

    Symbol Name                              Value     Ov Type        Size  Object(Section)

    ../clib/angel/boardlib.s                 0x00000000   Number         0  boardinit1.o ABSOLUTE
    ../clib/angel/boardlib.s                 0x00000000   Number         0  boardinit2.o ABSOLUTE
    ../clib/angel/boardlib.s                 0x00000000   Number         0  boardinit3.o ABSOLUTE
    ../clib/angel/boardlib.s                 0x00000000   Number         0  boardshut.o ABSOLUTE
    ../clib/angel/handlers.s                 0x00000000   Number         0  __scatter_copy.o ABSOLUTE
    ../clib/angel/handlers.s                 0x00000000   Number         0  __scatter_zi.o ABSOLUTE
    ../clib/angel/kernel.s                   0x00000000   Number         0  __rtentry.o ABSOLUTE
    ../clib/angel/kernel.s                   0x00000000   Number         0  __rtentry2.o ABSOLUTE
    ../clib/angel/kernel.s                   0x00000000   Number         0  __rtentry4.o ABSOLUTE
    ../clib/angel/kernel.s                   0x00000000   Number         0  rtexit.o ABSOLUTE
    ../clib/angel/kernel.s                   0x00000000   Number         0  rtexit2.o ABSOLUTE
    ../clib/angel/rt.s                       0x00000000   Number         0  rt_raise.o ABSOLUTE
    ../clib/angel/scatterp.s                 0x00000000   Number         0  __scatter.o ABSOLUTE
    ../clib/angel/startup.s                  0x00000000   Number         0  __main.o ABSOLUTE
    ../clib/angel/sys.s                      0x00000000   Number         0  sys_stackheap_outer.o ABSOLUTE
    ../clib/angel/sys.s                      0x00000000   Number         0  libspace.o ABSOLUTE
    ../clib/angel/sys.s                      0x00000000   Number         0  tempstk.o ABSOLUTE
    ../clib/angel/sys.s                      0x00000000   Number         0  use_no_semi.o ABSOLUTE
    ../clib/angel/sys.s                      0x00000000   Number         0  indicate_semi.o ABSOLUTE
    ../clib/angel/sysapp.c                   0x00000000   Number         0  sys_exit.o ABSOLUTE
    ../clib/angel/sysapp.c                   0x00000000   Number         0  sys_exit_hlt.o ABSOLUTE
    ../clib/angel/sysapp.c                   0x00000000   Number         0  sys_command.o ABSOLUTE
    ../clib/angel/sysapp.c                   0x00000000   Number         0  sys_command_hlt.o ABSOLUTE
    ../clib/armsys.c                         0x00000000   Number         0  argv_veneer.o ABSOLUTE
    ../clib/armsys.c                         0x00000000   Number         0  _get_argv_nomalloc.o ABSOLUTE
    ../clib/armsys.c                         0x00000000   Number         0  no_argv.o ABSOLUTE
    ../clib/division.c                       0x00000000   Number         0  rtudiv10.o ABSOLUTE
    ../clib/heapalloc.c                      0x00000000   Number         0  hrguard.o ABSOLUTE
    ../clib/heapaux.c                        0x00000000   Number         0  heapauxi.o ABSOLUTE
    ../clib/libinit.s                        0x00000000   Number         0  libinit.o ABSOLUTE
    ../clib/libinit.s                        0x00000000   Number         0  libinit2.o ABSOLUTE
    ../clib/libinit.s                        0x00000000   Number         0  libshutdown.o ABSOLUTE
    ../clib/libinit.s                        0x00000000   Number         0  libshutdown2.o ABSOLUTE
    ../clib/printf.c                         0x00000000   Number         0  __2printf.o ABSOLUTE
    ../clib/printf.c                         0x00000000   Number         0  noretval__2printf.o ABSOLUTE
    ../clib/printf.c                         0x00000000   Number         0  __printf.o ABSOLUTE
    ../clib/printf.c                         0x00000000   Number         0  _printf_dec.o ABSOLUTE
    ../clib/printf.c                         0x00000000   Number         0  __printf_flags.o ABSOLUTE
    ../clib/printf.c                         0x00000000   Number         0  __printf_ss.o ABSOLUTE
    ../clib/printf.c                         0x00000000   Number         0  __printf_flags_ss.o ABSOLUTE
    ../clib/printf.c                         0x00000000   Number         0  __printf_wp.o ABSOLUTE
    ../clib/printf.c                         0x00000000   Number         0  __printf_flags_wp.o ABSOLUTE
    ../clib/printf.c                         0x00000000   Number         0  __printf_ss_wp.o ABSOLUTE
    ../clib/printf.c                         0x00000000   Number         0  __printf_flags_ss_wp.o ABSOLUTE
    ../clib/printf.c                         0x00000000   Number         0  _printf_intcommon.o ABSOLUTE
    ../clib/printf.c                         0x00000000   Number         0  _printf_char_file.o ABSOLUTE
    ../clib/printf.c                         0x00000000   Number         0  _printf_char_common.o ABSOLUTE
    ../clib/printf.c                         0x00000000   Number         0  __printf_nopercent.o ABSOLUTE
    ../clib/printf_percent.s                 0x00000000   Number         0  _printf_d.o ABSOLUTE
    ../clib/printf_percent.s                 0x00000000   Number         0  _printf_percent.o ABSOLUTE
    ../clib/printf_percent.s                 0x00000000   Number         0  _printf_percent_end.o ABSOLUTE
    ../clib/signal.c                         0x00000000   Number         0  defsig_rtmem_outer.o ABSOLUTE
    ../clib/signal.c                         0x00000000   Number         0  defsig_rtmem_formal.o ABSOLUTE
    ../clib/signal.c                         0x00000000   Number         0  defsig_exit.o ABSOLUTE
    ../clib/signal.c                         0x00000000   Number         0  defsig_rtmem_inner.o ABSOLUTE
    ../clib/signal.c                         0x00000000   Number         0  __raise.o ABSOLUTE
    ../clib/signal.c                         0x00000000   Number         0  defsig_general.o ABSOLUTE
    ../clib/signal.c                         0x00000000   Number         0  defsig_abrt_inner.o ABSOLUTE
    ../clib/signal.c                         0x00000000   Number         0  defsig_fpe_inner.o ABSOLUTE
    ../clib/signal.c                         0x00000000   Number         0  defsig_rtred_inner.o ABSOLUTE
    ../clib/signal.c                         0x00000000   Number         0  defsig_stak_inner.o ABSOLUTE
    ../clib/signal.c                         0x00000000   Number         0  defsig_pvfn_inner.o ABSOLUTE
    ../clib/signal.c                         0x00000000   Number         0  defsig_cppl_inner.o ABSOLUTE
    ../clib/signal.c                         0x00000000   Number         0  defsig_segv_inner.o ABSOLUTE
    ../clib/signal.c                         0x00000000   Number         0  defsig_other.o ABSOLUTE
    ../clib/signal.s                         0x00000000   Number         0  defsig.o ABSOLUTE
    ../clib/stdio.c                          0x00000000   Number         0  puts.o ABSOLUTE
    ../clib/stdlib.c                         0x00000000   Number         0  exit.o ABSOLUTE
    ../fplib/cfplib/fpinit.c                 0x00000000   Number         0  fpinit.o ABSOLUTE
    ..\..\..\..\Library\Device\Nuvoton\CM2003\Source\ARM\startup_CM2003.s 0x00000000   Number         0  startup_cm2003.o ABSOLUTE
    clk.c                                    0x00000000   Number         0  clk.o ABSOLUTE
    gpio.c                                   0x00000000   Number         0  gpio.o ABSOLUTE
    main.c                                   0x00000000   Number         0  main.o ABSOLUTE
    retarget.c                               0x00000000   Number         0  retarget.o ABSOLUTE
    sys.c                                    0x00000000   Number         0  sys.o ABSOLUTE
    system_CM2003.c                          0x00000000   Number         0  system_cm2003.o ABSOLUTE
    uart.c                                   0x00000000   Number         0  uart.o ABSOLUTE
    RESET                                    0x00000000   Section      356  startup_cm2003.o(RESET)
    !!!main                                  0x00000164   Section        8  __main.o(!!!main)
    !!!scatter                               0x0000016c   Section       84  __scatter.o(!!!scatter)
    !!handler_copy                           0x000001c0   Section       26  __scatter_copy.o(!!handler_copy)
    !!handler_null                           0x000001dc   Section        2  __scatter.o(!!handler_null)
    !!handler_zi                             0x000001e0   Section       28  __scatter_zi.o(!!handler_zi)
    .ARM.Collect$$_printf_percent$$00000000  0x000001fc   Section        2  _printf_percent.o(.ARM.Collect$$_printf_percent$$00000000)
    .ARM.Collect$$_printf_percent$$00000009  0x000001fe   Section       10  _printf_d.o(.ARM.Collect$$_printf_percent$$00000009)
    .ARM.Collect$$_printf_percent$$00000017  0x00000208   Section        4  _printf_percent_end.o(.ARM.Collect$$_printf_percent$$00000017)
    .ARM.Collect$$libinit$$00000000          0x0000020c   Section        2  libinit.o(.ARM.Collect$$libinit$$00000000)
    .ARM.Collect$$libinit$$00000002          0x0000020e   Section        0  libinit2.o(.ARM.Collect$$libinit$$00000002)
    .ARM.Collect$$libinit$$00000004          0x0000020e   Section        0  libinit2.o(.ARM.Collect$$libinit$$00000004)
    .ARM.Collect$$libinit$$00000006          0x0000020e   Section        0  libinit2.o(.ARM.Collect$$libinit$$00000006)
    .ARM.Collect$$libinit$$0000000C          0x0000020e   Section        0  libinit2.o(.ARM.Collect$$libinit$$0000000C)
    .ARM.Collect$$libinit$$0000000E          0x0000020e   Section        0  libinit2.o(.ARM.Collect$$libinit$$0000000E)
    .ARM.Collect$$libinit$$00000010          0x0000020e   Section        0  libinit2.o(.ARM.Collect$$libinit$$00000010)
    .ARM.Collect$$libinit$$00000013          0x0000020e   Section        0  libinit2.o(.ARM.Collect$$libinit$$00000013)
    .ARM.Collect$$libinit$$00000015          0x0000020e   Section        0  libinit2.o(.ARM.Collect$$libinit$$00000015)
    .ARM.Collect$$libinit$$00000017          0x0000020e   Section        0  libinit2.o(.ARM.Collect$$libinit$$00000017)
    .ARM.Collect$$libinit$$00000019          0x0000020e   Section        0  libinit2.o(.ARM.Collect$$libinit$$00000019)
    .ARM.Collect$$libinit$$0000001B          0x0000020e   Section        0  libinit2.o(.ARM.Collect$$libinit$$0000001B)
    .ARM.Collect$$libinit$$0000001D          0x0000020e   Section        0  libinit2.o(.ARM.Collect$$libinit$$0000001D)
    .ARM.Collect$$libinit$$0000001F          0x0000020e   Section        0  libinit2.o(.ARM.Collect$$libinit$$0000001F)
    .ARM.Collect$$libinit$$00000021          0x0000020e   Section        0  libinit2.o(.ARM.Collect$$libinit$$00000021)
    .ARM.Collect$$libinit$$00000023          0x0000020e   Section        0  libinit2.o(.ARM.Collect$$libinit$$00000023)
    .ARM.Collect$$libinit$$00000025          0x0000020e   Section        0  libinit2.o(.ARM.Collect$$libinit$$00000025)
    .ARM.Collect$$libinit$$00000027          0x0000020e   Section        0  libinit2.o(.ARM.Collect$$libinit$$00000027)
    .ARM.Collect$$libinit$$0000002E          0x0000020e   Section        0  libinit2.o(.ARM.Collect$$libinit$$0000002E)
    .ARM.Collect$$libinit$$00000030          0x0000020e   Section        0  libinit2.o(.ARM.Collect$$libinit$$00000030)
    .ARM.Collect$$libinit$$00000032          0x0000020e   Section        0  libinit2.o(.ARM.Collect$$libinit$$00000032)
    .ARM.Collect$$libinit$$00000034          0x0000020e   Section        0  libinit2.o(.ARM.Collect$$libinit$$00000034)
    .ARM.Collect$$libinit$$00000035          0x0000020e   Section        2  libinit2.o(.ARM.Collect$$libinit$$00000035)
    .ARM.Collect$$libshutdown$$00000000      0x00000210   Section        2  libshutdown.o(.ARM.Collect$$libshutdown$$00000000)
    .ARM.Collect$$libshutdown$$00000002      0x00000212   Section        0  libshutdown2.o(.ARM.Collect$$libshutdown$$00000002)
    .ARM.Collect$$libshutdown$$00000004      0x00000212   Section        0  libshutdown2.o(.ARM.Collect$$libshutdown$$00000004)
    .ARM.Collect$$libshutdown$$00000007      0x00000212   Section        0  libshutdown2.o(.ARM.Collect$$libshutdown$$00000007)
    .ARM.Collect$$libshutdown$$0000000A      0x00000212   Section        0  libshutdown2.o(.ARM.Collect$$libshutdown$$0000000A)
    .ARM.Collect$$libshutdown$$0000000C      0x00000212   Section        0  libshutdown2.o(.ARM.Collect$$libshutdown$$0000000C)
    .ARM.Collect$$libshutdown$$0000000F      0x00000212   Section        0  libshutdown2.o(.ARM.Collect$$libshutdown$$0000000F)
    .ARM.Collect$$libshutdown$$00000010      0x00000212   Section        2  libshutdown2.o(.ARM.Collect$$libshutdown$$00000010)
    .ARM.Collect$$rtentry$$00000000          0x00000214   Section        0  __rtentry.o(.ARM.Collect$$rtentry$$00000000)
    .ARM.Collect$$rtentry$$00000002          0x00000214   Section        0  __rtentry2.o(.ARM.Collect$$rtentry$$00000002)
    .ARM.Collect$$rtentry$$00000004          0x00000214   Section        6  __rtentry4.o(.ARM.Collect$$rtentry$$00000004)
    .ARM.Collect$$rtentry$$00000009          0x0000021a   Section        0  __rtentry2.o(.ARM.Collect$$rtentry$$00000009)
    .ARM.Collect$$rtentry$$0000000A          0x0000021a   Section        4  __rtentry2.o(.ARM.Collect$$rtentry$$0000000A)
    .ARM.Collect$$rtentry$$0000000C          0x0000021e   Section        0  __rtentry2.o(.ARM.Collect$$rtentry$$0000000C)
    .ARM.Collect$$rtentry$$0000000D          0x0000021e   Section        8  __rtentry2.o(.ARM.Collect$$rtentry$$0000000D)
    .ARM.Collect$$rtexit$$00000000           0x00000226   Section        2  rtexit.o(.ARM.Collect$$rtexit$$00000000)
    .ARM.Collect$$rtexit$$00000002           0x00000228   Section        0  rtexit2.o(.ARM.Collect$$rtexit$$00000002)
    .ARM.Collect$$rtexit$$00000003           0x00000228   Section        4  rtexit2.o(.ARM.Collect$$rtexit$$00000003)
    .ARM.Collect$$rtexit$$00000004           0x0000022c   Section        6  rtexit2.o(.ARM.Collect$$rtexit$$00000004)
    .text                                    0x00000234   Section      152  startup_cm2003.o(.text)
    Default_Handler                          0x00000281   Thumb Code     2  startup_cm2003.o(.text)
    [Anonymous Symbol]                       0x000002cc   Section        0  system_cm2003.o(.text)
    __arm_cp.0_0                             0x000002f8   Number         4  system_cm2003.o(.text)
    __arm_cp.0_1                             0x000002fc   Number         4  system_cm2003.o(.text)
    __arm_cp.0_2                             0x00000300   Number         4  system_cm2003.o(.text)
    __arm_cp.0_3                             0x00000304   Number         4  system_cm2003.o(.text)
    __arm_cp.0_4                             0x00000308   Number         4  system_cm2003.o(.text)
    __arm_cp.0_5                             0x0000030c   Number         4  system_cm2003.o(.text)
    __arm_cp.1_0                             0x00000350   Number         4  system_cm2003.o(.text)
    __arm_cp.1_1                             0x00000354   Number         4  system_cm2003.o(.text)
    __arm_cp.2_0                             0x0000037c   Number         4  system_cm2003.o(.text)
    [Anonymous Symbol]                       0x00000380   Section        0  retarget.o(.text)
    __arm_cp.1_0                             0x000003ac   Number         4  retarget.o(.text)
    __arm_cp.1_2                             0x000003c0   Number         4  retarget.o(.text)
    __arm_cp.2_0                             0x00000410   Number         4  retarget.o(.text)
    __arm_cp.3_0                             0x00000460   Number         4  retarget.o(.text)
    __arm_cp.4_0                             0x0000048c   Number         4  retarget.o(.text)
    __arm_cp.5_0                             0x0000049c   Number         4  retarget.o(.text)
    __arm_cp.6_0                             0x000004ac   Number         4  retarget.o(.text)
    __arm_cp.9_0                             0x000004e8   Number         4  retarget.o(.text)
    [Anonymous Symbol]                       0x000004f4   Section        0  uart.o(.text)
    __arm_cp.0_0                             0x00000544   Number         4  uart.o(.text)
    __arm_cp.6_0                             0x00000650   Number         4  uart.o(.text)
    __arm_cp.6_1                             0x00000654   Number         4  uart.o(.text)
    __arm_cp.6_2                             0x00000658   Number         4  uart.o(.text)
    __arm_cp.6_3                             0x0000065c   Number         4  uart.o(.text)
    __arm_cp.6_4                             0x00000660   Number         4  uart.o(.text)
    __arm_cp.6_5                             0x00000664   Number         4  uart.o(.text)
    __arm_cp.8_0                             0x000007a8   Number         4  uart.o(.text)
    __arm_cp.8_1                             0x000007ac   Number         4  uart.o(.text)
    __arm_cp.8_2                             0x000007b0   Number         4  uart.o(.text)
    __arm_cp.8_3                             0x000007b4   Number         4  uart.o(.text)
    __arm_cp.8_4                             0x000007b8   Number         4  uart.o(.text)
    __arm_cp.10_0                            0x0000088c   Number         4  uart.o(.text)
    __arm_cp.10_1                            0x00000890   Number         4  uart.o(.text)
    __arm_cp.10_2                            0x00000894   Number         4  uart.o(.text)
    __arm_cp.10_3                            0x00000898   Number         4  uart.o(.text)
    __arm_cp.10_4                            0x0000089c   Number         4  uart.o(.text)
    __arm_cp.10_5                            0x000008a0   Number         4  uart.o(.text)
    __arm_cp.11_0                            0x000008c0   Number         4  uart.o(.text)
    [Anonymous Symbol]                       0x00000974   Section        0  sys.o(.text)
    __arm_cp.0_0                             0x0000097c   Number         4  sys.o(.text)
    __arm_cp.1_0                             0x0000098c   Number         4  sys.o(.text)
    __arm_cp.2_0                             0x00000998   Number         4  sys.o(.text)
    __arm_cp.3_0                             0x000009a8   Number         4  sys.o(.text)
    __arm_cp.5_0                             0x000009c0   Number         4  sys.o(.text)
    __arm_cp.6_0                             0x000009d0   Number         4  sys.o(.text)
    __arm_cp.7_0                             0x000009ec   Number         4  sys.o(.text)
    __arm_cp.8_0                             0x00000a44   Number         4  sys.o(.text)
    __arm_cp.8_1                             0x00000a48   Number         4  sys.o(.text)
    __arm_cp.8_2                             0x00000a4c   Number         4  sys.o(.text)
    __arm_cp.9_1                             0x00000a98   Number         4  sys.o(.text)
    [Anonymous Symbol]                       0x00000a9c   Section        0  clk.o(.text)
    __arm_cp.0_0                             0x00000aa8   Number         4  clk.o(.text)
    __arm_cp.1_0                             0x00000ad0   Number         4  clk.o(.text)
    __arm_cp.2_0                             0x00000b10   Number         4  clk.o(.text)
    __arm_cp.2_1                             0x00000b14   Number         4  clk.o(.text)
    __arm_cp.2_2                             0x00000b18   Number         4  clk.o(.text)
    __arm_cp.3_0                             0x00000b34   Number         4  clk.o(.text)
    __arm_cp.3_1                             0x00000b38   Number         4  clk.o(.text)
    __arm_cp.4_0                             0x00000b44   Number         4  clk.o(.text)
    __arm_cp.5_0                             0x00000b54   Number         4  clk.o(.text)
    __arm_cp.6_0                             0x00000b70   Number         4  clk.o(.text)
    __arm_cp.6_1                             0x00000b74   Number         4  clk.o(.text)
    __arm_cp.7_0                             0x00000b90   Number         4  clk.o(.text)
    __arm_cp.7_1                             0x00000b94   Number         4  clk.o(.text)
    __arm_cp.8_0                             0x00000bb0   Number         4  clk.o(.text)
    __arm_cp.8_1                             0x00000bb4   Number         4  clk.o(.text)
    __arm_cp.9_0                             0x00000bc4   Number         4  clk.o(.text)
    __arm_cp.10_0                            0x00000c68   Number         4  clk.o(.text)
    __arm_cp.10_1                            0x00000c6c   Number         4  clk.o(.text)
    __arm_cp.10_2                            0x00000c70   Number         4  clk.o(.text)
    __arm_cp.10_3                            0x00000c74   Number         4  clk.o(.text)
    __arm_cp.10_4                            0x00000c78   Number         4  clk.o(.text)
    __arm_cp.10_5                            0x00000c7c   Number         4  clk.o(.text)
    __arm_cp.11_0                            0x00000d40   Number         4  clk.o(.text)
    __arm_cp.11_1                            0x00000d44   Number         4  clk.o(.text)
    __arm_cp.11_2                            0x00000d48   Number         4  clk.o(.text)
    __arm_cp.11_3                            0x00000d4c   Number         4  clk.o(.text)
    __arm_cp.11_4                            0x00000d50   Number         4  clk.o(.text)
    __arm_cp.12_0                            0x00000db0   Number         4  clk.o(.text)
    __arm_cp.12_1                            0x00000db4   Number         4  clk.o(.text)
    __arm_cp.12_2                            0x00000db8   Number         4  clk.o(.text)
    __arm_cp.12_3                            0x00000dbc   Number         4  clk.o(.text)
    __arm_cp.13_0                            0x00000e04   Number         4  clk.o(.text)
    __arm_cp.13_1                            0x00000e08   Number         4  clk.o(.text)
    __arm_cp.13_2                            0x00000e0c   Number         4  clk.o(.text)
    __arm_cp.14_0                            0x00000e20   Number         4  clk.o(.text)
    __arm_cp.15_0                            0x00000e30   Number         4  clk.o(.text)
    __arm_cp.16_0                            0x00000e40   Number         4  clk.o(.text)
    __arm_cp.17_0                            0x00000e5c   Number         4  clk.o(.text)
    __arm_cp.18_0                            0x00000e78   Number         4  clk.o(.text)
    __arm_cp.19_0                            0x00000eb4   Number         4  clk.o(.text)
    __arm_cp.19_1                            0x00000eb8   Number         4  clk.o(.text)
    __arm_cp.20_0                            0x00000ec4   Number         4  clk.o(.text)
    __arm_cp.21_0                            0x00000f18   Number         4  clk.o(.text)
    __arm_cp.21_1                            0x00000f1c   Number         4  clk.o(.text)
    __arm_cp.22_0                            0x00000fa4   Number         4  clk.o(.text)
    __arm_cp.22_1                            0x00000fa8   Number         4  clk.o(.text)
    __arm_cp.23_0                            0x00000fb4   Number         4  clk.o(.text)
    __arm_cp.24_0                            0x00000fd8   Number         4  clk.o(.text)
    __arm_cp.25_0                            0x00001000   Number         4  clk.o(.text)
    __arm_cp.25_1                            0x00001004   Number         4  clk.o(.text)
    __arm_cp.26_0                            0x0000102c   Number         4  clk.o(.text)
    __arm_cp.26_1                            0x00001030   Number         4  clk.o(.text)
    [Anonymous Symbol]                       0x00001034   Section        0  gpio.o(.text)
    __arm_cp.1_0                             0x00001138   Number         4  gpio.o(.text)
    __arm_cp.2_0                             0x00001154   Number         4  gpio.o(.text)
    [Anonymous Symbol]                       0x00001310   Section        0  main.o(.text)
    __arm_cp.0_0                             0x00001380   Number         4  main.o(.text)
    __arm_cp.0_1                             0x00001384   Number         4  main.o(.text)
    __arm_cp.1_0                             0x000013a0   Number         4  main.o(.text)
    __arm_cp.1_1                             0x000013a4   Number         4  main.o(.text)
    __arm_cp.2_0                             0x000013e0   Number         4  main.o(.text)
    __arm_cp.3_0                             0x000014ec   Number         4  main.o(.text)
    __arm_cp.3_1                             0x000014f0   Number         4  main.o(.text)
    __arm_cp.3_2                             0x000014f4   Number         4  main.o(.text)
    __arm_cp.3_3                             0x000014f8   Number         4  main.o(.text)
    __arm_cp.3_7                             0x0000157c   Number         4  main.o(.text)
    __arm_cp.3_8                             0x00001580   Number         4  main.o(.text)
    __arm_cp.4_0                             0x000015b0   Number         4  main.o(.text)
    __arm_cp.4_1                             0x000015b4   Number         4  main.o(.text)
    __arm_cp.4_2                             0x000015b8   Number         4  main.o(.text)
    .text                                    0x000015f0   Section        0  noretval__2printf.o(.text)
    .text                                    0x0000160c   Section        0  __printf.o(.text)
    .text                                    0x00001678   Section        0  _printf_dec.o(.text)
    .text                                    0x000016e4   Section        0  puts.o(.text)
    .text                                    0x00001710   Section        0  heapauxi.o(.text)
    .text                                    0x00001716   Section        0  _printf_intcommon.o(.text)
    .text                                    0x000017c8   Section        0  _printf_char_file.o(.text)
    .text                                    0x000017f0   Section        0  rtudiv10.o(.text)
    _printf_input_char                       0x00001819   Thumb Code    10  _printf_char_common.o(.text)
    .text                                    0x00001818   Section        0  _printf_char_common.o(.text)
    .text                                    0x00001848   Section       62  sys_stackheap_outer.o(.text)
    .text                                    0x00001886   Section        0  exit.o(.text)
    .text                                    0x00001898   Section        8  libspace.o(.text)
    .text                                    0x000018a0   Section        0  sys_exit.o(.text)
    .text                                    0x000018ac   Section        2  use_no_semi.o(.text)
    .text                                    0x000018ae   Section        0  indicate_semi.o(.text)
    [Anonymous Symbol]                       0x000018b0   Section        0  uart.o(.rodata..L__const.UART_SelectIrDAMode.u32ClkTbl)
    [Anonymous Symbol]                       0x000018c4   Section        0  clk.o(.rodata.cst16)
    [Anonymous Symbol]                       0x00001904   Section        0  main.o(.rodata.str1.1)
    g_ICE_Connected                          0x20000008   Data           4  retarget.o(.data.g_ICE_Connected)
    [Anonymous Symbol]                       0x20000008   Section        0  retarget.o(.data.g_ICE_Connected)
    .bss                                     0x20000010   Section       96  libspace.o(.bss)
    Heap_Mem                                 0x200000c8   Data         256  startup_cm2003.o(HEAP)
    HEAP                                     0x200000c8   Section      256  startup_cm2003.o(HEAP)
    Stack_Mem                                0x200001c8   Data        1024  startup_cm2003.o(STACK)
    STACK                                    0x200001c8   Section     1024  startup_cm2003.o(STACK)
    __initial_sp                             0x200005c8   Data           0  startup_cm2003.o(STACK)

    Global Symbols

    Symbol Name                              Value     Ov Type        Size  Object(Section)

    BuildAttributes$$THM_ISAv3M$S$8M$PE$A:L22$X:L11$S22$IEEE1$IW$~IW$USESV6$~STKCKD$USESV7$~SHL$OTIME$ROPI$EBA8$UX$STANDARDLIB$REQ8$PRES8$EABIv2 0x00000000   Number         0  anon$$obj.o ABSOLUTE
    __Vectors                                0x00000000   Data           4  startup_cm2003.o(RESET)
    __ARM_exceptions_init                     - Undefined Weak Reference
    __alloca_initialize                       - Undefined Weak Reference
    __arm_preinit_                            - Undefined Weak Reference
    __arm_relocate_pie_                       - Undefined Weak Reference
    __cpp_initialize__aeabi_                  - Undefined Weak Reference
    __cxa_finalize                            - Undefined Weak Reference
    __rt_locale                               - Undefined Weak Reference
    __sigvec_lookup                           - Undefined Weak Reference
    _atexit_init                              - Undefined Weak Reference
    _call_atexit_fns                          - Undefined Weak Reference
    _clock_init                               - Undefined Weak Reference
    _fp_trap_init                             - Undefined Weak Reference
    _fp_trap_shutdown                         - Undefined Weak Reference
    _get_lc_collate                           - Undefined Weak Reference
    _get_lc_ctype                             - Undefined Weak Reference
    _get_lc_monetary                          - Undefined Weak Reference
    _get_lc_numeric                           - Undefined Weak Reference
    _get_lc_time                              - Undefined Weak Reference
    _getenv_init                              - Undefined Weak Reference
    _handle_redirection                       - Undefined Weak Reference
    _init_alloc                               - Undefined Weak Reference
    _init_user_alloc                          - Undefined Weak Reference
    _initio                                   - Undefined Weak Reference
    _printf_post_padding                      - Undefined Weak Reference
    _printf_pre_padding                       - Undefined Weak Reference
    _printf_truncate_signed                   - Undefined Weak Reference
    _printf_truncate_unsigned                 - Undefined Weak Reference
    _rand_init                                - Undefined Weak Reference
    _signal_finish                            - Undefined Weak Reference
    _signal_init                              - Undefined Weak Reference
    _terminate_alloc                          - Undefined Weak Reference
    _terminate_user_alloc                     - Undefined Weak Reference
    _terminateio                              - Undefined Weak Reference
    __Vectors_End                            0x00000164   Data           0  startup_cm2003.o(RESET)
    __Vectors_Size                           0x00000164   Number         0  startup_cm2003.o ABSOLUTE
    __main                                   0x00000165   Thumb Code     8  __main.o(!!!main)
    __scatterload                            0x0000016d   Thumb Code     0  __scatter.o(!!!scatter)
    __scatterload_rt2                        0x0000016d   Thumb Code    74  __scatter.o(!!!scatter)
    __scatterload_rt2_thumb_only             0x0000016d   Thumb Code     0  __scatter.o(!!!scatter)
    __scatterload_loop                       0x00000177   Thumb Code     0  __scatter.o(!!!scatter)
    __scatterload_copy                       0x000001c1   Thumb Code    26  __scatter_copy.o(!!handler_copy)
    __scatterload_null                       0x000001dd   Thumb Code     2  __scatter.o(!!handler_null)
    __scatterload_zeroinit                   0x000001e1   Thumb Code    28  __scatter_zi.o(!!handler_zi)
    _printf_percent                          0x000001fd   Thumb Code     0  _printf_percent.o(.ARM.Collect$$_printf_percent$$00000000)
    _printf_d                                0x000001ff   Thumb Code     0  _printf_d.o(.ARM.Collect$$_printf_percent$$00000009)
    _printf_percent_end                      0x00000209   Thumb Code     0  _printf_percent_end.o(.ARM.Collect$$_printf_percent$$00000017)
    __rt_lib_init                            0x0000020d   Thumb Code     0  libinit.o(.ARM.Collect$$libinit$$00000000)
    __rt_lib_init_alloca_1                   0x0000020f   Thumb Code     0  libinit2.o(.ARM.Collect$$libinit$$00000030)
    __rt_lib_init_argv_1                     0x0000020f   Thumb Code     0  libinit2.o(.ARM.Collect$$libinit$$0000002E)
    __rt_lib_init_atexit_1                   0x0000020f   Thumb Code     0  libinit2.o(.ARM.Collect$$libinit$$0000001D)
    __rt_lib_init_clock_1                    0x0000020f   Thumb Code     0  libinit2.o(.ARM.Collect$$libinit$$00000023)
    __rt_lib_init_cpp_1                      0x0000020f   Thumb Code     0  libinit2.o(.ARM.Collect$$libinit$$00000034)
    __rt_lib_init_exceptions_1               0x0000020f   Thumb Code     0  libinit2.o(.ARM.Collect$$libinit$$00000032)
    __rt_lib_init_fp_1                       0x0000020f   Thumb Code     0  libinit2.o(.ARM.Collect$$libinit$$00000002)
    __rt_lib_init_fp_trap_1                  0x0000020f   Thumb Code     0  libinit2.o(.ARM.Collect$$libinit$$00000021)
    __rt_lib_init_getenv_1                   0x0000020f   Thumb Code     0  libinit2.o(.ARM.Collect$$libinit$$00000025)
    __rt_lib_init_heap_1                     0x0000020f   Thumb Code     0  libinit2.o(.ARM.Collect$$libinit$$0000000C)
    __rt_lib_init_lc_collate_1               0x0000020f   Thumb Code     0  libinit2.o(.ARM.Collect$$libinit$$00000013)
    __rt_lib_init_lc_ctype_1                 0x0000020f   Thumb Code     0  libinit2.o(.ARM.Collect$$libinit$$00000015)
    __rt_lib_init_lc_monetary_1              0x0000020f   Thumb Code     0  libinit2.o(.ARM.Collect$$libinit$$00000017)
    __rt_lib_init_lc_numeric_1               0x0000020f   Thumb Code     0  libinit2.o(.ARM.Collect$$libinit$$00000019)
    __rt_lib_init_lc_time_1                  0x0000020f   Thumb Code     0  libinit2.o(.ARM.Collect$$libinit$$0000001B)
    __rt_lib_init_preinit_1                  0x0000020f   Thumb Code     0  libinit2.o(.ARM.Collect$$libinit$$00000006)
    __rt_lib_init_rand_1                     0x0000020f   Thumb Code     0  libinit2.o(.ARM.Collect$$libinit$$00000010)
    __rt_lib_init_relocate_pie_1             0x0000020f   Thumb Code     0  libinit2.o(.ARM.Collect$$libinit$$00000004)
    __rt_lib_init_return                     0x0000020f   Thumb Code     0  libinit2.o(.ARM.Collect$$libinit$$00000035)
    __rt_lib_init_signal_1                   0x0000020f   Thumb Code     0  libinit2.o(.ARM.Collect$$libinit$$0000001F)
    __rt_lib_init_stdio_1                    0x0000020f   Thumb Code     0  libinit2.o(.ARM.Collect$$libinit$$00000027)
    __rt_lib_init_user_alloc_1               0x0000020f   Thumb Code     0  libinit2.o(.ARM.Collect$$libinit$$0000000E)
    __rt_lib_shutdown                        0x00000211   Thumb Code     0  libshutdown.o(.ARM.Collect$$libshutdown$$00000000)
    __rt_lib_shutdown_cpp_1                  0x00000213   Thumb Code     0  libshutdown2.o(.ARM.Collect$$libshutdown$$00000002)
    __rt_lib_shutdown_fp_trap_1              0x00000213   Thumb Code     0  libshutdown2.o(.ARM.Collect$$libshutdown$$00000007)
    __rt_lib_shutdown_heap_1                 0x00000213   Thumb Code     0  libshutdown2.o(.ARM.Collect$$libshutdown$$0000000F)
    __rt_lib_shutdown_return                 0x00000213   Thumb Code     0  libshutdown2.o(.ARM.Collect$$libshutdown$$00000010)
    __rt_lib_shutdown_signal_1               0x00000213   Thumb Code     0  libshutdown2.o(.ARM.Collect$$libshutdown$$0000000A)
    __rt_lib_shutdown_stdio_1                0x00000213   Thumb Code     0  libshutdown2.o(.ARM.Collect$$libshutdown$$00000004)
    __rt_lib_shutdown_user_alloc_1           0x00000213   Thumb Code     0  libshutdown2.o(.ARM.Collect$$libshutdown$$0000000C)
    __rt_entry                               0x00000215   Thumb Code     0  __rtentry.o(.ARM.Collect$$rtentry$$00000000)
    __rt_entry_presh_1                       0x00000215   Thumb Code     0  __rtentry2.o(.ARM.Collect$$rtentry$$00000002)
    __rt_entry_sh                            0x00000215   Thumb Code     0  __rtentry4.o(.ARM.Collect$$rtentry$$00000004)
    __rt_entry_li                            0x0000021b   Thumb Code     0  __rtentry2.o(.ARM.Collect$$rtentry$$0000000A)
    __rt_entry_postsh_1                      0x0000021b   Thumb Code     0  __rtentry2.o(.ARM.Collect$$rtentry$$00000009)
    __rt_entry_main                          0x0000021f   Thumb Code     0  __rtentry2.o(.ARM.Collect$$rtentry$$0000000D)
    __rt_entry_postli_1                      0x0000021f   Thumb Code     0  __rtentry2.o(.ARM.Collect$$rtentry$$0000000C)
    __rt_exit                                0x00000227   Thumb Code     0  rtexit.o(.ARM.Collect$$rtexit$$00000000)
    __rt_exit_ls                             0x00000229   Thumb Code     0  rtexit2.o(.ARM.Collect$$rtexit$$00000003)
    __rt_exit_prels_1                        0x00000229   Thumb Code     0  rtexit2.o(.ARM.Collect$$rtexit$$00000002)
    __rt_exit_exit                           0x0000022d   Thumb Code     0  rtexit2.o(.ARM.Collect$$rtexit$$00000004)
    Reset_Handler                            0x00000235   Thumb Code    44  startup_cm2003.o(.text)
    NMI_Handler                              0x00000261   Thumb Code     2  startup_cm2003.o(.text)
    HardFault_Handler                        0x00000263   Thumb Code    16  startup_cm2003.o(.text)
    MemManage_Handler                        0x00000273   Thumb Code     2  startup_cm2003.o(.text)
    BusFault_Handler                         0x00000275   Thumb Code     2  startup_cm2003.o(.text)
    UsageFault_Handler                       0x00000277   Thumb Code     2  startup_cm2003.o(.text)
    SVC_Handler                              0x00000279   Thumb Code     2  startup_cm2003.o(.text)
    DebugMon_Handler                         0x0000027b   Thumb Code     2  startup_cm2003.o(.text)
    PendSV_Handler                           0x0000027d   Thumb Code     2  startup_cm2003.o(.text)
    SysTick_Handler                          0x0000027f   Thumb Code     2  startup_cm2003.o(.text)
    ADC_IRQHandler                           0x00000281   Thumb Code     0  startup_cm2003.o(.text)
    BOD_IRQHandler                           0x00000281   Thumb Code     0  startup_cm2003.o(.text)
    CAN0_IRQHandler                          0x00000281   Thumb Code     0  startup_cm2003.o(.text)
    CLKFAIL_IRQHandler                       0x00000281   Thumb Code     0  startup_cm2003.o(.text)
    CRC0_IRQHandler                          0x00000281   Thumb Code     0  startup_cm2003.o(.text)
    ECAP0_IRQHandler                         0x00000281   Thumb Code     0  startup_cm2003.o(.text)
    EINT0_IRQHandler                         0x00000281   Thumb Code     0  startup_cm2003.o(.text)
    EINT1_IRQHandler                         0x00000281   Thumb Code     0  startup_cm2003.o(.text)
    EINT2_IRQHandler                         0x00000281   Thumb Code     0  startup_cm2003.o(.text)
    EINT3_IRQHandler                         0x00000281   Thumb Code     0  startup_cm2003.o(.text)
    EINT4_IRQHandler                         0x00000281   Thumb Code     0  startup_cm2003.o(.text)
    EINT5_IRQHandler                         0x00000281   Thumb Code     0  startup_cm2003.o(.text)
    GPA_IRQHandler                           0x00000281   Thumb Code     0  startup_cm2003.o(.text)
    GPC_IRQHandler                           0x00000281   Thumb Code     0  startup_cm2003.o(.text)
    GPD_IRQHandler                           0x00000281   Thumb Code     0  startup_cm2003.o(.text)
    GPE_IRQHandler                           0x00000281   Thumb Code     0  startup_cm2003.o(.text)
    GPF_IRQHandler                           0x00000281   Thumb Code     0  startup_cm2003.o(.text)
    GPG_IRQHandler                           0x00000281   Thumb Code     0  startup_cm2003.o(.text)
    I2C0_IRQHandler                          0x00000281   Thumb Code     0  startup_cm2003.o(.text)
    ISP_IRQHandler                           0x00000281   Thumb Code     0  startup_cm2003.o(.text)
    PDMA0_IRQHandler                         0x00000281   Thumb Code     0  startup_cm2003.o(.text)
    PWM0_IRQHandler                          0x00000281   Thumb Code     0  startup_cm2003.o(.text)
    PWM1_IRQHandler                          0x00000281   Thumb Code     0  startup_cm2003.o(.text)
    PWRWU_IRQHandler                         0x00000281   Thumb Code     0  startup_cm2003.o(.text)
    QSPI0_IRQHandler                         0x00000281   Thumb Code     0  startup_cm2003.o(.text)
    TMR0_IRQHandler                          0x00000281   Thumb Code     0  startup_cm2003.o(.text)
    TMR1_IRQHandler                          0x00000281   Thumb Code     0  startup_cm2003.o(.text)
    TMR2_IRQHandler                          0x00000281   Thumb Code     0  startup_cm2003.o(.text)
    TMR3_IRQHandler                          0x00000281   Thumb Code     0  startup_cm2003.o(.text)
    UART0_IRQHandler                         0x00000281   Thumb Code     0  startup_cm2003.o(.text)
    UART1_IRQHandler                         0x00000281   Thumb Code     0  startup_cm2003.o(.text)
    UART2_IRQHandler                         0x00000281   Thumb Code     0  startup_cm2003.o(.text)
    USCI0_IRQHandler                         0x00000281   Thumb Code     0  startup_cm2003.o(.text)
    USCI1_IRQHandler                         0x00000281   Thumb Code     0  startup_cm2003.o(.text)
    USCI2_IRQHandler                         0x00000281   Thumb Code     0  startup_cm2003.o(.text)
    USCI3_IRQHandler                         0x00000281   Thumb Code     0  startup_cm2003.o(.text)
    WDT_IRQHandler                           0x00000281   Thumb Code     0  startup_cm2003.o(.text)
    WWDT_IRQHandler                          0x00000281   Thumb Code     0  startup_cm2003.o(.text)
    __user_initial_stackheap                 0x00000285   Thumb Code    10  startup_cm2003.o(.text)
    SH_DoCommand                             0x00000291   Thumb Code    10  startup_cm2003.o(.text)
    __PC                                     0x0000029b   Thumb Code     6  startup_cm2003.o(.text)
    SystemCoreClockUpdate                    0x000002cd   Thumb Code    44  system_cm2003.o(.text)
    SystemInit                               0x00000311   Thumb Code    64  system_cm2003.o(.text)
    Uart0DefaultMPF                          0x00000359   Thumb Code    36  system_cm2003.o(.text)
    SH_Return                                0x00000381   Thumb Code     4  retarget.o(.text)
    ProcessHardFault                         0x00000385   Thumb Code    40  retarget.o(.text)
    SendChar_ToUART                          0x000003c5   Thumb Code    76  retarget.o(.text)
    SendChar                                 0x00000415   Thumb Code    76  retarget.o(.text)
    GetChar                                  0x00000465   Thumb Code    40  retarget.o(.text)
    kbhit                                    0x00000491   Thumb Code    12  retarget.o(.text)
    IsDebugFifoEmpty                         0x000004a1   Thumb Code    12  retarget.o(.text)
    _ttywrch                                 0x000004b1   Thumb Code     4  retarget.o(.text)
    fputc                                    0x000004b5   Thumb Code    12  retarget.o(.text)
    fgetc                                    0x000004c1   Thumb Code    40  retarget.o(.text)
    ferror                                   0x000004ed   Thumb Code     6  retarget.o(.text)
    UART_ClearIntFlag                        0x000004f5   Thumb Code    80  uart.o(.text)
    UART_Close                               0x00000549   Thumb Code     6  uart.o(.text)
    UART_DisableFlowCtrl                     0x0000054f   Thumb Code    12  uart.o(.text)
    UART_DisableInt                          0x0000055b   Thumb Code     8  uart.o(.text)
    UART_EnableFlowCtrl                      0x00000563   Thumb Code    32  uart.o(.text)
    UART_EnableInt                           0x00000583   Thumb Code     8  uart.o(.text)
    UART_Open                                0x0000058d   Thumb Code   196  uart.o(.text)
    UART_Read                                0x00000669   Thumb Code   142  uart.o(.text)
    UART_SetLine_Config                      0x000006f9   Thumb Code   176  uart.o(.text)
    UART_SetTimeoutCnt                       0x000007bd   Thumb Code    22  uart.o(.text)
    UART_SelectIrDAMode                      0x000007d5   Thumb Code   184  uart.o(.text)
    UART_SelectRS485Mode                     0x000008a5   Thumb Code    28  uart.o(.text)
    UART_SelectLINMode                       0x000008c5   Thumb Code    24  uart.o(.text)
    UART_Write                               0x000008dd   Thumb Code   138  uart.o(.text)
    UART_SelectSingleWireMode                0x00000967   Thumb Code    14  uart.o(.text)
    SYS_ClearResetSrc                        0x00000975   Thumb Code     8  sys.o(.text)
    SYS_GetBODStatus                         0x00000981   Thumb Code    12  sys.o(.text)
    SYS_GetResetSrc                          0x00000991   Thumb Code     8  sys.o(.text)
    SYS_IsRegLocked                          0x0000099d   Thumb Code    12  sys.o(.text)
    SYS_ReadPDID                             0x000009ad   Thumb Code     8  sys.o(.text)
    SYS_ResetChip                            0x000009b5   Thumb Code    12  sys.o(.text)
    SYS_ResetCPU                             0x000009c5   Thumb Code    12  sys.o(.text)
    SYS_ResetModule                          0x000009d5   Thumb Code    24  sys.o(.text)
    SYS_EnableBOD                            0x000009f1   Thumb Code    84  sys.o(.text)
    SYS_DisableBOD                           0x00000a51   Thumb Code    72  sys.o(.text)
    CLK_DisableCKO                           0x00000a9d   Thumb Code    12  clk.o(.text)
    CLK_EnableCKO                            0x00000aad   Thumb Code    36  clk.o(.text)
    CLK_PowerDown                            0x00000ad5   Thumb Code    60  clk.o(.text)
    CLK_Idle                                 0x00000b1d   Thumb Code    24  clk.o(.text)
    CLK_GetHXTFreq                           0x00000b3d   Thumb Code     8  clk.o(.text)
    CLK_GetHCLKFreq                          0x00000b49   Thumb Code    12  clk.o(.text)
    CLK_GetPCLK0Freq                         0x00000b59   Thumb Code    24  clk.o(.text)
    CLK_GetPCLK1Freq                         0x00000b79   Thumb Code    24  clk.o(.text)
    CLK_GetPCLK2Freq                         0x00000b99   Thumb Code    24  clk.o(.text)
    CLK_GetCPUFreq                           0x00000bb9   Thumb Code    12  clk.o(.text)
    CLK_SetCoreClock                         0x00000bc9   Thumb Code   160  clk.o(.text)
    CLK_SetHCLK                              0x00000c81   Thumb Code   192  clk.o(.text)
    CLK_WaitClockReady                       0x00000d55   Thumb Code    92  clk.o(.text)
    CLK_SetModuleClock                       0x00000dc1   Thumb Code    68  clk.o(.text)
    CLK_SetSysTickClockSrc                   0x00000e11   Thumb Code    16  clk.o(.text)
    CLK_EnableXtalRC                         0x00000e25   Thumb Code    12  clk.o(.text)
    CLK_DisableXtalRC                        0x00000e35   Thumb Code    12  clk.o(.text)
    CLK_EnableModuleClock                    0x00000e45   Thumb Code    24  clk.o(.text)
    CLK_DisableModuleClock                   0x00000e61   Thumb Code    24  clk.o(.text)
    CLK_EnableSysTick                        0x00000e7d   Thumb Code    56  clk.o(.text)
    CLK_DisableSysTick                       0x00000ebd   Thumb Code     8  clk.o(.text)
    CLK_SetPowerDownMode                     0x00000ec9   Thumb Code    80  clk.o(.text)
    CLK_EnableDPDWKPin                       0x00000f21   Thumb Code   132  clk.o(.text)
    CLK_GetPMUWKSrc                          0x00000fad   Thumb Code     8  clk.o(.text)
    CLK_EnableSPDWKPin                       0x00000fb9   Thumb Code    32  clk.o(.text)
    CLK_GetModuleClockSource                 0x00000fdd   Thumb Code    36  clk.o(.text)
    CLK_GetModuleClockDivider                0x00001009   Thumb Code    36  clk.o(.text)
    GPIO_SetMode                             0x00001035   Thumb Code   220  gpio.o(.text)
    GPIO_EnableInt                           0x00001111   Thumb Code    40  gpio.o(.text)
    GPIO_DisableInt                          0x0000113d   Thumb Code    24  gpio.o(.text)
    GPIO_SetSlewCtl                          0x00001159   Thumb Code   220  gpio.o(.text)
    GPIO_SetPullCtl                          0x00001235   Thumb Code   220  gpio.o(.text)
    SYS_Init                                 0x00001311   Thumb Code   112  main.o(.text)
    UART0_Init                               0x00001389   Thumb Code    24  main.o(.text)
    GPB_IRQHandler                           0x000013a9   Thumb Code    56  main.o(.text)
    GPIO_FunctionTest                        0x0000145d   Thumb Code   144  main.o(.text)
    main                                     0x00001585   Thumb Code    44  main.o(.text)
    __2printf                                0x000015f1   Thumb Code    22  noretval__2printf.o(.text)
    __printf                                 0x0000160d   Thumb Code   108  __printf.o(.text)
    _printf_int_dec                          0x00001679   Thumb Code    90  _printf_dec.o(.text)
    puts                                     0x000016e5   Thumb Code    38  puts.o(.text)
    __use_two_region_memory                  0x00001711   Thumb Code     2  heapauxi.o(.text)
    __rt_heap_escrow$2region                 0x00001713   Thumb Code     2  heapauxi.o(.text)
    __rt_heap_expand$2region                 0x00001715   Thumb Code     2  heapauxi.o(.text)
    _printf_int_common                       0x00001717   Thumb Code   176  _printf_intcommon.o(.text)
    _printf_char_file                        0x000017c9   Thumb Code    34  _printf_char_file.o(.text)
    __rt_udiv10                              0x000017f1   Thumb Code    40  rtudiv10.o(.text)
    _printf_char_common                      0x00001823   Thumb Code    32  _printf_char_common.o(.text)
    __user_setup_stackheap                   0x00001849   Thumb Code    62  sys_stackheap_outer.o(.text)
    exit                                     0x00001887   Thumb Code    16  exit.o(.text)
    __user_libspace                          0x00001899   Thumb Code     8  libspace.o(.text)
    __user_perproc_libspace                  0x00001899   Thumb Code     0  libspace.o(.text)
    __user_perthread_libspace                0x00001899   Thumb Code     0  libspace.o(.text)
    _sys_exit                                0x000018a1   Thumb Code     8  sys_exit.o(.text)
    __I$use$semihosting                      0x000018ad   Thumb Code     0  use_no_semi.o(.text)
    __use_no_semihosting_swi                 0x000018ad   Thumb Code     2  use_no_semi.o(.text)
    __semihosting_library_function           0x000018af   Thumb Code     0  indicate_semi.o(.text)
    gau32ClkSrcTbl                           0x000018e4   Data          32  system_cm2003.o(.rodata.gau32ClkSrcTbl)
    Region$$Table$$Base                      0x000019b4   Number         0  anon$$obj.o(Region$$Table)
    Region$$Table$$Limit                     0x000019d4   Number         0  anon$$obj.o(Region$$Table)
    CyclesPerUs                              0x20000000   Data           4  system_cm2003.o(.data.CyclesPerUs)
    SystemCoreClock                          0x20000004   Data           4  system_cm2003.o(.data.SystemCoreClock)
    __libspace_start                         0x20000010   Data          96  libspace.o(.bss)
    __stdout                                 0x20000070   Data          84  retarget.o(.bss.__stdout)
    __temporary_stack_top$libspace           0x20000070   Data           0  libspace.o(.bss)
    g_CLK_i32ErrCode                         0x200000c4   Data           4  clk.o(.bss.g_CLK_i32ErrCode)



==============================================================================

Memory Map of the image

  Image Entry point : 0x00000235

  Load Region LR_1 (Base: 0x00000000, Size: 0x000019e0, Max: 0xffffffff, ABSOLUTE)

    Execution Region ER_RO (Exec base: 0x00000000, Load base: 0x00000000, Size: 0x000019d4, Max: 0xffffffff, ABSOLUTE)

    Exec Addr    Load Addr    Size         Type   Attr      Idx    E Section Name        Object

    0x00000000   0x00000000   0x00000164   Data   RO            3    RESET               startup_cm2003.o
    0x00000164   0x00000164   0x00000008   Code   RO          113  * !!!main             c_p.l(__main.o)
    0x0000016c   0x0000016c   0x00000054   Code   RO          287    !!!scatter          c_p.l(__scatter.o)
    0x000001c0   0x000001c0   0x0000001a   Code   RO          291    !!handler_copy      c_p.l(__scatter_copy.o)
    0x000001da   0x000001da   0x00000002   PAD
    0x000001dc   0x000001dc   0x00000002   Code   RO          288    !!handler_null      c_p.l(__scatter.o)
    0x000001de   0x000001de   0x00000002   PAD
    0x000001e0   0x000001e0   0x0000001c   Code   RO          293    !!handler_zi        c_p.l(__scatter_zi.o)
    0x000001fc   0x000001fc   0x00000002   Code   RO          108    .ARM.Collect$$_printf_percent$$00000000  c_p.l(_printf_percent.o)
    0x000001fe   0x000001fe   0x0000000a   Code   RO          107    .ARM.Collect$$_printf_percent$$00000009  c_p.l(_printf_d.o)
    0x00000208   0x00000208   0x00000004   Code   RO          120    .ARM.Collect$$_printf_percent$$00000017  c_p.l(_printf_percent_end.o)
    0x0000020c   0x0000020c   0x00000002   Code   RO          152    .ARM.Collect$$libinit$$00000000  c_p.l(libinit.o)
    0x0000020e   0x0000020e   0x00000000   Code   RO          160    .ARM.Collect$$libinit$$00000002  c_p.l(libinit2.o)
    0x0000020e   0x0000020e   0x00000000   Code   RO          162    .ARM.Collect$$libinit$$00000004  c_p.l(libinit2.o)
    0x0000020e   0x0000020e   0x00000000   Code   RO          164    .ARM.Collect$$libinit$$00000006  c_p.l(libinit2.o)
    0x0000020e   0x0000020e   0x00000000   Code   RO          167    .ARM.Collect$$libinit$$0000000C  c_p.l(libinit2.o)
    0x0000020e   0x0000020e   0x00000000   Code   RO          169    .ARM.Collect$$libinit$$0000000E  c_p.l(libinit2.o)
    0x0000020e   0x0000020e   0x00000000   Code   RO          171    .ARM.Collect$$libinit$$00000010  c_p.l(libinit2.o)
    0x0000020e   0x0000020e   0x00000000   Code   RO          174    .ARM.Collect$$libinit$$00000013  c_p.l(libinit2.o)
    0x0000020e   0x0000020e   0x00000000   Code   RO          176    .ARM.Collect$$libinit$$00000015  c_p.l(libinit2.o)
    0x0000020e   0x0000020e   0x00000000   Code   RO          178    .ARM.Collect$$libinit$$00000017  c_p.l(libinit2.o)
    0x0000020e   0x0000020e   0x00000000   Code   RO          180    .ARM.Collect$$libinit$$00000019  c_p.l(libinit2.o)
    0x0000020e   0x0000020e   0x00000000   Code   RO          182    .ARM.Collect$$libinit$$0000001B  c_p.l(libinit2.o)
    0x0000020e   0x0000020e   0x00000000   Code   RO          184    .ARM.Collect$$libinit$$0000001D  c_p.l(libinit2.o)
    0x0000020e   0x0000020e   0x00000000   Code   RO          186    .ARM.Collect$$libinit$$0000001F  c_p.l(libinit2.o)
    0x0000020e   0x0000020e   0x00000000   Code   RO          188    .ARM.Collect$$libinit$$00000021  c_p.l(libinit2.o)
    0x0000020e   0x0000020e   0x00000000   Code   RO          190    .ARM.Collect$$libinit$$00000023  c_p.l(libinit2.o)
    0x0000020e   0x0000020e   0x00000000   Code   RO          192    .ARM.Collect$$libinit$$00000025  c_p.l(libinit2.o)
    0x0000020e   0x0000020e   0x00000000   Code   RO          194    .ARM.Collect$$libinit$$00000027  c_p.l(libinit2.o)
    0x0000020e   0x0000020e   0x00000000   Code   RO          198    .ARM.Collect$$libinit$$0000002E  c_p.l(libinit2.o)
    0x0000020e   0x0000020e   0x00000000   Code   RO          200    .ARM.Collect$$libinit$$00000030  c_p.l(libinit2.o)
    0x0000020e   0x0000020e   0x00000000   Code   RO          202    .ARM.Collect$$libinit$$00000032  c_p.l(libinit2.o)
    0x0000020e   0x0000020e   0x00000000   Code   RO          204    .ARM.Collect$$libinit$$00000034  c_p.l(libinit2.o)
    0x0000020e   0x0000020e   0x00000002   Code   RO          205    .ARM.Collect$$libinit$$00000035  c_p.l(libinit2.o)
    0x00000210   0x00000210   0x00000002   Code   RO          227    .ARM.Collect$$libshutdown$$00000000  c_p.l(libshutdown.o)
    0x00000212   0x00000212   0x00000000   Code   RO          242    .ARM.Collect$$libshutdown$$00000002  c_p.l(libshutdown2.o)
    0x00000212   0x00000212   0x00000000   Code   RO          244    .ARM.Collect$$libshutdown$$00000004  c_p.l(libshutdown2.o)
    0x00000212   0x00000212   0x00000000   Code   RO          247    .ARM.Collect$$libshutdown$$00000007  c_p.l(libshutdown2.o)
    0x00000212   0x00000212   0x00000000   Code   RO          250    .ARM.Collect$$libshutdown$$0000000A  c_p.l(libshutdown2.o)
    0x00000212   0x00000212   0x00000000   Code   RO          252    .ARM.Collect$$libshutdown$$0000000C  c_p.l(libshutdown2.o)
    0x00000212   0x00000212   0x00000000   Code   RO          255    .ARM.Collect$$libshutdown$$0000000F  c_p.l(libshutdown2.o)
    0x00000212   0x00000212   0x00000002   Code   RO          256    .ARM.Collect$$libshutdown$$00000010  c_p.l(libshutdown2.o)
    0x00000214   0x00000214   0x00000000   Code   RO          115    .ARM.Collect$$rtentry$$00000000  c_p.l(__rtentry.o)
    0x00000214   0x00000214   0x00000000   Code   RO          124    .ARM.Collect$$rtentry$$00000002  c_p.l(__rtentry2.o)
    0x00000214   0x00000214   0x00000006   Code   RO          136    .ARM.Collect$$rtentry$$00000004  c_p.l(__rtentry4.o)
    0x0000021a   0x0000021a   0x00000000   Code   RO          126    .ARM.Collect$$rtentry$$00000009  c_p.l(__rtentry2.o)
    0x0000021a   0x0000021a   0x00000004   Code   RO          127    .ARM.Collect$$rtentry$$0000000A  c_p.l(__rtentry2.o)
    0x0000021e   0x0000021e   0x00000000   Code   RO          129    .ARM.Collect$$rtentry$$0000000C  c_p.l(__rtentry2.o)
    0x0000021e   0x0000021e   0x00000008   Code   RO          130    .ARM.Collect$$rtentry$$0000000D  c_p.l(__rtentry2.o)
    0x00000226   0x00000226   0x00000002   Code   RO          157    .ARM.Collect$$rtexit$$00000000  c_p.l(rtexit.o)
    0x00000228   0x00000228   0x00000000   Code   RO          207    .ARM.Collect$$rtexit$$00000002  c_p.l(rtexit2.o)
    0x00000228   0x00000228   0x00000004   Code   RO          208    .ARM.Collect$$rtexit$$00000003  c_p.l(rtexit2.o)
    0x0000022c   0x0000022c   0x00000006   Code   RO          209    .ARM.Collect$$rtexit$$00000004  c_p.l(rtexit2.o)
    0x00000232   0x00000232   0x00000002   PAD
    0x00000234   0x00000234   0x00000098   Code   RO            4  * .text               startup_cm2003.o
    0x000002cc   0x000002cc   0x000000b4   Code   RO           10    .text               system_cm2003.o
    0x00000380   0x00000380   0x00000172   Code   RO           22    .text               retarget.o
    0x000004f2   0x000004f2   0x00000002   PAD
    0x000004f4   0x000004f4   0x00000480   Code   RO           33    .text               uart.o
    0x00000974   0x00000974   0x00000128   Code   RO           42    .text               sys.o
    0x00000a9c   0x00000a9c   0x00000598   Code   RO           51    .text               clk.o
    0x00001034   0x00001034   0x000002dc   Code   RO           62    .text               gpio.o
    0x00001310   0x00001310   0x000002e0   Code   RO           70    .text               main.o
    0x000015f0   0x000015f0   0x0000001c   Code   RO           81    .text               c_p.l(noretval__2printf.o)
    0x0000160c   0x0000160c   0x0000006c   Code   RO           83    .text               c_p.l(__printf.o)
    0x00001678   0x00001678   0x0000006c   Code   RO           85    .text               c_p.l(_printf_dec.o)
    0x000016e4   0x000016e4   0x0000002c   Code   RO          109    .text               c_p.l(puts.o)
    0x00001710   0x00001710   0x00000006   Code   RO          111    .text               c_p.l(heapauxi.o)
    0x00001716   0x00001716   0x000000b0   Code   RO          116    .text               c_p.l(_printf_intcommon.o)
    0x000017c6   0x000017c6   0x00000002   PAD
    0x000017c8   0x000017c8   0x00000028   Code   RO          118    .text               c_p.l(_printf_char_file.o)
    0x000017f0   0x000017f0   0x00000028   Code   RO          121    .text               c_p.l(rtudiv10.o)
    0x00001818   0x00001818   0x00000030   Code   RO          138    .text               c_p.l(_printf_char_common.o)
    0x00001848   0x00001848   0x0000003e   Code   RO          140    .text               c_p.l(sys_stackheap_outer.o)
    0x00001886   0x00001886   0x00000010   Code   RO          145    .text               c_p.l(exit.o)
    0x00001896   0x00001896   0x00000002   PAD
    0x00001898   0x00001898   0x00000008   Code   RO          153    .text               c_p.l(libspace.o)
    0x000018a0   0x000018a0   0x0000000c   Code   RO          217    .text               c_p.l(sys_exit.o)
    0x000018ac   0x000018ac   0x00000002   Code   RO          232    .text               c_p.l(use_no_semi.o)
    0x000018ae   0x000018ae   0x00000000   Code   RO          234    .text               c_p.l(indicate_semi.o)
    0x000018ae   0x000018ae   0x00000002   PAD
    0x000018b0   0x000018b0   0x00000014   Data   RO           35    .rodata..L__const.UART_SelectIrDAMode.u32ClkTbl  uart.o
    0x000018c4   0x000018c4   0x00000020   Data   RO           54    .rodata.cst16       clk.o
    0x000018e4   0x000018e4   0x00000020   Data   RO           15    .rodata.gau32ClkSrcTbl  system_cm2003.o
    0x00001904   0x00001904   0x000000af   Data   RO           72    .rodata.str1.1      main.o
    0x000019b3   0x000019b3   0x00000001   PAD
    0x000019b4   0x000019b4   0x00000020   Data   RO          286    Region$$Table       anon$$obj.o


    Execution Region ER_RW (Exec base: 0x20000000, Load base: 0x000019d4, Size: 0x0000000c, Max: 0xffffffff, ABSOLUTE)

    Exec Addr    Load Addr    Size         Type   Attr      Idx    E Section Name        Object

    0x20000000   0x000019d4   0x00000004   Data   RW           13    .data.CyclesPerUs   system_cm2003.o
    0x20000004   0x000019d8   0x00000004   Data   RW           12    .data.SystemCoreClock  system_cm2003.o
    0x20000008   0x000019dc   0x00000004   Data   RW           24    .data.g_ICE_Connected  retarget.o


    Execution Region ER_ZI (Exec base: 0x20000010, Load base: 0x000019e0, Size: 0x000005b8, Max: 0xffffffff, ABSOLUTE)

    Exec Addr    Load Addr    Size         Type   Attr      Idx    E Section Name        Object

    0x20000010        -       0x00000060   Zero   RW          154    .bss                c_p.l(libspace.o)
    0x20000070        -       0x00000054   Zero   RW           25    .bss.__stdout       retarget.o
    0x200000c4        -       0x00000004   Zero   RW           53    .bss.g_CLK_i32ErrCode  clk.o
    0x200000c8        -       0x00000100   Zero   RW            2    HEAP                startup_cm2003.o
    0x200001c8        -       0x00000400   Zero   RW            1    STACK               startup_cm2003.o


==============================================================================

Image component sizes


      Code (inc. data)   RO Data    RW Data    ZI Data      Debug   Object Name

      1432        208         32          0          4       9083   clk.o
       732          8          0          0          0       3068   gpio.o
       736        356        175          0          0       5060   main.o
       370         48          0          4         84       3444   retarget.o
       152         50        356          0       1280       1112   startup_cm2003.o
       296         44          0          0          0       3393   sys.o
       180         36         32          8          0       3260   system_cm2003.o
      1152         76         20          0          0       6896   uart.o

    ----------------------------------------------------------------------
      5052        826        648         12       1368      35316   Object Totals
         0          0         32          0          0          0   (incl. Generated)
         2          0          1          0          0          0   (incl. Padding)

    ----------------------------------------------------------------------

      Code (inc. data)   RO Data    RW Data    ZI Data      Debug   Library Member Name

         8          0          0          0          0         68   __main.o
       108          0          0          0          0         76   __printf.o
         0          0          0          0          0          0   __rtentry.o
        12          0          0          0          0          0   __rtentry2.o
         6          0          0          0          0          0   __rtentry4.o
        86         10          0          0          0          0   __scatter.o
        26          0          0          0          0          0   __scatter_copy.o
        28          0          0          0          0          0   __scatter_zi.o
        48          6          0          0          0         88   _printf_char_common.o
        40          6          0          0          0         72   _printf_char_file.o
        10          0          0          0          0          0   _printf_d.o
       108         18          0          0          0         76   _printf_dec.o
       176          0          0          0          0         84   _printf_intcommon.o
         2          0          0          0          0          0   _printf_percent.o
         4          0          0          0          0          0   _printf_percent_end.o
        16          0          0          0          0         68   exit.o
         6          0          0          0          0        136   heapauxi.o
         0          0          0          0          0          0   indicate_semi.o
         2          0          0          0          0          0   libinit.o
         2          0          0          0          0          0   libinit2.o
         2          0          0          0          0          0   libshutdown.o
         2          0          0          0          0          0   libshutdown2.o
         8          4          0          0         96         68   libspace.o
        28          6          0          0          0         84   noretval__2printf.o
        44          6          0          0          0         68   puts.o
         2          0          0          0          0          0   rtexit.o
        10          0          0          0          0          0   rtexit2.o
        40          0          0          0          0         60   rtudiv10.o
        12          4          0          0          0         60   sys_exit.o
        62          0          0          0          0         80   sys_stackheap_outer.o
         2          0          0          0          0         68   use_no_semi.o

    ----------------------------------------------------------------------
       912         60          0          0         96       1156   Library Totals
        12          0          0          0          0          0   (incl. Padding)

    ----------------------------------------------------------------------

      Code (inc. data)   RO Data    RW Data    ZI Data      Debug   Library Name

       900         60          0          0         96       1156   c_p.l

    ----------------------------------------------------------------------
       912         60          0          0         96       1156   Library Totals

    ----------------------------------------------------------------------

==============================================================================


      Code (inc. data)   RO Data    RW Data    ZI Data      Debug   

      5964        886        648         12       1464      35976   Grand Totals
      5964        886        648         12       1464      35976   ELF Image Totals
      5964        886        648         12          0          0   ROM Totals

==============================================================================

    Total RO  Size (Code + RO Data)                 6612 (   6.46kB)
    Total RW  Size (RW Data + ZI Data)              1476 (   1.44kB)
    Total ROM Size (Code + RO Data + RW Data)       6624 (   6.47kB)

==============================================================================

