	.text
	.syntax unified
	.eabi_attribute	67, "2.09"	@ Tag_conformance
	.cpu	cortex-m23
	.eabi_attribute	6, 16	@ Tag_CPU_arch
	.eabi_attribute	7, 77	@ Tag_CPU_arch_profile
	.eabi_attribute	8, 0	@ Tag_ARM_ISA_use
	.eabi_attribute	9, 3	@ Tag_THUMB_ISA_use
	.eabi_attribute	34, 0	@ Tag_CPU_unaligned_access
	.eabi_attribute	17, 1	@ Tag_ABI_PCS_GOT_use
	.eabi_attribute	20, 2	@ Tag_ABI_FP_denormal
	.eabi_attribute	21, 0	@ Tag_ABI_FP_exceptions
	.eabi_attribute	23, 1	@ Tag_ABI_FP_number_model
	.eabi_attribute	24, 1	@ Tag_ABI_align_needed
	.eabi_attribute	25, 1	@ Tag_ABI_align_preserved
	.eabi_attribute	38, 1	@ Tag_ABI_FP_16bit_format
	.eabi_attribute	18, 2	@ Tag_ABI_PCS_wchar_t
	.eabi_attribute	26, 1	@ Tag_ABI_enum_size
	.eabi_attribute	14, 0	@ Tag_ABI_PCS_R9_use
	.file	"retarget.c"
	.file	1 "D:\\BSP\\M2003BSP-master\\CM2003xC_CM2003xE_CM2003xG_Series\\SampleCode\\StdDriver\\GPIO_INT\\Keil" "../../../../Library/StdDriver/src/retarget.c"
	.file	2 "C:\\Keil_v5\\ARM\\ARMCLANG\\bin\\..\\include" "stdio.h"
	.file	3 "C:\\Keil_v5\\ARM\\ARMCLANG\\bin\\..\\include" "stdint.h"
	.file	4 "D:\\BSP\\M2003BSP-master\\CM2003xC_CM2003xE_CM2003xG_Series\\SampleCode\\StdDriver\\GPIO_INT\\Keil" "../../../../Library/Device/Nuvoton/CM2003/Include\\CM2003.h"
	.file	5 "D:\\BSP\\M2003BSP-master\\CM2003xC_CM2003xE_CM2003xG_Series\\SampleCode\\StdDriver\\GPIO_INT\\Keil" "../../../../Library/Device/Nuvoton/CM2003/Include\\uart_reg.h"
	.hidden	SH_Return                       @ -- Begin function SH_Return
	.globl	SH_Return
	.p2align	1
	.type	SH_Return,%function
	.code	16                              @ @SH_Return
	.thumb_func
SH_Return:
.Lfunc_begin0:
	.loc	1 173 0                         @ ../../../../Library/StdDriver/src/retarget.c:173:0
	.fnstart
	.cfi_sections .debug_frame
	.cfi_startproc
@ %bb.0:
	@DEBUG_VALUE: SH_Return:n32In_R0 <- $r0
	@DEBUG_VALUE: SH_Return:n32In_R1 <- $r1
	@DEBUG_VALUE: SH_Return:pn32Out_R0 <- $r2
	movs	r0, #0
.Ltmp0:
	@DEBUG_VALUE: SH_Return:n32In_R0 <- [DW_OP_LLVM_entry_value 1] $r0
	.loc	1 174 5 prologue_end            @ ../../../../Library/StdDriver/src/retarget.c:174:5
	bx	lr
.Ltmp1:
.Lfunc_end0:
	.size	SH_Return, .Lfunc_end0-SH_Return
	.cfi_endproc
	.cantunwind
	.fnend
                                        @ -- End function
	.hidden	ProcessHardFault                @ -- Begin function ProcessHardFault
	.weak	ProcessHardFault
	.p2align	2
	.type	ProcessHardFault,%function
	.code	16                              @ @ProcessHardFault
	.thumb_func
ProcessHardFault:
.Lfunc_begin1:
	.loc	1 187 0                         @ ../../../../Library/StdDriver/src/retarget.c:187:0
	.fnstart
	.cfi_startproc
@ %bb.0:
	@DEBUG_VALUE: ProcessHardFault:lr <- $r0
	@DEBUG_VALUE: ProcessHardFault:msp <- $r1
	@DEBUG_VALUE: ProcessHardFault:psp <- $r2
	.save	{r4, lr}
	push	{r4, lr}
	.cfi_def_cfa_offset 8
	.cfi_offset lr, -4
	.cfi_offset r4, -8
	lsls	r3, r0, #29
	bpl	.LBB1_2
.Ltmp2:
@ %bb.1:
	@DEBUG_VALUE: ProcessHardFault:psp <- $r2
	@DEBUG_VALUE: ProcessHardFault:msp <- $r1
	@DEBUG_VALUE: ProcessHardFault:lr <- $r0
	mov	r1, r2
.Ltmp3:
	@DEBUG_VALUE: ProcessHardFault:msp <- [DW_OP_LLVM_entry_value 1] $r1
.LBB1_2:
	@DEBUG_VALUE: ProcessHardFault:psp <- $r2
	@DEBUG_VALUE: ProcessHardFault:lr <- $r0
	@DEBUG_VALUE: ProcessHardFault:sp <- $r1
	.loc	1 225 12 prologue_end           @ ../../../../Library/StdDriver/src/retarget.c:225:12
	ldr	r2, [r1, #24]
.Ltmp4:
	@DEBUG_VALUE: ProcessHardFault:psp <- [DW_OP_LLVM_entry_value 1] $r2
	ldrh	r3, [r2]
.Ltmp5:
	@DEBUG_VALUE: ProcessHardFault:inst <- [DW_OP_LLVM_convert 16 7, DW_OP_LLVM_convert 32 7, DW_OP_stack_value] $r3
	.loc	1 0 12 is_stmt 0                @ ../../../../Library/StdDriver/src/retarget.c:0:12
	ldr	r4, __arm_cp.1_0
	.loc	1 227 9 is_stmt 1               @ ../../../../Library/StdDriver/src/retarget.c:227:9
	cmp	r3, r4
	bne	.LBB1_4
.Ltmp6:
@ %bb.3:
	@DEBUG_VALUE: ProcessHardFault:inst <- [DW_OP_LLVM_convert 16 7, DW_OP_LLVM_convert 32 7, DW_OP_stack_value] $r3
	@DEBUG_VALUE: ProcessHardFault:psp <- [DW_OP_LLVM_entry_value 1] $r2
	@DEBUG_VALUE: ProcessHardFault:sp <- $r1
	@DEBUG_VALUE: ProcessHardFault:lr <- $r0
	.loc	1 233 25                        @ ../../../../Library/StdDriver/src/retarget.c:233:25
	ldr	r3, __arm_cp.1_2
.Ltmp7:
	.loc	1 0 25 is_stmt 0                @ ../../../../Library/StdDriver/src/retarget.c:0:25
	movs	r4, #0
	.loc	1 233 25                        @ ../../../../Library/StdDriver/src/retarget.c:233:25
	str	r4, [r3]
	.loc	1 234 15 is_stmt 1              @ ../../../../Library/StdDriver/src/retarget.c:234:15
	adds	r2, r2, #2
	str	r2, [r1, #24]
.Ltmp8:
	.loc	1 245 1 epilogue_begin          @ ../../../../Library/StdDriver/src/retarget.c:245:1
	pop	{r4, pc}
.Ltmp9:
.LBB1_4:
	@DEBUG_VALUE: ProcessHardFault:inst <- [DW_OP_LLVM_convert 16 7, DW_OP_LLVM_convert 32 7, DW_OP_stack_value] $r3
	@DEBUG_VALUE: ProcessHardFault:psp <- [DW_OP_LLVM_entry_value 1] $r2
	@DEBUG_VALUE: ProcessHardFault:sp <- $r1
	@DEBUG_VALUE: ProcessHardFault:lr <- $r0
	.loc	1 238 5                         @ ../../../../Library/StdDriver/src/retarget.c:238:5
	adr	r0, .LCPI1_1
.Ltmp10:
	@DEBUG_VALUE: ProcessHardFault:lr <- [DW_OP_LLVM_entry_value 1] $r0
	bl	puts
.Ltmp11:
.LBB1_5:                                @ =>This Inner Loop Header: Depth=1
	@DEBUG_VALUE: ProcessHardFault:lr <- [DW_OP_LLVM_entry_value 1] $r0
	@DEBUG_VALUE: ProcessHardFault:psp <- [DW_OP_LLVM_entry_value 1] $r2
	.loc	1 242 5                         @ ../../../../Library/StdDriver/src/retarget.c:242:5
	b	.LBB1_5
.Ltmp12:
	.loc	1 0 5 is_stmt 0                 @ :0:5
.Ltmp13:
	.p2align	2
@ %bb.6:
__arm_cp.1_0:
	.long	48811                           @ 0xbeab
.Lcpi_end0:
	.size	__arm_cp.1_0, .Lcpi_end0-__arm_cp.1_0
.LCPI1_1:
.Lstr:
	.asciz	"  HardFault!\n\000\000"
__arm_cp.1_2:
	.long	g_ICE_Connected
.Lcpi_end1:
	.size	__arm_cp.1_2, .Lcpi_end1-__arm_cp.1_2
.Lfunc_end1:
	.size	ProcessHardFault, .Lfunc_end1-ProcessHardFault
	.cfi_endproc
	.cantunwind
	.fnend
                                        @ -- End function
	.hidden	SendChar_ToUART                 @ -- Begin function SendChar_ToUART
	.globl	SendChar_ToUART
	.p2align	2
	.type	SendChar_ToUART,%function
	.code	16                              @ @SendChar_ToUART
	.thumb_func
SendChar_ToUART:
.Lfunc_begin2:
	.loc	1 257 0 is_stmt 1               @ ../../../../Library/StdDriver/src/retarget.c:257:0
	.fnstart
	.cfi_startproc
@ %bb.0:
	@DEBUG_VALUE: SendChar_ToUART:ch <- $r0
	.save	{r4, lr}
	push	{r4, lr}
	.cfi_def_cfa_offset 8
	.cfi_offset lr, -4
	.cfi_offset r4, -8
	movs	r1, #1
	lsls	r2, r1, #23
	ldr	r1, __arm_cp.2_0
.Ltmp14:
.LBB2_1:                                @ =>This Inner Loop Header: Depth=1
	@DEBUG_VALUE: SendChar_ToUART:ch <- $r0
	.loc	1 258 24 prologue_end           @ ../../../../Library/StdDriver/src/retarget.c:258:24
	ldr	r3, [r1]
	.loc	1 258 5 is_stmt 0               @ ../../../../Library/StdDriver/src/retarget.c:258:5
	tst	r3, r2
	beq	.LBB2_5
.Ltmp15:
@ %bb.2:                                @   in Loop: Header=BB2_1 Depth=1
	@DEBUG_VALUE: SendChar_ToUART:ch <- $r0
	.loc	1 258 24                        @ ../../../../Library/StdDriver/src/retarget.c:258:24
	ldr	r3, [r1]
	.loc	1 258 5                         @ ../../../../Library/StdDriver/src/retarget.c:258:5
	tst	r3, r2
	beq	.LBB2_5
.Ltmp16:
@ %bb.3:                                @   in Loop: Header=BB2_1 Depth=1
	@DEBUG_VALUE: SendChar_ToUART:ch <- $r0
	.loc	1 258 24                        @ ../../../../Library/StdDriver/src/retarget.c:258:24
	ldr	r3, [r1]
	.loc	1 258 5                         @ ../../../../Library/StdDriver/src/retarget.c:258:5
	tst	r3, r2
	beq	.LBB2_5
.Ltmp17:
@ %bb.4:                                @   in Loop: Header=BB2_1 Depth=1
	@DEBUG_VALUE: SendChar_ToUART:ch <- $r0
	.loc	1 258 24                        @ ../../../../Library/StdDriver/src/retarget.c:258:24
	ldr	r3, [r1]
	.loc	1 258 5                         @ ../../../../Library/StdDriver/src/retarget.c:258:5
	tst	r3, r2
	bne	.LBB2_1
.Ltmp18:
.LBB2_5:
	@DEBUG_VALUE: SendChar_ToUART:ch <- $r0
	.loc	1 260 9 is_stmt 1               @ ../../../../Library/StdDriver/src/retarget.c:260:9
	uxtb	r3, r0
.Ltmp19:
	.loc	1 260 9 is_stmt 0               @ ../../../../Library/StdDriver/src/retarget.c:260:9
	cmp	r3, #10
	bne	.LBB2_11
.Ltmp20:
@ %bb.6:
	@DEBUG_VALUE: SendChar_ToUART:ch <- $r0
	.loc	1 262 25 is_stmt 1              @ ../../../../Library/StdDriver/src/retarget.c:262:25
	mov	r3, r1
	subs	r3, #24
	movs	r4, #13
	str	r4, [r3]
.Ltmp21:
.LBB2_7:                                @ =>This Inner Loop Header: Depth=1
	@DEBUG_VALUE: SendChar_ToUART:ch <- $r0
	.loc	1 264 28                        @ ../../../../Library/StdDriver/src/retarget.c:264:28
	ldr	r3, [r1]
	.loc	1 264 9 is_stmt 0               @ ../../../../Library/StdDriver/src/retarget.c:264:9
	tst	r3, r2
	beq	.LBB2_11
.Ltmp22:
@ %bb.8:                                @   in Loop: Header=BB2_7 Depth=1
	@DEBUG_VALUE: SendChar_ToUART:ch <- $r0
	.loc	1 264 28                        @ ../../../../Library/StdDriver/src/retarget.c:264:28
	ldr	r3, [r1]
	.loc	1 264 9                         @ ../../../../Library/StdDriver/src/retarget.c:264:9
	tst	r3, r2
	beq	.LBB2_11
.Ltmp23:
@ %bb.9:                                @   in Loop: Header=BB2_7 Depth=1
	@DEBUG_VALUE: SendChar_ToUART:ch <- $r0
	.loc	1 264 28                        @ ../../../../Library/StdDriver/src/retarget.c:264:28
	ldr	r3, [r1]
	.loc	1 264 9                         @ ../../../../Library/StdDriver/src/retarget.c:264:9
	tst	r3, r2
	beq	.LBB2_11
.Ltmp24:
@ %bb.10:                               @   in Loop: Header=BB2_7 Depth=1
	@DEBUG_VALUE: SendChar_ToUART:ch <- $r0
	.loc	1 264 28                        @ ../../../../Library/StdDriver/src/retarget.c:264:28
	ldr	r3, [r1]
	.loc	1 264 9                         @ ../../../../Library/StdDriver/src/retarget.c:264:9
	tst	r3, r2
	bne	.LBB2_7
.Ltmp25:
.LBB2_11:
	@DEBUG_VALUE: SendChar_ToUART:ch <- $r0
	.loc	1 267 21 is_stmt 1              @ ../../../../Library/StdDriver/src/retarget.c:267:21
	subs	r1, #24
	str	r0, [r1]
	.loc	1 268 1 epilogue_begin          @ ../../../../Library/StdDriver/src/retarget.c:268:1
	pop	{r4, pc}
.Ltmp26:
	.loc	1 0 1 is_stmt 0                 @ :0:1
.Ltmp27:
	.p2align	2
@ %bb.12:
__arm_cp.2_0:
	.long	1074200600                      @ 0x40070018
.Lcpi_end2:
	.size	__arm_cp.2_0, .Lcpi_end2-__arm_cp.2_0
.Lfunc_end2:
	.size	SendChar_ToUART, .Lfunc_end2-SendChar_ToUART
	.cfi_endproc
	.cantunwind
	.fnend
                                        @ -- End function
	.hidden	SendChar                        @ -- Begin function SendChar
	.weak	SendChar
	.p2align	2
	.type	SendChar,%function
	.code	16                              @ @SendChar
	.thumb_func
SendChar:
.Lfunc_begin3:
	.loc	1 347 0 is_stmt 1               @ ../../../../Library/StdDriver/src/retarget.c:347:0
	.fnstart
	.cfi_startproc
@ %bb.0:
	@DEBUG_VALUE: SendChar:ch <- $r0
	.save	{r4, lr}
	push	{r4, lr}
	.cfi_def_cfa_offset 8
	.cfi_offset lr, -4
	.cfi_offset r4, -8
	movs	r1, #1
	lsls	r2, r1, #23
	ldr	r1, __arm_cp.3_0
	@DEBUG_VALUE: SendChar_ToUART:ch <- undef
.Ltmp28:
.LBB3_1:                                @ =>This Inner Loop Header: Depth=1
	@DEBUG_VALUE: SendChar:ch <- $r0
	.loc	1 258 24 prologue_end           @ ../../../../Library/StdDriver/src/retarget.c:258:24
	ldr	r3, [r1]
	.loc	1 258 5 is_stmt 0               @ ../../../../Library/StdDriver/src/retarget.c:258:5
	tst	r3, r2
	beq	.LBB3_5
.Ltmp29:
@ %bb.2:                                @   in Loop: Header=BB3_1 Depth=1
	@DEBUG_VALUE: SendChar:ch <- $r0
	.loc	1 258 24                        @ ../../../../Library/StdDriver/src/retarget.c:258:24
	ldr	r3, [r1]
	.loc	1 258 5                         @ ../../../../Library/StdDriver/src/retarget.c:258:5
	tst	r3, r2
	beq	.LBB3_5
.Ltmp30:
@ %bb.3:                                @   in Loop: Header=BB3_1 Depth=1
	@DEBUG_VALUE: SendChar:ch <- $r0
	.loc	1 258 24                        @ ../../../../Library/StdDriver/src/retarget.c:258:24
	ldr	r3, [r1]
	.loc	1 258 5                         @ ../../../../Library/StdDriver/src/retarget.c:258:5
	tst	r3, r2
	beq	.LBB3_5
.Ltmp31:
@ %bb.4:                                @   in Loop: Header=BB3_1 Depth=1
	@DEBUG_VALUE: SendChar:ch <- $r0
	.loc	1 258 24                        @ ../../../../Library/StdDriver/src/retarget.c:258:24
	ldr	r3, [r1]
	.loc	1 258 5                         @ ../../../../Library/StdDriver/src/retarget.c:258:5
	tst	r3, r2
	bne	.LBB3_1
.Ltmp32:
.LBB3_5:
	@DEBUG_VALUE: SendChar:ch <- $r0
	.loc	1 260 9 is_stmt 1               @ ../../../../Library/StdDriver/src/retarget.c:260:9
	uxtb	r3, r0
.Ltmp33:
	.loc	1 260 9 is_stmt 0               @ ../../../../Library/StdDriver/src/retarget.c:260:9
	cmp	r3, #10
	bne	.LBB3_11
.Ltmp34:
@ %bb.6:
	@DEBUG_VALUE: SendChar:ch <- $r0
	.loc	1 262 25 is_stmt 1              @ ../../../../Library/StdDriver/src/retarget.c:262:25
	mov	r3, r1
	subs	r3, #24
	movs	r4, #13
	str	r4, [r3]
.Ltmp35:
.LBB3_7:                                @ =>This Inner Loop Header: Depth=1
	@DEBUG_VALUE: SendChar:ch <- $r0
	.loc	1 264 28                        @ ../../../../Library/StdDriver/src/retarget.c:264:28
	ldr	r3, [r1]
	.loc	1 264 9 is_stmt 0               @ ../../../../Library/StdDriver/src/retarget.c:264:9
	tst	r3, r2
	beq	.LBB3_11
.Ltmp36:
@ %bb.8:                                @   in Loop: Header=BB3_7 Depth=1
	@DEBUG_VALUE: SendChar:ch <- $r0
	.loc	1 264 28                        @ ../../../../Library/StdDriver/src/retarget.c:264:28
	ldr	r3, [r1]
	.loc	1 264 9                         @ ../../../../Library/StdDriver/src/retarget.c:264:9
	tst	r3, r2
	beq	.LBB3_11
.Ltmp37:
@ %bb.9:                                @   in Loop: Header=BB3_7 Depth=1
	@DEBUG_VALUE: SendChar:ch <- $r0
	.loc	1 264 28                        @ ../../../../Library/StdDriver/src/retarget.c:264:28
	ldr	r3, [r1]
	.loc	1 264 9                         @ ../../../../Library/StdDriver/src/retarget.c:264:9
	tst	r3, r2
	beq	.LBB3_11
.Ltmp38:
@ %bb.10:                               @   in Loop: Header=BB3_7 Depth=1
	@DEBUG_VALUE: SendChar:ch <- $r0
	.loc	1 264 28                        @ ../../../../Library/StdDriver/src/retarget.c:264:28
	ldr	r3, [r1]
	.loc	1 264 9                         @ ../../../../Library/StdDriver/src/retarget.c:264:9
	tst	r3, r2
	bne	.LBB3_7
.Ltmp39:
.LBB3_11:
	@DEBUG_VALUE: SendChar:ch <- $r0
	.loc	1 267 21 is_stmt 1              @ ../../../../Library/StdDriver/src/retarget.c:267:21
	subs	r1, #24
	str	r0, [r1]
.Ltmp40:
	.loc	1 381 1 epilogue_begin          @ ../../../../Library/StdDriver/src/retarget.c:381:1
	pop	{r4, pc}
.Ltmp41:
	.loc	1 0 1 is_stmt 0                 @ :0:1
.Ltmp42:
	.p2align	2
@ %bb.12:
__arm_cp.3_0:
	.long	1074200600                      @ 0x40070018
.Lcpi_end3:
	.size	__arm_cp.3_0, .Lcpi_end3-__arm_cp.3_0
.Lfunc_end3:
	.size	SendChar, .Lfunc_end3-SendChar
	.cfi_endproc
	.cantunwind
	.fnend
                                        @ -- End function
	.hidden	GetChar                         @ -- Begin function GetChar
	.globl	GetChar
	.p2align	2
	.type	GetChar,%function
	.code	16                              @ @GetChar
	.thumb_func
GetChar:
.Lfunc_begin4:
	.loc	1 393 0 is_stmt 1               @ ../../../../Library/StdDriver/src/retarget.c:393:0
	.fnstart
	.cfi_startproc
@ %bb.0:
	movw	r1, #16384
	ldr	r0, __arm_cp.4_0
.LBB4_1:                                @ =>This Inner Loop Header: Depth=1
.Ltmp43:
	.loc	1 445 26 prologue_end           @ ../../../../Library/StdDriver/src/retarget.c:445:26
	ldr	r2, [r0]
.Ltmp44:
	.loc	1 445 13 is_stmt 0              @ ../../../../Library/StdDriver/src/retarget.c:445:13
	tst	r2, r1
	beq	.LBB4_5
@ %bb.2:                                @   in Loop: Header=BB4_1 Depth=1
.Ltmp45:
	.loc	1 445 26                        @ ../../../../Library/StdDriver/src/retarget.c:445:26
	ldr	r2, [r0]
.Ltmp46:
	.loc	1 445 13                        @ ../../../../Library/StdDriver/src/retarget.c:445:13
	tst	r2, r1
	beq	.LBB4_5
@ %bb.3:                                @   in Loop: Header=BB4_1 Depth=1
.Ltmp47:
	.loc	1 445 26                        @ ../../../../Library/StdDriver/src/retarget.c:445:26
	ldr	r2, [r0]
.Ltmp48:
	.loc	1 445 13                        @ ../../../../Library/StdDriver/src/retarget.c:445:13
	tst	r2, r1
	beq	.LBB4_5
@ %bb.4:                                @   in Loop: Header=BB4_1 Depth=1
.Ltmp49:
	.loc	1 445 26                        @ ../../../../Library/StdDriver/src/retarget.c:445:26
	ldr	r2, [r0]
.Ltmp50:
	.loc	1 445 13                        @ ../../../../Library/StdDriver/src/retarget.c:445:13
	tst	r2, r1
	bne	.LBB4_1
.LBB4_5:
.Ltmp51:
	.loc	1 447 39 is_stmt 1              @ ../../../../Library/StdDriver/src/retarget.c:447:39
	subs	r0, #24
	ldr	r0, [r0]
	.loc	1 447 13 is_stmt 0              @ ../../../../Library/StdDriver/src/retarget.c:447:13
	uxtb	r0, r0
	bx	lr
.Ltmp52:
	.loc	1 0 13                          @ :0:13
.Ltmp53:
	.p2align	2
@ %bb.6:
__arm_cp.4_0:
	.long	1074200600                      @ 0x40070018
.Lcpi_end4:
	.size	__arm_cp.4_0, .Lcpi_end4-__arm_cp.4_0
.Lfunc_end4:
	.size	GetChar, .Lfunc_end4-GetChar
	.cfi_endproc
	.cantunwind
	.fnend
                                        @ -- End function
	.hidden	kbhit                           @ -- Begin function kbhit
	.globl	kbhit
	.p2align	2
	.type	kbhit,%function
	.code	16                              @ @kbhit
	.thumb_func
kbhit:
.Lfunc_begin5:
	.loc	1 465 0 is_stmt 1               @ ../../../../Library/StdDriver/src/retarget.c:465:0
	.fnstart
	.cfi_startproc
@ %bb.0:
	ldr	r0, __arm_cp.5_0
.Ltmp54:
	.loc	1 466 27 prologue_end           @ ../../../../Library/StdDriver/src/retarget.c:466:27
	ldr	r0, [r0]
	.loc	1 466 12 is_stmt 0              @ ../../../../Library/StdDriver/src/retarget.c:466:12
	lsls	r0, r0, #17
	lsrs	r0, r0, #31
	.loc	1 466 5                         @ ../../../../Library/StdDriver/src/retarget.c:466:5
	bx	lr
.Ltmp55:
	.loc	1 0 5                           @ :0:5
.Ltmp56:
	.p2align	2
@ %bb.1:
__arm_cp.5_0:
	.long	1074200600                      @ 0x40070018
.Lcpi_end5:
	.size	__arm_cp.5_0, .Lcpi_end5-__arm_cp.5_0
.Lfunc_end5:
	.size	kbhit, .Lfunc_end5-kbhit
	.cfi_endproc
	.cantunwind
	.fnend
                                        @ -- End function
	.hidden	IsDebugFifoEmpty                @ -- Begin function IsDebugFifoEmpty
	.globl	IsDebugFifoEmpty
	.p2align	2
	.type	IsDebugFifoEmpty,%function
	.code	16                              @ @IsDebugFifoEmpty
	.thumb_func
IsDebugFifoEmpty:
.Lfunc_begin6:
	.loc	1 479 0 is_stmt 1               @ ../../../../Library/StdDriver/src/retarget.c:479:0
	.fnstart
	.cfi_startproc
@ %bb.0:
	ldr	r0, __arm_cp.6_0
.Ltmp57:
	.loc	1 480 26 prologue_end           @ ../../../../Library/StdDriver/src/retarget.c:480:26
	ldr	r0, [r0]
	.loc	1 480 63 is_stmt 0              @ ../../../../Library/StdDriver/src/retarget.c:480:63
	lsls	r0, r0, #3
	lsrs	r0, r0, #31
	.loc	1 480 5                         @ ../../../../Library/StdDriver/src/retarget.c:480:5
	bx	lr
.Ltmp58:
	.loc	1 0 5                           @ :0:5
.Ltmp59:
	.p2align	2
@ %bb.1:
__arm_cp.6_0:
	.long	1074200600                      @ 0x40070018
.Lcpi_end6:
	.size	__arm_cp.6_0, .Lcpi_end6-__arm_cp.6_0
.Lfunc_end6:
	.size	IsDebugFifoEmpty, .Lfunc_end6-IsDebugFifoEmpty
	.cfi_endproc
	.cantunwind
	.fnend
                                        @ -- End function
	.hidden	_ttywrch                        @ -- Begin function _ttywrch
	.globl	_ttywrch
	.p2align	1
	.type	_ttywrch,%function
	.code	16                              @ @_ttywrch
	.thumb_func
_ttywrch:
.Lfunc_begin7:
	.fnstart
	.cfi_startproc
@ %bb.0:
	@DEBUG_VALUE: _ttywrch:ch <- $r0
	.loc	1 493 5 prologue_end is_stmt 1  @ ../../../../Library/StdDriver/src/retarget.c:493:5
	b	SendChar
.Ltmp60:
.Lfunc_end7:
	.size	_ttywrch, .Lfunc_end7-_ttywrch
	.cfi_endproc
	.cantunwind
	.fnend
                                        @ -- End function
	.hidden	fputc                           @ -- Begin function fputc
	.globl	fputc
	.p2align	1
	.type	fputc,%function
	.code	16                              @ @fputc
	.thumb_func
fputc:
.Lfunc_begin8:
	.loc	1 547 0                         @ ../../../../Library/StdDriver/src/retarget.c:547:0
	.fnstart
	.cfi_startproc
@ %bb.0:
	@DEBUG_VALUE: fputc:ch <- $r0
	@DEBUG_VALUE: fputc:stream <- $r1
	.save	{r4, lr}
	push	{r4, lr}
	.cfi_def_cfa_offset 8
	.cfi_offset lr, -4
	.cfi_offset r4, -8
	mov	r4, r0
.Ltmp61:
	@DEBUG_VALUE: fputc:ch <- $r4
	.loc	1 548 5 prologue_end            @ ../../../../Library/StdDriver/src/retarget.c:548:5
	bl	SendChar
.Ltmp62:
	@DEBUG_VALUE: fputc:stream <- [DW_OP_LLVM_entry_value 1] $r1
	.loc	1 549 5                         @ ../../../../Library/StdDriver/src/retarget.c:549:5
	mov	r0, r4
.Ltmp63:
	@DEBUG_VALUE: fputc:ch <- $r0
	.loc	1 549 5 epilogue_begin is_stmt 0 @ ../../../../Library/StdDriver/src/retarget.c:549:5
	pop	{r4, pc}
.Ltmp64:
.Lfunc_end8:
	.size	fputc, .Lfunc_end8-fputc
	.cfi_endproc
	.cantunwind
	.fnend
                                        @ -- End function
	.hidden	fgetc                           @ -- Begin function fgetc
	.globl	fgetc
	.p2align	2
	.type	fgetc,%function
	.code	16                              @ @fgetc
	.thumb_func
fgetc:
.Lfunc_begin9:
	.loc	1 673 0 is_stmt 1               @ ../../../../Library/StdDriver/src/retarget.c:673:0
	.fnstart
	.cfi_startproc
@ %bb.0:
	@DEBUG_VALUE: fgetc:stream <- $r0
	movw	r1, #16384
	ldr	r0, __arm_cp.9_0
.Ltmp65:
	@DEBUG_VALUE: fgetc:stream <- [DW_OP_LLVM_entry_value 1] $r0
.LBB9_1:                                @ =>This Inner Loop Header: Depth=1
	@DEBUG_VALUE: fgetc:stream <- [DW_OP_LLVM_entry_value 1] $r0
	.loc	1 445 26 prologue_end           @ ../../../../Library/StdDriver/src/retarget.c:445:26
	ldr	r2, [r0]
.Ltmp66:
	.loc	1 445 13 is_stmt 0              @ ../../../../Library/StdDriver/src/retarget.c:445:13
	tst	r2, r1
	beq	.LBB9_5
.Ltmp67:
@ %bb.2:                                @   in Loop: Header=BB9_1 Depth=1
	@DEBUG_VALUE: fgetc:stream <- [DW_OP_LLVM_entry_value 1] $r0
	.loc	1 445 26                        @ ../../../../Library/StdDriver/src/retarget.c:445:26
	ldr	r2, [r0]
.Ltmp68:
	.loc	1 445 13                        @ ../../../../Library/StdDriver/src/retarget.c:445:13
	tst	r2, r1
	beq	.LBB9_5
.Ltmp69:
@ %bb.3:                                @   in Loop: Header=BB9_1 Depth=1
	@DEBUG_VALUE: fgetc:stream <- [DW_OP_LLVM_entry_value 1] $r0
	.loc	1 445 26                        @ ../../../../Library/StdDriver/src/retarget.c:445:26
	ldr	r2, [r0]
.Ltmp70:
	.loc	1 445 13                        @ ../../../../Library/StdDriver/src/retarget.c:445:13
	tst	r2, r1
	beq	.LBB9_5
.Ltmp71:
@ %bb.4:                                @   in Loop: Header=BB9_1 Depth=1
	@DEBUG_VALUE: fgetc:stream <- [DW_OP_LLVM_entry_value 1] $r0
	.loc	1 445 26                        @ ../../../../Library/StdDriver/src/retarget.c:445:26
	ldr	r2, [r0]
.Ltmp72:
	.loc	1 445 13                        @ ../../../../Library/StdDriver/src/retarget.c:445:13
	tst	r2, r1
	bne	.LBB9_1
.Ltmp73:
.LBB9_5:
	@DEBUG_VALUE: fgetc:stream <- [DW_OP_LLVM_entry_value 1] $r0
	.loc	1 447 39 is_stmt 1              @ ../../../../Library/StdDriver/src/retarget.c:447:39
	subs	r0, #24
	ldr	r0, [r0]
.Ltmp74:
	.loc	1 674 13                        @ ../../../../Library/StdDriver/src/retarget.c:674:13
	uxtb	r0, r0
	.loc	1 674 5 is_stmt 0               @ ../../../../Library/StdDriver/src/retarget.c:674:5
	bx	lr
.Ltmp75:
	.loc	1 0 5                           @ :0:5
.Ltmp76:
	.p2align	2
@ %bb.6:
__arm_cp.9_0:
	.long	1074200600                      @ 0x40070018
.Lcpi_end7:
	.size	__arm_cp.9_0, .Lcpi_end7-__arm_cp.9_0
.Lfunc_end9:
	.size	fgetc, .Lfunc_end9-fgetc
	.cfi_endproc
	.cantunwind
	.fnend
                                        @ -- End function
	.hidden	ferror                          @ -- Begin function ferror
	.globl	ferror
	.p2align	1
	.type	ferror,%function
	.code	16                              @ @ferror
	.thumb_func
ferror:
.Lfunc_begin10:
	.loc	1 693 0 is_stmt 1               @ ../../../../Library/StdDriver/src/retarget.c:693:0
	.fnstart
	.cfi_startproc
@ %bb.0:
	@DEBUG_VALUE: ferror:stream <- $r0
	movs	r0, #0
.Ltmp77:
	@DEBUG_VALUE: ferror:stream <- [DW_OP_LLVM_entry_value 1] $r0
	mvns	r0, r0
.Ltmp78:
	.loc	1 694 5 prologue_end            @ ../../../../Library/StdDriver/src/retarget.c:694:5
	bx	lr
.Ltmp79:
.Lfunc_end10:
	.size	ferror, .Lfunc_end10-ferror
	.cfi_endproc
	.cantunwind
	.fnend
                                        @ -- End function
	.type	g_ICE_Connected,%object         @ @g_ICE_Connected
	.section	.data.g_ICE_Connected,"aw",%progbits
	.p2align	2, 0x0
g_ICE_Connected:
	.long	1                               @ 0x1
	.size	g_ICE_Connected, 4

	.hidden	__stdout                        @ @__stdout
	.type	__stdout,%object
	.section	.bss.__stdout,"aw",%nobits
	.globl	__stdout
	.p2align	2, 0x0
__stdout:
	.zero	84
	.size	__stdout, 84

	.hidden	__stdin                         @ @__stdin
	.type	__stdin,%object
	.section	.bss.__stdin,"aw",%nobits
	.globl	__stdin
	.p2align	2, 0x0
__stdin:
	.zero	84
	.size	__stdin, 84

	.section	.debug_loc,"",%progbits
.Ldebug_loc0:
	.long	.Lfunc_begin0-.Lfunc_begin0
	.long	.Ltmp0-.Lfunc_begin0
	.short	1                               @ Loc expr size
	.byte	80                              @ DW_OP_reg0
	.long	.Ltmp0-.Lfunc_begin0
	.long	.Lfunc_end0-.Lfunc_begin0
	.short	4                               @ Loc expr size
	.byte	243                             @ DW_OP_GNU_entry_value
	.byte	1                               @ 1
	.byte	80                              @ DW_OP_reg0
	.byte	159                             @ DW_OP_stack_value
	.long	0
	.long	0
.Ldebug_loc1:
	.long	.Lfunc_begin1-.Lfunc_begin0
	.long	.Ltmp10-.Lfunc_begin0
	.short	1                               @ Loc expr size
	.byte	80                              @ DW_OP_reg0
	.long	.Ltmp10-.Lfunc_begin0
	.long	.Ltmp12-.Lfunc_begin0
	.short	4                               @ Loc expr size
	.byte	243                             @ DW_OP_GNU_entry_value
	.byte	1                               @ 1
	.byte	80                              @ DW_OP_reg0
	.byte	159                             @ DW_OP_stack_value
	.long	0
	.long	0
.Ldebug_loc2:
	.long	.Lfunc_begin1-.Lfunc_begin0
	.long	.Ltmp3-.Lfunc_begin0
	.short	1                               @ Loc expr size
	.byte	81                              @ DW_OP_reg1
	.long	0
	.long	0
.Ldebug_loc3:
	.long	.Lfunc_begin1-.Lfunc_begin0
	.long	.Ltmp4-.Lfunc_begin0
	.short	1                               @ Loc expr size
	.byte	82                              @ DW_OP_reg2
	.long	.Ltmp4-.Lfunc_begin0
	.long	.Ltmp12-.Lfunc_begin0
	.short	4                               @ Loc expr size
	.byte	243                             @ DW_OP_GNU_entry_value
	.byte	1                               @ 1
	.byte	82                              @ DW_OP_reg2
	.byte	159                             @ DW_OP_stack_value
	.long	0
	.long	0
.Ldebug_loc4:
	.long	.Ltmp3-.Lfunc_begin0
	.long	.Ltmp11-.Lfunc_begin0
	.short	1                               @ Loc expr size
	.byte	81                              @ DW_OP_reg1
	.long	0
	.long	0
.Ldebug_loc5:
	.long	.Ltmp5-.Lfunc_begin0
	.long	.Ltmp7-.Lfunc_begin0
	.short	8                               @ Loc expr size
	.byte	115                             @ DW_OP_breg3
	.byte	0                               @ 0
	.byte	16                              @ DW_OP_constu
	.byte	255                             @ 65535
	.byte	255                             @ 
	.byte	3                               @ 
	.byte	26                              @ DW_OP_and
	.byte	159                             @ DW_OP_stack_value
	.long	.Ltmp9-.Lfunc_begin0
	.long	.Ltmp11-.Lfunc_begin0
	.short	8                               @ Loc expr size
	.byte	115                             @ DW_OP_breg3
	.byte	0                               @ 0
	.byte	16                              @ DW_OP_constu
	.byte	255                             @ 65535
	.byte	255                             @ 
	.byte	3                               @ 
	.byte	26                              @ DW_OP_and
	.byte	159                             @ DW_OP_stack_value
	.long	0
	.long	0
.Ldebug_loc6:
	.long	.Lfunc_begin8-.Lfunc_begin0
	.long	.Ltmp61-.Lfunc_begin0
	.short	1                               @ Loc expr size
	.byte	80                              @ DW_OP_reg0
	.long	.Ltmp61-.Lfunc_begin0
	.long	.Ltmp63-.Lfunc_begin0
	.short	1                               @ Loc expr size
	.byte	84                              @ DW_OP_reg4
	.long	.Ltmp63-.Lfunc_begin0
	.long	.Lfunc_end8-.Lfunc_begin0
	.short	1                               @ Loc expr size
	.byte	80                              @ DW_OP_reg0
	.long	0
	.long	0
.Ldebug_loc7:
	.long	.Lfunc_begin8-.Lfunc_begin0
	.long	.Ltmp62-.Lfunc_begin0
	.short	1                               @ Loc expr size
	.byte	81                              @ DW_OP_reg1
	.long	.Ltmp62-.Lfunc_begin0
	.long	.Lfunc_end8-.Lfunc_begin0
	.short	4                               @ Loc expr size
	.byte	243                             @ DW_OP_GNU_entry_value
	.byte	1                               @ 1
	.byte	81                              @ DW_OP_reg1
	.byte	159                             @ DW_OP_stack_value
	.long	0
	.long	0
.Ldebug_loc8:
	.long	.Lfunc_begin9-.Lfunc_begin0
	.long	.Ltmp65-.Lfunc_begin0
	.short	1                               @ Loc expr size
	.byte	80                              @ DW_OP_reg0
	.long	.Ltmp65-.Lfunc_begin0
	.long	.Ltmp75-.Lfunc_begin0
	.short	4                               @ Loc expr size
	.byte	243                             @ DW_OP_GNU_entry_value
	.byte	1                               @ 1
	.byte	80                              @ DW_OP_reg0
	.byte	159                             @ DW_OP_stack_value
	.long	0
	.long	0
.Ldebug_loc9:
	.long	.Lfunc_begin10-.Lfunc_begin0
	.long	.Ltmp77-.Lfunc_begin0
	.short	1                               @ Loc expr size
	.byte	80                              @ DW_OP_reg0
	.long	.Ltmp77-.Lfunc_begin0
	.long	.Lfunc_end10-.Lfunc_begin0
	.short	4                               @ Loc expr size
	.byte	243                             @ DW_OP_GNU_entry_value
	.byte	1                               @ 1
	.byte	80                              @ DW_OP_reg0
	.byte	159                             @ DW_OP_stack_value
	.long	0
	.long	0
	.section	.debug_abbrev,"",%progbits
	.byte	1                               @ Abbreviation Code
	.byte	17                              @ DW_TAG_compile_unit
	.byte	1                               @ DW_CHILDREN_yes
	.byte	37                              @ DW_AT_producer
	.byte	14                              @ DW_FORM_strp
	.byte	19                              @ DW_AT_language
	.byte	5                               @ DW_FORM_data2
	.byte	3                               @ DW_AT_name
	.byte	14                              @ DW_FORM_strp
	.byte	16                              @ DW_AT_stmt_list
	.byte	23                              @ DW_FORM_sec_offset
	.byte	27                              @ DW_AT_comp_dir
	.byte	14                              @ DW_FORM_strp
	.byte	17                              @ DW_AT_low_pc
	.byte	1                               @ DW_FORM_addr
	.byte	18                              @ DW_AT_high_pc
	.byte	6                               @ DW_FORM_data4
	.byte	0                               @ EOM(1)
	.byte	0                               @ EOM(2)
	.byte	2                               @ Abbreviation Code
	.byte	52                              @ DW_TAG_variable
	.byte	0                               @ DW_CHILDREN_no
	.byte	73                              @ DW_AT_type
	.byte	19                              @ DW_FORM_ref4
	.byte	58                              @ DW_AT_decl_file
	.byte	11                              @ DW_FORM_data1
	.byte	59                              @ DW_AT_decl_line
	.byte	11                              @ DW_FORM_data1
	.byte	0                               @ EOM(1)
	.byte	0                               @ EOM(2)
	.byte	3                               @ Abbreviation Code
	.byte	1                               @ DW_TAG_array_type
	.byte	1                               @ DW_CHILDREN_yes
	.byte	73                              @ DW_AT_type
	.byte	19                              @ DW_FORM_ref4
	.byte	0                               @ EOM(1)
	.byte	0                               @ EOM(2)
	.byte	4                               @ Abbreviation Code
	.byte	33                              @ DW_TAG_subrange_type
	.byte	0                               @ DW_CHILDREN_no
	.byte	73                              @ DW_AT_type
	.byte	19                              @ DW_FORM_ref4
	.byte	55                              @ DW_AT_count
	.byte	11                              @ DW_FORM_data1
	.byte	0                               @ EOM(1)
	.byte	0                               @ EOM(2)
	.byte	5                               @ Abbreviation Code
	.byte	36                              @ DW_TAG_base_type
	.byte	0                               @ DW_CHILDREN_no
	.byte	3                               @ DW_AT_name
	.byte	14                              @ DW_FORM_strp
	.byte	62                              @ DW_AT_encoding
	.byte	11                              @ DW_FORM_data1
	.byte	11                              @ DW_AT_byte_size
	.byte	11                              @ DW_FORM_data1
	.byte	0                               @ EOM(1)
	.byte	0                               @ EOM(2)
	.byte	6                               @ Abbreviation Code
	.byte	36                              @ DW_TAG_base_type
	.byte	0                               @ DW_CHILDREN_no
	.byte	3                               @ DW_AT_name
	.byte	14                              @ DW_FORM_strp
	.byte	11                              @ DW_AT_byte_size
	.byte	11                              @ DW_FORM_data1
	.byte	62                              @ DW_AT_encoding
	.byte	11                              @ DW_FORM_data1
	.byte	0                               @ EOM(1)
	.byte	0                               @ EOM(2)
	.byte	7                               @ Abbreviation Code
	.byte	52                              @ DW_TAG_variable
	.byte	0                               @ DW_CHILDREN_no
	.byte	3                               @ DW_AT_name
	.byte	14                              @ DW_FORM_strp
	.byte	73                              @ DW_AT_type
	.byte	19                              @ DW_FORM_ref4
	.byte	63                              @ DW_AT_external
	.byte	25                              @ DW_FORM_flag_present
	.byte	58                              @ DW_AT_decl_file
	.byte	11                              @ DW_FORM_data1
	.byte	59                              @ DW_AT_decl_line
	.byte	11                              @ DW_FORM_data1
	.byte	2                               @ DW_AT_location
	.byte	24                              @ DW_FORM_exprloc
	.byte	0                               @ EOM(1)
	.byte	0                               @ EOM(2)
	.byte	8                               @ Abbreviation Code
	.byte	22                              @ DW_TAG_typedef
	.byte	0                               @ DW_CHILDREN_no
	.byte	73                              @ DW_AT_type
	.byte	19                              @ DW_FORM_ref4
	.byte	3                               @ DW_AT_name
	.byte	14                              @ DW_FORM_strp
	.byte	58                              @ DW_AT_decl_file
	.byte	11                              @ DW_FORM_data1
	.byte	59                              @ DW_AT_decl_line
	.byte	11                              @ DW_FORM_data1
	.byte	0                               @ EOM(1)
	.byte	0                               @ EOM(2)
	.byte	9                               @ Abbreviation Code
	.byte	19                              @ DW_TAG_structure_type
	.byte	1                               @ DW_CHILDREN_yes
	.byte	3                               @ DW_AT_name
	.byte	14                              @ DW_FORM_strp
	.byte	11                              @ DW_AT_byte_size
	.byte	11                              @ DW_FORM_data1
	.byte	58                              @ DW_AT_decl_file
	.byte	11                              @ DW_FORM_data1
	.byte	59                              @ DW_AT_decl_line
	.byte	11                              @ DW_FORM_data1
	.byte	0                               @ EOM(1)
	.byte	0                               @ EOM(2)
	.byte	10                              @ Abbreviation Code
	.byte	13                              @ DW_TAG_member
	.byte	0                               @ DW_CHILDREN_no
	.byte	3                               @ DW_AT_name
	.byte	14                              @ DW_FORM_strp
	.byte	73                              @ DW_AT_type
	.byte	19                              @ DW_FORM_ref4
	.byte	58                              @ DW_AT_decl_file
	.byte	11                              @ DW_FORM_data1
	.byte	59                              @ DW_AT_decl_line
	.byte	11                              @ DW_FORM_data1
	.byte	56                              @ DW_AT_data_member_location
	.byte	11                              @ DW_FORM_data1
	.byte	0                               @ EOM(1)
	.byte	0                               @ EOM(2)
	.byte	11                              @ Abbreviation Code
	.byte	23                              @ DW_TAG_union_type
	.byte	1                               @ DW_CHILDREN_yes
	.byte	11                              @ DW_AT_byte_size
	.byte	11                              @ DW_FORM_data1
	.byte	58                              @ DW_AT_decl_file
	.byte	11                              @ DW_FORM_data1
	.byte	59                              @ DW_AT_decl_line
	.byte	11                              @ DW_FORM_data1
	.byte	0                               @ EOM(1)
	.byte	0                               @ EOM(2)
	.byte	12                              @ Abbreviation Code
	.byte	52                              @ DW_TAG_variable
	.byte	0                               @ DW_CHILDREN_no
	.byte	3                               @ DW_AT_name
	.byte	14                              @ DW_FORM_strp
	.byte	73                              @ DW_AT_type
	.byte	19                              @ DW_FORM_ref4
	.byte	58                              @ DW_AT_decl_file
	.byte	11                              @ DW_FORM_data1
	.byte	59                              @ DW_AT_decl_line
	.byte	11                              @ DW_FORM_data1
	.byte	2                               @ DW_AT_location
	.byte	24                              @ DW_FORM_exprloc
	.byte	0                               @ EOM(1)
	.byte	0                               @ EOM(2)
	.byte	13                              @ Abbreviation Code
	.byte	53                              @ DW_TAG_volatile_type
	.byte	0                               @ DW_CHILDREN_no
	.byte	73                              @ DW_AT_type
	.byte	19                              @ DW_FORM_ref4
	.byte	0                               @ EOM(1)
	.byte	0                               @ EOM(2)
	.byte	14                              @ Abbreviation Code
	.byte	15                              @ DW_TAG_pointer_type
	.byte	0                               @ DW_CHILDREN_no
	.byte	73                              @ DW_AT_type
	.byte	19                              @ DW_FORM_ref4
	.byte	0                               @ EOM(1)
	.byte	0                               @ EOM(2)
	.byte	15                              @ Abbreviation Code
	.byte	22                              @ DW_TAG_typedef
	.byte	0                               @ DW_CHILDREN_no
	.byte	73                              @ DW_AT_type
	.byte	19                              @ DW_FORM_ref4
	.byte	3                               @ DW_AT_name
	.byte	14                              @ DW_FORM_strp
	.byte	58                              @ DW_AT_decl_file
	.byte	11                              @ DW_FORM_data1
	.byte	59                              @ DW_AT_decl_line
	.byte	5                               @ DW_FORM_data2
	.byte	0                               @ EOM(1)
	.byte	0                               @ EOM(2)
	.byte	16                              @ Abbreviation Code
	.byte	19                              @ DW_TAG_structure_type
	.byte	1                               @ DW_CHILDREN_yes
	.byte	11                              @ DW_AT_byte_size
	.byte	11                              @ DW_FORM_data1
	.byte	58                              @ DW_AT_decl_file
	.byte	11                              @ DW_FORM_data1
	.byte	59                              @ DW_AT_decl_line
	.byte	11                              @ DW_FORM_data1
	.byte	0                               @ EOM(1)
	.byte	0                               @ EOM(2)
	.byte	17                              @ Abbreviation Code
	.byte	13                              @ DW_TAG_member
	.byte	0                               @ DW_CHILDREN_no
	.byte	3                               @ DW_AT_name
	.byte	14                              @ DW_FORM_strp
	.byte	73                              @ DW_AT_type
	.byte	19                              @ DW_FORM_ref4
	.byte	58                              @ DW_AT_decl_file
	.byte	11                              @ DW_FORM_data1
	.byte	59                              @ DW_AT_decl_line
	.byte	5                               @ DW_FORM_data2
	.byte	56                              @ DW_AT_data_member_location
	.byte	11                              @ DW_FORM_data1
	.byte	0                               @ EOM(1)
	.byte	0                               @ EOM(2)
	.byte	18                              @ Abbreviation Code
	.byte	46                              @ DW_TAG_subprogram
	.byte	1                               @ DW_CHILDREN_yes
	.byte	17                              @ DW_AT_low_pc
	.byte	1                               @ DW_FORM_addr
	.byte	18                              @ DW_AT_high_pc
	.byte	6                               @ DW_FORM_data4
	.byte	64                              @ DW_AT_frame_base
	.byte	24                              @ DW_FORM_exprloc
	.ascii	"\227B"                         @ DW_AT_GNU_all_call_sites
	.byte	25                              @ DW_FORM_flag_present
	.byte	3                               @ DW_AT_name
	.byte	14                              @ DW_FORM_strp
	.byte	58                              @ DW_AT_decl_file
	.byte	11                              @ DW_FORM_data1
	.byte	59                              @ DW_AT_decl_line
	.byte	11                              @ DW_FORM_data1
	.byte	39                              @ DW_AT_prototyped
	.byte	25                              @ DW_FORM_flag_present
	.byte	73                              @ DW_AT_type
	.byte	19                              @ DW_FORM_ref4
	.byte	63                              @ DW_AT_external
	.byte	25                              @ DW_FORM_flag_present
	.byte	0                               @ EOM(1)
	.byte	0                               @ EOM(2)
	.byte	19                              @ Abbreviation Code
	.byte	5                               @ DW_TAG_formal_parameter
	.byte	0                               @ DW_CHILDREN_no
	.byte	2                               @ DW_AT_location
	.byte	23                              @ DW_FORM_sec_offset
	.byte	3                               @ DW_AT_name
	.byte	14                              @ DW_FORM_strp
	.byte	58                              @ DW_AT_decl_file
	.byte	11                              @ DW_FORM_data1
	.byte	59                              @ DW_AT_decl_line
	.byte	11                              @ DW_FORM_data1
	.byte	73                              @ DW_AT_type
	.byte	19                              @ DW_FORM_ref4
	.byte	0                               @ EOM(1)
	.byte	0                               @ EOM(2)
	.byte	20                              @ Abbreviation Code
	.byte	5                               @ DW_TAG_formal_parameter
	.byte	0                               @ DW_CHILDREN_no
	.byte	2                               @ DW_AT_location
	.byte	24                              @ DW_FORM_exprloc
	.byte	3                               @ DW_AT_name
	.byte	14                              @ DW_FORM_strp
	.byte	58                              @ DW_AT_decl_file
	.byte	11                              @ DW_FORM_data1
	.byte	59                              @ DW_AT_decl_line
	.byte	11                              @ DW_FORM_data1
	.byte	73                              @ DW_AT_type
	.byte	19                              @ DW_FORM_ref4
	.byte	0                               @ EOM(1)
	.byte	0                               @ EOM(2)
	.byte	21                              @ Abbreviation Code
	.byte	52                              @ DW_TAG_variable
	.byte	0                               @ DW_CHILDREN_no
	.byte	2                               @ DW_AT_location
	.byte	23                              @ DW_FORM_sec_offset
	.byte	3                               @ DW_AT_name
	.byte	14                              @ DW_FORM_strp
	.byte	58                              @ DW_AT_decl_file
	.byte	11                              @ DW_FORM_data1
	.byte	59                              @ DW_AT_decl_line
	.byte	11                              @ DW_FORM_data1
	.byte	73                              @ DW_AT_type
	.byte	19                              @ DW_FORM_ref4
	.byte	0                               @ EOM(1)
	.byte	0                               @ EOM(2)
	.byte	22                              @ Abbreviation Code
	.byte	46                              @ DW_TAG_subprogram
	.byte	1                               @ DW_CHILDREN_yes
	.byte	17                              @ DW_AT_low_pc
	.byte	1                               @ DW_FORM_addr
	.byte	18                              @ DW_AT_high_pc
	.byte	6                               @ DW_FORM_data4
	.byte	64                              @ DW_AT_frame_base
	.byte	24                              @ DW_FORM_exprloc
	.ascii	"\227B"                         @ DW_AT_GNU_all_call_sites
	.byte	25                              @ DW_FORM_flag_present
	.byte	49                              @ DW_AT_abstract_origin
	.byte	19                              @ DW_FORM_ref4
	.byte	0                               @ EOM(1)
	.byte	0                               @ EOM(2)
	.byte	23                              @ Abbreviation Code
	.byte	5                               @ DW_TAG_formal_parameter
	.byte	0                               @ DW_CHILDREN_no
	.byte	2                               @ DW_AT_location
	.byte	24                              @ DW_FORM_exprloc
	.byte	49                              @ DW_AT_abstract_origin
	.byte	19                              @ DW_FORM_ref4
	.byte	0                               @ EOM(1)
	.byte	0                               @ EOM(2)
	.byte	24                              @ Abbreviation Code
	.byte	46                              @ DW_TAG_subprogram
	.byte	1                               @ DW_CHILDREN_yes
	.byte	3                               @ DW_AT_name
	.byte	14                              @ DW_FORM_strp
	.byte	58                              @ DW_AT_decl_file
	.byte	11                              @ DW_FORM_data1
	.byte	59                              @ DW_AT_decl_line
	.byte	5                               @ DW_FORM_data2
	.byte	39                              @ DW_AT_prototyped
	.byte	25                              @ DW_FORM_flag_present
	.byte	63                              @ DW_AT_external
	.byte	25                              @ DW_FORM_flag_present
	.byte	32                              @ DW_AT_inline
	.byte	11                              @ DW_FORM_data1
	.byte	0                               @ EOM(1)
	.byte	0                               @ EOM(2)
	.byte	25                              @ Abbreviation Code
	.byte	5                               @ DW_TAG_formal_parameter
	.byte	0                               @ DW_CHILDREN_no
	.byte	3                               @ DW_AT_name
	.byte	14                              @ DW_FORM_strp
	.byte	58                              @ DW_AT_decl_file
	.byte	11                              @ DW_FORM_data1
	.byte	59                              @ DW_AT_decl_line
	.byte	5                               @ DW_FORM_data2
	.byte	73                              @ DW_AT_type
	.byte	19                              @ DW_FORM_ref4
	.byte	0                               @ EOM(1)
	.byte	0                               @ EOM(2)
	.byte	26                              @ Abbreviation Code
	.byte	46                              @ DW_TAG_subprogram
	.byte	1                               @ DW_CHILDREN_yes
	.byte	17                              @ DW_AT_low_pc
	.byte	1                               @ DW_FORM_addr
	.byte	18                              @ DW_AT_high_pc
	.byte	6                               @ DW_FORM_data4
	.byte	64                              @ DW_AT_frame_base
	.byte	24                              @ DW_FORM_exprloc
	.ascii	"\227B"                         @ DW_AT_GNU_all_call_sites
	.byte	25                              @ DW_FORM_flag_present
	.byte	3                               @ DW_AT_name
	.byte	14                              @ DW_FORM_strp
	.byte	58                              @ DW_AT_decl_file
	.byte	11                              @ DW_FORM_data1
	.byte	59                              @ DW_AT_decl_line
	.byte	5                               @ DW_FORM_data2
	.byte	39                              @ DW_AT_prototyped
	.byte	25                              @ DW_FORM_flag_present
	.byte	63                              @ DW_AT_external
	.byte	25                              @ DW_FORM_flag_present
	.byte	0                               @ EOM(1)
	.byte	0                               @ EOM(2)
	.byte	27                              @ Abbreviation Code
	.byte	5                               @ DW_TAG_formal_parameter
	.byte	0                               @ DW_CHILDREN_no
	.byte	2                               @ DW_AT_location
	.byte	24                              @ DW_FORM_exprloc
	.byte	3                               @ DW_AT_name
	.byte	14                              @ DW_FORM_strp
	.byte	58                              @ DW_AT_decl_file
	.byte	11                              @ DW_FORM_data1
	.byte	59                              @ DW_AT_decl_line
	.byte	5                               @ DW_FORM_data2
	.byte	73                              @ DW_AT_type
	.byte	19                              @ DW_FORM_ref4
	.byte	0                               @ EOM(1)
	.byte	0                               @ EOM(2)
	.byte	28                              @ Abbreviation Code
	.byte	29                              @ DW_TAG_inlined_subroutine
	.byte	0                               @ DW_CHILDREN_no
	.byte	49                              @ DW_AT_abstract_origin
	.byte	19                              @ DW_FORM_ref4
	.byte	17                              @ DW_AT_low_pc
	.byte	1                               @ DW_FORM_addr
	.byte	18                              @ DW_AT_high_pc
	.byte	6                               @ DW_FORM_data4
	.byte	88                              @ DW_AT_call_file
	.byte	11                              @ DW_FORM_data1
	.byte	89                              @ DW_AT_call_line
	.byte	5                               @ DW_FORM_data2
	.byte	87                              @ DW_AT_call_column
	.byte	11                              @ DW_FORM_data1
	.byte	0                               @ EOM(1)
	.byte	0                               @ EOM(2)
	.byte	29                              @ Abbreviation Code
	.byte	46                              @ DW_TAG_subprogram
	.byte	0                               @ DW_CHILDREN_no
	.byte	17                              @ DW_AT_low_pc
	.byte	1                               @ DW_FORM_addr
	.byte	18                              @ DW_AT_high_pc
	.byte	6                               @ DW_FORM_data4
	.byte	64                              @ DW_AT_frame_base
	.byte	24                              @ DW_FORM_exprloc
	.ascii	"\227B"                         @ DW_AT_GNU_all_call_sites
	.byte	25                              @ DW_FORM_flag_present
	.byte	49                              @ DW_AT_abstract_origin
	.byte	19                              @ DW_FORM_ref4
	.byte	0                               @ EOM(1)
	.byte	0                               @ EOM(2)
	.byte	30                              @ Abbreviation Code
	.byte	46                              @ DW_TAG_subprogram
	.byte	0                               @ DW_CHILDREN_no
	.byte	17                              @ DW_AT_low_pc
	.byte	1                               @ DW_FORM_addr
	.byte	18                              @ DW_AT_high_pc
	.byte	6                               @ DW_FORM_data4
	.byte	64                              @ DW_AT_frame_base
	.byte	24                              @ DW_FORM_exprloc
	.ascii	"\227B"                         @ DW_AT_GNU_all_call_sites
	.byte	25                              @ DW_FORM_flag_present
	.byte	3                               @ DW_AT_name
	.byte	14                              @ DW_FORM_strp
	.byte	58                              @ DW_AT_decl_file
	.byte	11                              @ DW_FORM_data1
	.byte	59                              @ DW_AT_decl_line
	.byte	5                               @ DW_FORM_data2
	.byte	39                              @ DW_AT_prototyped
	.byte	25                              @ DW_FORM_flag_present
	.byte	73                              @ DW_AT_type
	.byte	19                              @ DW_FORM_ref4
	.byte	63                              @ DW_AT_external
	.byte	25                              @ DW_FORM_flag_present
	.byte	0                               @ EOM(1)
	.byte	0                               @ EOM(2)
	.byte	31                              @ Abbreviation Code
	.ascii	"\211\202\001"                  @ DW_TAG_GNU_call_site
	.byte	0                               @ DW_CHILDREN_no
	.byte	49                              @ DW_AT_abstract_origin
	.byte	19                              @ DW_FORM_ref4
	.ascii	"\225B"                         @ DW_AT_GNU_tail_call
	.byte	25                              @ DW_FORM_flag_present
	.byte	17                              @ DW_AT_low_pc
	.byte	1                               @ DW_FORM_addr
	.byte	0                               @ EOM(1)
	.byte	0                               @ EOM(2)
	.byte	32                              @ Abbreviation Code
	.byte	46                              @ DW_TAG_subprogram
	.byte	1                               @ DW_CHILDREN_yes
	.byte	17                              @ DW_AT_low_pc
	.byte	1                               @ DW_FORM_addr
	.byte	18                              @ DW_AT_high_pc
	.byte	6                               @ DW_FORM_data4
	.byte	64                              @ DW_AT_frame_base
	.byte	24                              @ DW_FORM_exprloc
	.ascii	"\227B"                         @ DW_AT_GNU_all_call_sites
	.byte	25                              @ DW_FORM_flag_present
	.byte	3                               @ DW_AT_name
	.byte	14                              @ DW_FORM_strp
	.byte	58                              @ DW_AT_decl_file
	.byte	11                              @ DW_FORM_data1
	.byte	59                              @ DW_AT_decl_line
	.byte	5                               @ DW_FORM_data2
	.byte	39                              @ DW_AT_prototyped
	.byte	25                              @ DW_FORM_flag_present
	.byte	73                              @ DW_AT_type
	.byte	19                              @ DW_FORM_ref4
	.byte	63                              @ DW_AT_external
	.byte	25                              @ DW_FORM_flag_present
	.byte	0                               @ EOM(1)
	.byte	0                               @ EOM(2)
	.byte	33                              @ Abbreviation Code
	.byte	5                               @ DW_TAG_formal_parameter
	.byte	0                               @ DW_CHILDREN_no
	.byte	2                               @ DW_AT_location
	.byte	23                              @ DW_FORM_sec_offset
	.byte	3                               @ DW_AT_name
	.byte	14                              @ DW_FORM_strp
	.byte	58                              @ DW_AT_decl_file
	.byte	11                              @ DW_FORM_data1
	.byte	59                              @ DW_AT_decl_line
	.byte	5                               @ DW_FORM_data2
	.byte	73                              @ DW_AT_type
	.byte	19                              @ DW_FORM_ref4
	.byte	0                               @ EOM(1)
	.byte	0                               @ EOM(2)
	.byte	34                              @ Abbreviation Code
	.byte	46                              @ DW_TAG_subprogram
	.byte	0                               @ DW_CHILDREN_no
	.byte	3                               @ DW_AT_name
	.byte	14                              @ DW_FORM_strp
	.byte	58                              @ DW_AT_decl_file
	.byte	11                              @ DW_FORM_data1
	.byte	59                              @ DW_AT_decl_line
	.byte	5                               @ DW_FORM_data2
	.byte	39                              @ DW_AT_prototyped
	.byte	25                              @ DW_FORM_flag_present
	.byte	73                              @ DW_AT_type
	.byte	19                              @ DW_FORM_ref4
	.byte	63                              @ DW_AT_external
	.byte	25                              @ DW_FORM_flag_present
	.byte	32                              @ DW_AT_inline
	.byte	11                              @ DW_FORM_data1
	.byte	0                               @ EOM(1)
	.byte	0                               @ EOM(2)
	.byte	0                               @ EOM(3)
	.section	.debug_info,"",%progbits
.Lcu_begin0:
	.long	.Ldebug_info_end0-.Ldebug_info_start0 @ Length of Unit
.Ldebug_info_start0:
	.short	4                               @ DWARF version number
	.long	.debug_abbrev                   @ Offset Into Abbrev. Section
	.byte	4                               @ Address Size (in bytes)
	.byte	1                               @ Abbrev [1] 0xb:0x42e DW_TAG_compile_unit
	.long	.Linfo_string0                  @ DW_AT_producer
	.short	12                              @ DW_AT_language
	.long	.Linfo_string1                  @ DW_AT_name
	.long	.Lline_table_start0             @ DW_AT_stmt_list
	.long	.Linfo_string2                  @ DW_AT_comp_dir
	.long	.Lfunc_begin0                   @ DW_AT_low_pc
	.long	.Lfunc_end10-.Lfunc_begin0      @ DW_AT_high_pc
	.byte	2                               @ Abbrev [2] 0x26:0x7 DW_TAG_variable
	.long	45                              @ DW_AT_type
	.byte	1                               @ DW_AT_decl_file
	.byte	238                             @ DW_AT_decl_line
	.byte	3                               @ Abbrev [3] 0x2d:0xc DW_TAG_array_type
	.long	57                              @ DW_AT_type
	.byte	4                               @ Abbrev [4] 0x32:0x6 DW_TAG_subrange_type
	.long	64                              @ DW_AT_type
	.byte	15                              @ DW_AT_count
	.byte	0                               @ End Of Children Mark
	.byte	5                               @ Abbrev [5] 0x39:0x7 DW_TAG_base_type
	.long	.Linfo_string3                  @ DW_AT_name
	.byte	8                               @ DW_AT_encoding
	.byte	1                               @ DW_AT_byte_size
	.byte	6                               @ Abbrev [6] 0x40:0x7 DW_TAG_base_type
	.long	.Linfo_string4                  @ DW_AT_name
	.byte	8                               @ DW_AT_byte_size
	.byte	7                               @ DW_AT_encoding
	.byte	7                               @ Abbrev [7] 0x47:0x11 DW_TAG_variable
	.long	.Linfo_string5                  @ DW_AT_name
	.long	88                              @ DW_AT_type
                                        @ DW_AT_external
	.byte	1                               @ DW_AT_decl_file
	.byte	59                              @ DW_AT_decl_line
	.byte	5                               @ DW_AT_location
	.byte	3
	.long	__stdout
	.byte	8                               @ Abbrev [8] 0x58:0xb DW_TAG_typedef
	.long	99                              @ DW_AT_type
	.long	.Linfo_string11                 @ DW_AT_name
	.byte	2                               @ DW_AT_decl_file
	.byte	108                             @ DW_AT_decl_line
	.byte	9                               @ Abbrev [9] 0x63:0x32 DW_TAG_structure_type
	.long	.Linfo_string10                 @ DW_AT_name
	.byte	84                              @ DW_AT_byte_size
	.byte	2                               @ DW_AT_decl_file
	.byte	119                             @ DW_AT_decl_line
	.byte	10                              @ Abbrev [10] 0x6b:0xc DW_TAG_member
	.long	.Linfo_string6                  @ DW_AT_name
	.long	119                             @ DW_AT_type
	.byte	2                               @ DW_AT_decl_file
	.byte	127                             @ DW_AT_decl_line
	.byte	0                               @ DW_AT_data_member_location
	.byte	11                              @ Abbrev [11] 0x77:0x1d DW_TAG_union_type
	.byte	84                              @ DW_AT_byte_size
	.byte	2                               @ DW_AT_decl_file
	.byte	120                             @ DW_AT_decl_line
	.byte	10                              @ Abbrev [10] 0x7b:0xc DW_TAG_member
	.long	.Linfo_string7                  @ DW_AT_name
	.long	149                             @ DW_AT_type
	.byte	2                               @ DW_AT_decl_file
	.byte	121                             @ DW_AT_decl_line
	.byte	0                               @ DW_AT_data_member_location
	.byte	10                              @ Abbrev [10] 0x87:0xc DW_TAG_member
	.long	.Linfo_string9                  @ DW_AT_name
	.long	156                             @ DW_AT_type
	.byte	2                               @ DW_AT_decl_file
	.byte	125                             @ DW_AT_decl_line
	.byte	0                               @ DW_AT_data_member_location
	.byte	0                               @ End Of Children Mark
	.byte	0                               @ End Of Children Mark
	.byte	5                               @ Abbrev [5] 0x95:0x7 DW_TAG_base_type
	.long	.Linfo_string8                  @ DW_AT_name
	.byte	5                               @ DW_AT_encoding
	.byte	4                               @ DW_AT_byte_size
	.byte	3                               @ Abbrev [3] 0x9c:0xc DW_TAG_array_type
	.long	57                              @ DW_AT_type
	.byte	4                               @ Abbrev [4] 0xa1:0x6 DW_TAG_subrange_type
	.long	64                              @ DW_AT_type
	.byte	84                              @ DW_AT_count
	.byte	0                               @ End Of Children Mark
	.byte	7                               @ Abbrev [7] 0xa8:0x11 DW_TAG_variable
	.long	.Linfo_string12                 @ DW_AT_name
	.long	88                              @ DW_AT_type
                                        @ DW_AT_external
	.byte	1                               @ DW_AT_decl_file
	.byte	60                              @ DW_AT_decl_line
	.byte	5                               @ DW_AT_location
	.byte	3
	.long	__stdin
	.byte	12                              @ Abbrev [12] 0xb9:0x11 DW_TAG_variable
	.long	.Linfo_string13                 @ DW_AT_name
	.long	202                             @ DW_AT_type
	.byte	1                               @ DW_AT_decl_file
	.byte	95                              @ DW_AT_decl_line
	.byte	5                               @ DW_AT_location
	.byte	3
	.long	g_ICE_Connected
	.byte	13                              @ Abbrev [13] 0xca:0x5 DW_TAG_volatile_type
	.long	207                             @ DW_AT_type
	.byte	8                               @ Abbrev [8] 0xcf:0xb DW_TAG_typedef
	.long	218                             @ DW_AT_type
	.long	.Linfo_string15                 @ DW_AT_name
	.byte	3                               @ DW_AT_decl_file
	.byte	58                              @ DW_AT_decl_line
	.byte	5                               @ Abbrev [5] 0xda:0x7 DW_TAG_base_type
	.long	.Linfo_string14                 @ DW_AT_name
	.byte	5                               @ DW_AT_encoding
	.byte	4                               @ DW_AT_byte_size
	.byte	14                              @ Abbrev [14] 0xe1:0x5 DW_TAG_pointer_type
	.long	230                             @ DW_AT_type
	.byte	8                               @ Abbrev [8] 0xe6:0xb DW_TAG_typedef
	.long	241                             @ DW_AT_type
	.long	.Linfo_string17                 @ DW_AT_name
	.byte	3                               @ DW_AT_decl_file
	.byte	64                              @ DW_AT_decl_line
	.byte	5                               @ Abbrev [5] 0xf1:0x7 DW_TAG_base_type
	.long	.Linfo_string16                 @ DW_AT_name
	.byte	7                               @ DW_AT_encoding
	.byte	4                               @ DW_AT_byte_size
	.byte	14                              @ Abbrev [14] 0xf8:0x5 DW_TAG_pointer_type
	.long	253                             @ DW_AT_type
	.byte	15                              @ Abbrev [15] 0xfd:0xc DW_TAG_typedef
	.long	265                             @ DW_AT_type
	.long	.Linfo_string19                 @ DW_AT_name
	.byte	4                               @ DW_AT_decl_file
	.short	364                             @ DW_AT_decl_line
	.byte	13                              @ Abbrev [13] 0x109:0x5 DW_TAG_volatile_type
	.long	270                             @ DW_AT_type
	.byte	5                               @ Abbrev [5] 0x10e:0x7 DW_TAG_base_type
	.long	.Linfo_string18                 @ DW_AT_name
	.byte	7                               @ DW_AT_encoding
	.byte	2                               @ DW_AT_byte_size
	.byte	14                              @ Abbrev [14] 0x115:0x5 DW_TAG_pointer_type
	.long	282                             @ DW_AT_type
	.byte	15                              @ Abbrev [15] 0x11a:0xc DW_TAG_typedef
	.long	294                             @ DW_AT_type
	.long	.Linfo_string39                 @ DW_AT_name
	.byte	5                               @ DW_AT_decl_file
	.short	842                             @ DW_AT_decl_line
	.byte	16                              @ Abbrev [16] 0x126:0xfc DW_TAG_structure_type
	.byte	76                              @ DW_AT_byte_size
	.byte	5                               @ DW_AT_decl_file
	.byte	27                              @ DW_AT_decl_line
	.byte	17                              @ Abbrev [17] 0x12a:0xd DW_TAG_member
	.long	.Linfo_string20                 @ DW_AT_name
	.long	546                             @ DW_AT_type
	.byte	5                               @ DW_AT_decl_file
	.short	822                             @ DW_AT_decl_line
	.byte	0                               @ DW_AT_data_member_location
	.byte	17                              @ Abbrev [17] 0x137:0xd DW_TAG_member
	.long	.Linfo_string21                 @ DW_AT_name
	.long	546                             @ DW_AT_type
	.byte	5                               @ DW_AT_decl_file
	.short	823                             @ DW_AT_decl_line
	.byte	4                               @ DW_AT_data_member_location
	.byte	17                              @ Abbrev [17] 0x144:0xd DW_TAG_member
	.long	.Linfo_string22                 @ DW_AT_name
	.long	546                             @ DW_AT_type
	.byte	5                               @ DW_AT_decl_file
	.short	824                             @ DW_AT_decl_line
	.byte	8                               @ DW_AT_data_member_location
	.byte	17                              @ Abbrev [17] 0x151:0xd DW_TAG_member
	.long	.Linfo_string23                 @ DW_AT_name
	.long	546                             @ DW_AT_type
	.byte	5                               @ DW_AT_decl_file
	.short	825                             @ DW_AT_decl_line
	.byte	12                              @ DW_AT_data_member_location
	.byte	17                              @ Abbrev [17] 0x15e:0xd DW_TAG_member
	.long	.Linfo_string24                 @ DW_AT_name
	.long	546                             @ DW_AT_type
	.byte	5                               @ DW_AT_decl_file
	.short	826                             @ DW_AT_decl_line
	.byte	16                              @ DW_AT_data_member_location
	.byte	17                              @ Abbrev [17] 0x16b:0xd DW_TAG_member
	.long	.Linfo_string25                 @ DW_AT_name
	.long	546                             @ DW_AT_type
	.byte	5                               @ DW_AT_decl_file
	.short	827                             @ DW_AT_decl_line
	.byte	20                              @ DW_AT_data_member_location
	.byte	17                              @ Abbrev [17] 0x178:0xd DW_TAG_member
	.long	.Linfo_string26                 @ DW_AT_name
	.long	546                             @ DW_AT_type
	.byte	5                               @ DW_AT_decl_file
	.short	828                             @ DW_AT_decl_line
	.byte	24                              @ DW_AT_data_member_location
	.byte	17                              @ Abbrev [17] 0x185:0xd DW_TAG_member
	.long	.Linfo_string27                 @ DW_AT_name
	.long	546                             @ DW_AT_type
	.byte	5                               @ DW_AT_decl_file
	.short	829                             @ DW_AT_decl_line
	.byte	28                              @ DW_AT_data_member_location
	.byte	17                              @ Abbrev [17] 0x192:0xd DW_TAG_member
	.long	.Linfo_string28                 @ DW_AT_name
	.long	546                             @ DW_AT_type
	.byte	5                               @ DW_AT_decl_file
	.short	830                             @ DW_AT_decl_line
	.byte	32                              @ DW_AT_data_member_location
	.byte	17                              @ Abbrev [17] 0x19f:0xd DW_TAG_member
	.long	.Linfo_string29                 @ DW_AT_name
	.long	546                             @ DW_AT_type
	.byte	5                               @ DW_AT_decl_file
	.short	831                             @ DW_AT_decl_line
	.byte	36                              @ DW_AT_data_member_location
	.byte	17                              @ Abbrev [17] 0x1ac:0xd DW_TAG_member
	.long	.Linfo_string30                 @ DW_AT_name
	.long	546                             @ DW_AT_type
	.byte	5                               @ DW_AT_decl_file
	.short	832                             @ DW_AT_decl_line
	.byte	40                              @ DW_AT_data_member_location
	.byte	17                              @ Abbrev [17] 0x1b9:0xd DW_TAG_member
	.long	.Linfo_string31                 @ DW_AT_name
	.long	546                             @ DW_AT_type
	.byte	5                               @ DW_AT_decl_file
	.short	833                             @ DW_AT_decl_line
	.byte	44                              @ DW_AT_data_member_location
	.byte	17                              @ Abbrev [17] 0x1c6:0xd DW_TAG_member
	.long	.Linfo_string32                 @ DW_AT_name
	.long	546                             @ DW_AT_type
	.byte	5                               @ DW_AT_decl_file
	.short	834                             @ DW_AT_decl_line
	.byte	48                              @ DW_AT_data_member_location
	.byte	17                              @ Abbrev [17] 0x1d3:0xd DW_TAG_member
	.long	.Linfo_string33                 @ DW_AT_name
	.long	546                             @ DW_AT_type
	.byte	5                               @ DW_AT_decl_file
	.short	835                             @ DW_AT_decl_line
	.byte	52                              @ DW_AT_data_member_location
	.byte	17                              @ Abbrev [17] 0x1e0:0xd DW_TAG_member
	.long	.Linfo_string34                 @ DW_AT_name
	.long	546                             @ DW_AT_type
	.byte	5                               @ DW_AT_decl_file
	.short	836                             @ DW_AT_decl_line
	.byte	56                              @ DW_AT_data_member_location
	.byte	17                              @ Abbrev [17] 0x1ed:0xd DW_TAG_member
	.long	.Linfo_string35                 @ DW_AT_name
	.long	546                             @ DW_AT_type
	.byte	5                               @ DW_AT_decl_file
	.short	837                             @ DW_AT_decl_line
	.byte	60                              @ DW_AT_data_member_location
	.byte	17                              @ Abbrev [17] 0x1fa:0xd DW_TAG_member
	.long	.Linfo_string36                 @ DW_AT_name
	.long	546                             @ DW_AT_type
	.byte	5                               @ DW_AT_decl_file
	.short	838                             @ DW_AT_decl_line
	.byte	64                              @ DW_AT_data_member_location
	.byte	17                              @ Abbrev [17] 0x207:0xd DW_TAG_member
	.long	.Linfo_string37                 @ DW_AT_name
	.long	546                             @ DW_AT_type
	.byte	5                               @ DW_AT_decl_file
	.short	839                             @ DW_AT_decl_line
	.byte	68                              @ DW_AT_data_member_location
	.byte	17                              @ Abbrev [17] 0x214:0xd DW_TAG_member
	.long	.Linfo_string38                 @ DW_AT_name
	.long	546                             @ DW_AT_type
	.byte	5                               @ DW_AT_decl_file
	.short	840                             @ DW_AT_decl_line
	.byte	72                              @ DW_AT_data_member_location
	.byte	0                               @ End Of Children Mark
	.byte	13                              @ Abbrev [13] 0x222:0x5 DW_TAG_volatile_type
	.long	230                             @ DW_AT_type
	.byte	18                              @ Abbrev [18] 0x227:0x3f DW_TAG_subprogram
	.long	.Lfunc_begin0                   @ DW_AT_low_pc
	.long	.Lfunc_end0-.Lfunc_begin0       @ DW_AT_high_pc
	.byte	1                               @ DW_AT_frame_base
	.byte	93
                                        @ DW_AT_GNU_all_call_sites
	.long	.Linfo_string43                 @ DW_AT_name
	.byte	1                               @ DW_AT_decl_file
	.byte	172                             @ DW_AT_decl_line
                                        @ DW_AT_prototyped
	.long	207                             @ DW_AT_type
                                        @ DW_AT_external
	.byte	19                              @ Abbrev [19] 0x23c:0xf DW_TAG_formal_parameter
	.long	.Ldebug_loc0                    @ DW_AT_location
	.long	.Linfo_string52                 @ DW_AT_name
	.byte	1                               @ DW_AT_decl_file
	.byte	172                             @ DW_AT_decl_line
	.long	207                             @ DW_AT_type
	.byte	20                              @ Abbrev [20] 0x24b:0xd DW_TAG_formal_parameter
	.byte	1                               @ DW_AT_location
	.byte	81
	.long	.Linfo_string53                 @ DW_AT_name
	.byte	1                               @ DW_AT_decl_file
	.byte	172                             @ DW_AT_decl_line
	.long	207                             @ DW_AT_type
	.byte	20                              @ Abbrev [20] 0x258:0xd DW_TAG_formal_parameter
	.byte	1                               @ DW_AT_location
	.byte	82
	.long	.Linfo_string54                 @ DW_AT_name
	.byte	1                               @ DW_AT_decl_file
	.byte	172                             @ DW_AT_decl_line
	.long	1070                            @ DW_AT_type
	.byte	0                               @ End Of Children Mark
	.byte	18                              @ Abbrev [18] 0x266:0x61 DW_TAG_subprogram
	.long	.Lfunc_begin1                   @ DW_AT_low_pc
	.long	.Lfunc_end1-.Lfunc_begin1       @ DW_AT_high_pc
	.byte	1                               @ DW_AT_frame_base
	.byte	93
                                        @ DW_AT_GNU_all_call_sites
	.long	.Linfo_string44                 @ DW_AT_name
	.byte	1                               @ DW_AT_decl_file
	.byte	186                             @ DW_AT_decl_line
                                        @ DW_AT_prototyped
	.long	230                             @ DW_AT_type
                                        @ DW_AT_external
	.byte	19                              @ Abbrev [19] 0x27b:0xf DW_TAG_formal_parameter
	.long	.Ldebug_loc1                    @ DW_AT_location
	.long	.Linfo_string55                 @ DW_AT_name
	.byte	1                               @ DW_AT_decl_file
	.byte	186                             @ DW_AT_decl_line
	.long	230                             @ DW_AT_type
	.byte	19                              @ Abbrev [19] 0x28a:0xf DW_TAG_formal_parameter
	.long	.Ldebug_loc2                    @ DW_AT_location
	.long	.Linfo_string56                 @ DW_AT_name
	.byte	1                               @ DW_AT_decl_file
	.byte	186                             @ DW_AT_decl_line
	.long	230                             @ DW_AT_type
	.byte	19                              @ Abbrev [19] 0x299:0xf DW_TAG_formal_parameter
	.long	.Ldebug_loc3                    @ DW_AT_location
	.long	.Linfo_string57                 @ DW_AT_name
	.byte	1                               @ DW_AT_decl_file
	.byte	186                             @ DW_AT_decl_line
	.long	230                             @ DW_AT_type
	.byte	21                              @ Abbrev [21] 0x2a8:0xf DW_TAG_variable
	.long	.Ldebug_loc4                    @ DW_AT_location
	.long	.Linfo_string58                 @ DW_AT_name
	.byte	1                               @ DW_AT_decl_file
	.byte	188                             @ DW_AT_decl_line
	.long	225                             @ DW_AT_type
	.byte	21                              @ Abbrev [21] 0x2b7:0xf DW_TAG_variable
	.long	.Ldebug_loc5                    @ DW_AT_location
	.long	.Linfo_string59                 @ DW_AT_name
	.byte	1                               @ DW_AT_decl_file
	.byte	189                             @ DW_AT_decl_line
	.long	230                             @ DW_AT_type
	.byte	0                               @ End Of Children Mark
	.byte	22                              @ Abbrev [22] 0x2c7:0x17 DW_TAG_subprogram
	.long	.Lfunc_begin2                   @ DW_AT_low_pc
	.long	.Lfunc_end2-.Lfunc_begin2       @ DW_AT_high_pc
	.byte	1                               @ DW_AT_frame_base
	.byte	93
                                        @ DW_AT_GNU_all_call_sites
	.long	734                             @ DW_AT_abstract_origin
	.byte	23                              @ Abbrev [23] 0x2d6:0x7 DW_TAG_formal_parameter
	.byte	1                               @ DW_AT_location
	.byte	80
	.long	743                             @ DW_AT_abstract_origin
	.byte	0                               @ End Of Children Mark
	.byte	24                              @ Abbrev [24] 0x2de:0x16 DW_TAG_subprogram
	.long	.Linfo_string40                 @ DW_AT_name
	.byte	1                               @ DW_AT_decl_file
	.short	256                             @ DW_AT_decl_line
                                        @ DW_AT_prototyped
                                        @ DW_AT_external
	.byte	1                               @ DW_AT_inline
	.byte	25                              @ Abbrev [25] 0x2e7:0xc DW_TAG_formal_parameter
	.long	.Linfo_string41                 @ DW_AT_name
	.byte	1                               @ DW_AT_decl_file
	.short	256                             @ DW_AT_decl_line
	.long	218                             @ DW_AT_type
	.byte	0                               @ End Of Children Mark
	.byte	26                              @ Abbrev [26] 0x2f4:0x32 DW_TAG_subprogram
	.long	.Lfunc_begin3                   @ DW_AT_low_pc
	.long	.Lfunc_end3-.Lfunc_begin3       @ DW_AT_high_pc
	.byte	1                               @ DW_AT_frame_base
	.byte	93
                                        @ DW_AT_GNU_all_call_sites
	.long	.Linfo_string45                 @ DW_AT_name
	.byte	1                               @ DW_AT_decl_file
	.short	346                             @ DW_AT_decl_line
                                        @ DW_AT_prototyped
                                        @ DW_AT_external
	.byte	27                              @ Abbrev [27] 0x306:0xe DW_TAG_formal_parameter
	.byte	1                               @ DW_AT_location
	.byte	80
	.long	.Linfo_string41                 @ DW_AT_name
	.byte	1                               @ DW_AT_decl_file
	.short	346                             @ DW_AT_decl_line
	.long	218                             @ DW_AT_type
	.byte	28                              @ Abbrev [28] 0x314:0x11 DW_TAG_inlined_subroutine
	.long	734                             @ DW_AT_abstract_origin
	.long	.Ltmp28                         @ DW_AT_low_pc
	.long	.Ltmp40-.Ltmp28                 @ DW_AT_high_pc
	.byte	1                               @ DW_AT_call_file
	.short	379                             @ DW_AT_call_line
	.byte	5                               @ DW_AT_call_column
	.byte	0                               @ End Of Children Mark
	.byte	29                              @ Abbrev [29] 0x326:0xf DW_TAG_subprogram
	.long	.Lfunc_begin4                   @ DW_AT_low_pc
	.long	.Lfunc_end4-.Lfunc_begin4       @ DW_AT_high_pc
	.byte	1                               @ DW_AT_frame_base
	.byte	93
                                        @ DW_AT_GNU_all_call_sites
	.long	962                             @ DW_AT_abstract_origin
	.byte	30                              @ Abbrev [30] 0x335:0x16 DW_TAG_subprogram
	.long	.Lfunc_begin5                   @ DW_AT_low_pc
	.long	.Lfunc_end5-.Lfunc_begin5       @ DW_AT_high_pc
	.byte	1                               @ DW_AT_frame_base
	.byte	93
                                        @ DW_AT_GNU_all_call_sites
	.long	.Linfo_string46                 @ DW_AT_name
	.byte	1                               @ DW_AT_decl_file
	.short	464                             @ DW_AT_decl_line
                                        @ DW_AT_prototyped
	.long	218                             @ DW_AT_type
                                        @ DW_AT_external
	.byte	30                              @ Abbrev [30] 0x34b:0x16 DW_TAG_subprogram
	.long	.Lfunc_begin6                   @ DW_AT_low_pc
	.long	.Lfunc_end6-.Lfunc_begin6       @ DW_AT_high_pc
	.byte	1                               @ DW_AT_frame_base
	.byte	93
                                        @ DW_AT_GNU_all_call_sites
	.long	.Linfo_string47                 @ DW_AT_name
	.byte	1                               @ DW_AT_decl_file
	.short	478                             @ DW_AT_decl_line
                                        @ DW_AT_prototyped
	.long	218                             @ DW_AT_type
                                        @ DW_AT_external
	.byte	26                              @ Abbrev [26] 0x361:0x2a DW_TAG_subprogram
	.long	.Lfunc_begin7                   @ DW_AT_low_pc
	.long	.Lfunc_end7-.Lfunc_begin7       @ DW_AT_high_pc
	.byte	1                               @ DW_AT_frame_base
	.byte	93
                                        @ DW_AT_GNU_all_call_sites
	.long	.Linfo_string48                 @ DW_AT_name
	.byte	1                               @ DW_AT_decl_file
	.short	491                             @ DW_AT_decl_line
                                        @ DW_AT_prototyped
                                        @ DW_AT_external
	.byte	27                              @ Abbrev [27] 0x373:0xe DW_TAG_formal_parameter
	.byte	1                               @ DW_AT_location
	.byte	80
	.long	.Linfo_string41                 @ DW_AT_name
	.byte	1                               @ DW_AT_decl_file
	.short	491                             @ DW_AT_decl_line
	.long	218                             @ DW_AT_type
	.byte	31                              @ Abbrev [31] 0x381:0x9 DW_TAG_GNU_call_site
	.long	756                             @ DW_AT_abstract_origin
                                        @ DW_AT_GNU_tail_call
	.long	.Ltmp60                         @ DW_AT_low_pc
	.byte	0                               @ End Of Children Mark
	.byte	32                              @ Abbrev [32] 0x38b:0x37 DW_TAG_subprogram
	.long	.Lfunc_begin8                   @ DW_AT_low_pc
	.long	.Lfunc_end8-.Lfunc_begin8       @ DW_AT_high_pc
	.byte	1                               @ DW_AT_frame_base
	.byte	93
                                        @ DW_AT_GNU_all_call_sites
	.long	.Linfo_string49                 @ DW_AT_name
	.byte	1                               @ DW_AT_decl_file
	.short	546                             @ DW_AT_decl_line
                                        @ DW_AT_prototyped
	.long	218                             @ DW_AT_type
                                        @ DW_AT_external
	.byte	33                              @ Abbrev [33] 0x3a1:0x10 DW_TAG_formal_parameter
	.long	.Ldebug_loc6                    @ DW_AT_location
	.long	.Linfo_string41                 @ DW_AT_name
	.byte	1                               @ DW_AT_decl_file
	.short	546                             @ DW_AT_decl_line
	.long	218                             @ DW_AT_type
	.byte	33                              @ Abbrev [33] 0x3b1:0x10 DW_TAG_formal_parameter
	.long	.Ldebug_loc7                    @ DW_AT_location
	.long	.Linfo_string60                 @ DW_AT_name
	.byte	1                               @ DW_AT_decl_file
	.short	546                             @ DW_AT_decl_line
	.long	1075                            @ DW_AT_type
	.byte	0                               @ End Of Children Mark
	.byte	34                              @ Abbrev [34] 0x3c2:0xd DW_TAG_subprogram
	.long	.Linfo_string42                 @ DW_AT_name
	.byte	1                               @ DW_AT_decl_file
	.short	392                             @ DW_AT_decl_line
                                        @ DW_AT_prototyped
	.long	57                              @ DW_AT_type
                                        @ DW_AT_external
	.byte	1                               @ DW_AT_inline
	.byte	32                              @ Abbrev [32] 0x3cf:0x38 DW_TAG_subprogram
	.long	.Lfunc_begin9                   @ DW_AT_low_pc
	.long	.Lfunc_end9-.Lfunc_begin9       @ DW_AT_high_pc
	.byte	1                               @ DW_AT_frame_base
	.byte	93
                                        @ DW_AT_GNU_all_call_sites
	.long	.Linfo_string50                 @ DW_AT_name
	.byte	1                               @ DW_AT_decl_file
	.short	672                             @ DW_AT_decl_line
                                        @ DW_AT_prototyped
	.long	218                             @ DW_AT_type
                                        @ DW_AT_external
	.byte	33                              @ Abbrev [33] 0x3e5:0x10 DW_TAG_formal_parameter
	.long	.Ldebug_loc8                    @ DW_AT_location
	.long	.Linfo_string60                 @ DW_AT_name
	.byte	1                               @ DW_AT_decl_file
	.short	672                             @ DW_AT_decl_line
	.long	1075                            @ DW_AT_type
	.byte	28                              @ Abbrev [28] 0x3f5:0x11 DW_TAG_inlined_subroutine
	.long	962                             @ DW_AT_abstract_origin
	.long	.Ltmp65                         @ DW_AT_low_pc
	.long	.Ltmp74-.Ltmp65                 @ DW_AT_high_pc
	.byte	1                               @ DW_AT_call_file
	.short	674                             @ DW_AT_call_line
	.byte	18                              @ DW_AT_call_column
	.byte	0                               @ End Of Children Mark
	.byte	32                              @ Abbrev [32] 0x407:0x27 DW_TAG_subprogram
	.long	.Lfunc_begin10                  @ DW_AT_low_pc
	.long	.Lfunc_end10-.Lfunc_begin10     @ DW_AT_high_pc
	.byte	1                               @ DW_AT_frame_base
	.byte	93
                                        @ DW_AT_GNU_all_call_sites
	.long	.Linfo_string51                 @ DW_AT_name
	.byte	1                               @ DW_AT_decl_file
	.short	692                             @ DW_AT_decl_line
                                        @ DW_AT_prototyped
	.long	218                             @ DW_AT_type
                                        @ DW_AT_external
	.byte	33                              @ Abbrev [33] 0x41d:0x10 DW_TAG_formal_parameter
	.long	.Ldebug_loc9                    @ DW_AT_location
	.long	.Linfo_string60                 @ DW_AT_name
	.byte	1                               @ DW_AT_decl_file
	.short	692                             @ DW_AT_decl_line
	.long	1075                            @ DW_AT_type
	.byte	0                               @ End Of Children Mark
	.byte	14                              @ Abbrev [14] 0x42e:0x5 DW_TAG_pointer_type
	.long	207                             @ DW_AT_type
	.byte	14                              @ Abbrev [14] 0x433:0x5 DW_TAG_pointer_type
	.long	88                              @ DW_AT_type
	.byte	0                               @ End Of Children Mark
.Ldebug_info_end0:
	.section	.debug_str,"MS",%progbits,1
.Linfo_string0:
	.asciz	"Component: Arm Compiler for Embedded 6.24 Tool: armclang [5f371800]" @ string offset=0
.Linfo_string1:
	.asciz	"../../../../Library/StdDriver/src\\retarget.c" @ string offset=68
.Linfo_string2:
	.asciz	"D:\\BSP\\M2003BSP-master\\CM2003xC_CM2003xE_CM2003xG_Series\\SampleCode\\StdDriver\\GPIO_INT\\Keil" @ string offset=113
.Linfo_string3:
	.asciz	"char"                          @ string offset=205
.Linfo_string4:
	.asciz	"__ARRAY_SIZE_TYPE__"           @ string offset=210
.Linfo_string5:
	.asciz	"__stdout"                      @ string offset=230
.Linfo_string6:
	.asciz	"__FILE_opaque"                 @ string offset=239
.Linfo_string7:
	.asciz	"__FILE_alignment"              @ string offset=253
.Linfo_string8:
	.asciz	"long"                          @ string offset=270
.Linfo_string9:
	.asciz	"__FILE_size"                   @ string offset=275
.Linfo_string10:
	.asciz	"__FILE"                        @ string offset=287
.Linfo_string11:
	.asciz	"FILE"                          @ string offset=294
.Linfo_string12:
	.asciz	"__stdin"                       @ string offset=299
.Linfo_string13:
	.asciz	"g_ICE_Connected"               @ string offset=307
.Linfo_string14:
	.asciz	"int"                           @ string offset=323
.Linfo_string15:
	.asciz	"int32_t"                       @ string offset=327
.Linfo_string16:
	.asciz	"unsigned int"                  @ string offset=335
.Linfo_string17:
	.asciz	"uint32_t"                      @ string offset=348
.Linfo_string18:
	.asciz	"unsigned short"                @ string offset=357
.Linfo_string19:
	.asciz	"vu16"                          @ string offset=372
.Linfo_string20:
	.asciz	"DAT"                           @ string offset=377
.Linfo_string21:
	.asciz	"INTEN"                         @ string offset=381
.Linfo_string22:
	.asciz	"FIFO"                          @ string offset=387
.Linfo_string23:
	.asciz	"LINE"                          @ string offset=392
.Linfo_string24:
	.asciz	"MODEM"                         @ string offset=397
.Linfo_string25:
	.asciz	"MODEMSTS"                      @ string offset=403
.Linfo_string26:
	.asciz	"FIFOSTS"                       @ string offset=412
.Linfo_string27:
	.asciz	"INTSTS"                        @ string offset=420
.Linfo_string28:
	.asciz	"TOUT"                          @ string offset=427
.Linfo_string29:
	.asciz	"BAUD"                          @ string offset=432
.Linfo_string30:
	.asciz	"IRDA"                          @ string offset=437
.Linfo_string31:
	.asciz	"ALTCTL"                        @ string offset=442
.Linfo_string32:
	.asciz	"FUNCSEL"                       @ string offset=449
.Linfo_string33:
	.asciz	"LINCTL"                        @ string offset=457
.Linfo_string34:
	.asciz	"LINSTS"                        @ string offset=464
.Linfo_string35:
	.asciz	"BRCOMP"                        @ string offset=471
.Linfo_string36:
	.asciz	"WKCTL"                         @ string offset=478
.Linfo_string37:
	.asciz	"WKSTS"                         @ string offset=484
.Linfo_string38:
	.asciz	"DWKCOMP"                       @ string offset=490
.Linfo_string39:
	.asciz	"UART_T"                        @ string offset=498
.Linfo_string40:
	.asciz	"SendChar_ToUART"               @ string offset=505
.Linfo_string41:
	.asciz	"ch"                            @ string offset=521
.Linfo_string42:
	.asciz	"GetChar"                       @ string offset=524
.Linfo_string43:
	.asciz	"SH_Return"                     @ string offset=532
.Linfo_string44:
	.asciz	"ProcessHardFault"              @ string offset=542
.Linfo_string45:
	.asciz	"SendChar"                      @ string offset=559
.Linfo_string46:
	.asciz	"kbhit"                         @ string offset=568
.Linfo_string47:
	.asciz	"IsDebugFifoEmpty"              @ string offset=574
.Linfo_string48:
	.asciz	"_ttywrch"                      @ string offset=591
.Linfo_string49:
	.asciz	"fputc"                         @ string offset=600
.Linfo_string50:
	.asciz	"fgetc"                         @ string offset=606
.Linfo_string51:
	.asciz	"ferror"                        @ string offset=612
.Linfo_string52:
	.asciz	"n32In_R0"                      @ string offset=619
.Linfo_string53:
	.asciz	"n32In_R1"                      @ string offset=628
.Linfo_string54:
	.asciz	"pn32Out_R0"                    @ string offset=637
.Linfo_string55:
	.asciz	"lr"                            @ string offset=648
.Linfo_string56:
	.asciz	"msp"                           @ string offset=651
.Linfo_string57:
	.asciz	"psp"                           @ string offset=655
.Linfo_string58:
	.asciz	"sp"                            @ string offset=659
.Linfo_string59:
	.asciz	"inst"                          @ string offset=662
.Linfo_string60:
	.asciz	"stream"                        @ string offset=667
	.ident	"Component: Arm Compiler for Embedded 6.24 Tool: armclang [5f371800]"
	.section	".note.GNU-stack","",%progbits
	.eabi_attribute	30, 1	@ Tag_ABI_optimization_goals
	.ARM_attribute	16, 1	@ Tag_AV_eba
	.section	.debug_line,"",%progbits
.Lline_table_start0:
