


ARM Macro Assembler    Page 1 


    1 00000000         ;/******************************************************
                       ************************
    2 00000000         ; * @file     startup_CM2003.s
    3 00000000         ; * @version  V1.00
    4 00000000         ; * @brief    CMSIS Cortex-M Core Device Startup File fo
                       r CM2003
    5 00000000         ; *
    6 00000000         ; * SPDX-License-Identifier: Apache-2.0
    7 00000000         ; * @copyright (C) 2017-2020 Nuvoton Technology Corp. Al
                       l rights reserved.
    8 00000000         ;*******************************************************
                       **********************/
    9 00000000         ;/*
   10 00000000         ;//-------- <<< Use Configuration Wizard in Context Menu
                        >>> ------------------
   11 00000000         ;*/
   12 00000000         
   13 00000000         
   14 00000000         ; <h> Stack Configuration
   15 00000000         ;   <o> Stack Size (in Bytes) <0x0-0xFFFFFFFF:8>
   16 00000000         ; </h>
   17 00000000         
   18 00000000                 IF               :LNOT: :DEF: Stack_Size
   20                          ENDIF
   21 00000000         
   22 00000000                 AREA             STACK, NOINIT, READWRITE, ALIGN
=3
   23 00000000         Stack_Mem
                               SPACE            Stack_Size
   24 00000400         __initial_sp
   25 00000400         
   26 00000400         
   27 00000400         ; <h> Heap Configuration
   28 00000400         ;   <o>  Heap Size (in Bytes) <0x0-0xFFFFFFFF:8>
   29 00000400         ; </h>
   30 00000400         
   31 00000400                 IF               :LNOT: :DEF: Heap_Size
   33                          ENDIF
   34 00000400         
   35 00000400                 AREA             HEAP, NOINIT, READWRITE, ALIGN=
3
   36 00000000         __heap_base
   37 00000000         Heap_Mem
                               SPACE            Heap_Size
   38 00000100         __heap_limit
   39 00000100         
   40 00000100         
   41 00000100                 PRESERVE8
   42 00000100                 THUMB
   43 00000100         
   44 00000100         
   45 00000100         ; Vector Table Mapped to Address 0 at Reset
   46 00000100         
   47 00000100                 AREA             RESET, DATA, READONLY
   48 00000000                 EXPORT           __Vectors
   49 00000000                 EXPORT           __Vectors_End
   50 00000000                 EXPORT           __Vectors_Size
   51 00000000         
   52 00000000 00000000 



ARM Macro Assembler    Page 2 


                       __Vectors
                               DCD              __initial_sp ; Top of Stack
   53 00000004 00000000        DCD              Reset_Handler ; Reset Handler
   54 00000008 00000000        DCD              NMI_Handler ; NMI Handler
   55 0000000C 00000000        DCD              HardFault_Handler ; Hard Fault 
                                                            Handler
   56 00000010 00000000        DCD              MemManage_Handler 
                                                            ; MPU Fault Handler
                                                            
   57 00000014 00000000        DCD              BusFault_Handler 
                                                            ; Bus Fault Handler
                                                            
   58 00000018 00000000        DCD              UsageFault_Handler ; Usage Faul
                                                            t Handler
   59 0000001C 00000000        DCD              0           ; Reserved
   60 00000020 00000000        DCD              0           ; Reserved
   61 00000024 00000000        DCD              0           ; Reserved
   62 00000028 00000000        DCD              0           ; Reserved
   63 0000002C 00000000        DCD              SVC_Handler ; SVCall Handler
   64 00000030 00000000        DCD              DebugMon_Handler ; Debug Monito
                                                            r Handler
   65 00000034 00000000        DCD              0           ; Reserved
   66 00000038 00000000        DCD              PendSV_Handler ; PendSV Handler
                                                            
   67 0000003C 00000000        DCD              SysTick_Handler 
                                                            ; SysTick Handler
   68 00000040         
   69 00000040         ; External Interrupts
   70 00000040 00000000        DCD              BOD_IRQHandler ; 0: Brown Out d
                                                            etection
   71 00000044 00000000        DCD              Default_Handler ; 1:
   72 00000048 00000000        DCD              PWRWU_IRQHandler ; 2: Power dow
                                                            n wake up
   73 0000004C 00000000        DCD              Default_Handler ; 3:
   74 00000050 00000000        DCD              CLKFAIL_IRQHandler ; 4: Clock f
                                                            ail detected
   75 00000054 00000000        DCD              ISP_IRQHandler ; 5: FMC(ISP)
   76 00000058 00000000        DCD              Default_Handler ; 6:
   77 0000005C 00000000        DCD              Default_Handler ; 7:
   78 00000060 00000000        DCD              WDT_IRQHandler 
                                                            ; 8: Watchdog timer
                                                            
   79 00000064 00000000        DCD              WWDT_IRQHandler ; 9: Window wat
                                                            chdog timer
   80 00000068 00000000        DCD              EINT0_IRQHandler ; 10: External
                                                             Input 0
   81 0000006C 00000000        DCD              EINT1_IRQHandler ; 11: External
                                                             Input 1
   82 00000070 00000000        DCD              EINT2_IRQHandler ; 12: External
                                                             Input 2
   83 00000074 00000000        DCD              EINT3_IRQHandler ; 13: External
                                                             Input 3
   84 00000078 00000000        DCD              EINT4_IRQHandler ; 14: External
                                                             Input 4
   85 0000007C 00000000        DCD              EINT5_IRQHandler ; 15: External
                                                             Input 5
   86 00000080 00000000        DCD              GPA_IRQHandler 
                                                            ; 16: GPIO Port A
   87 00000084 00000000        DCD              GPB_IRQHandler 



ARM Macro Assembler    Page 3 


                                                            ; 17: GPIO Port B
   88 00000088 00000000        DCD              GPC_IRQHandler 
                                                            ; 18: GPIO Port C
   89 0000008C 00000000        DCD              GPD_IRQHandler 
                                                            ; 19: GPIO Port D
   90 00000090 00000000        DCD              GPE_IRQHandler 
                                                            ; 20: GPIO Port E
   91 00000094 00000000        DCD              GPF_IRQHandler 
                                                            ; 21: GPIO Port F
   92 00000098 00000000        DCD              QSPI0_IRQHandler ; 22: QSPI0
   93 0000009C 00000000        DCD              Default_Handler ; 23:
   94 000000A0 00000000        DCD              Default_Handler ; 24:
   95 000000A4 00000000        DCD              PWM0_IRQHandler ; 25: PWM0
   96 000000A8 00000000        DCD              PWM1_IRQHandler ; 26: PWM1
   97 000000AC 00000000        DCD              Default_Handler ; 27:
   98 000000B0 00000000        DCD              Default_Handler ; 28:
   99 000000B4 00000000        DCD              Default_Handler ; 29:
  100 000000B8 00000000        DCD              Default_Handler ; 30:
  101 000000BC 00000000        DCD              Default_Handler ; 31:
  102 000000C0 00000000        DCD              TMR0_IRQHandler ; 32: Timer 0
  103 000000C4 00000000        DCD              TMR1_IRQHandler ; 33: Timer 1
  104 000000C8 00000000        DCD              TMR2_IRQHandler ; 34: Timer 2
  105 000000CC 00000000        DCD              TMR3_IRQHandler ; 35: Timer 3
  106 000000D0 00000000        DCD              UART0_IRQHandler ; 36: UART0
  107 000000D4 00000000        DCD              UART1_IRQHandler ; 37: UART1
  108 000000D8 00000000        DCD              I2C0_IRQHandler ; 38: I2C0
  109 000000DC 00000000        DCD              Default_Handler ; 39:
  110 000000E0 00000000        DCD              PDMA0_IRQHandler ; 40: PDMA
  111 000000E4 00000000        DCD              Default_Handler ; 41:
  112 000000E8 00000000        DCD              ADC_IRQHandler 
                                                            ; 42: ADC interrupt
                                                            
  113 000000EC 00000000        DCD              Default_Handler ; 43:
  114 000000F0 00000000        DCD              Default_Handler ; 44:
  115 000000F4 00000000        DCD              Default_Handler ; 45:
  116 000000F8 00000000        DCD              Default_Handler ; 46:
  117 000000FC 00000000        DCD              Default_Handler ; 47:
  118 00000100 00000000        DCD              UART2_IRQHandler ; 48: UART2
  119 00000104 00000000        DCD              Default_Handler ; 49:
  120 00000108 00000000        DCD              Default_Handler ; 50:
  121 0000010C 00000000        DCD              Default_Handler ; 51:
  122 00000110 00000000        DCD              USCI0_IRQHandler ; 52: USCI0
  123 00000114 00000000        DCD              USCI1_IRQHandler ; 53: USCI1
  124 00000118 00000000        DCD              USCI2_IRQHandler ; 54: USCI2
  125 0000011C 00000000        DCD              USCI3_IRQHandler ; 55: USCI3
  126 00000120 00000000        DCD              CAN0_IRQHandler ; 56: CAN0
  127 00000124 00000000        DCD              CRC0_IRQHandler ; 57: CRC0
  128 00000128 00000000        DCD              Default_Handler ; 58:
  129 0000012C 00000000        DCD              Default_Handler ; 59:
  130 00000130 00000000        DCD              ECAP0_IRQHandler ; 60: ECAP0
  131 00000134 00000000        DCD              Default_Handler ; 61:
  132 00000138 00000000        DCD              Default_Handler ; 62:
  133 0000013C 00000000        DCD              Default_Handler ; 63:
  134 00000140 00000000        DCD              Default_Handler ; 64:
  135 00000144 00000000        DCD              Default_Handler ; 65:
  136 00000148 00000000        DCD              Default_Handler ; 66:
  137 0000014C 00000000        DCD              Default_Handler ; 67:
  138 00000150 00000000        DCD              Default_Handler ; 68:
  139 00000154 00000000        DCD              Default_Handler ; 69:



ARM Macro Assembler    Page 4 


  140 00000158 00000000        DCD              Default_Handler ; 70:
  141 0000015C 00000000        DCD              Default_Handler ; 71:
  142 00000160 00000000        DCD              GPG_IRQHandler 
                                                            ; 72: GPIO Port G
  143 00000164         
  144 00000164         __Vectors_End
  145 00000164         
  146 00000164 00000164 
                       __Vectors_Size
                               EQU              __Vectors_End - __Vectors
  147 00000164         
  148 00000164                 AREA             |.text|, CODE, READONLY
  149 00000000         
  150 00000000         
  151 00000000         ; Reset Handler
  152 00000000         
  153 00000000         Reset_Handler
                               PROC
  154 00000000                 EXPORT           Reset_Handler             [WEAK
]
  155 00000000                 IMPORT           SystemInit
  156 00000000                 IMPORT           __main
  157 00000000         
  158 00000000 481A            LDR              R0, =0x40000100
  159 00000002         ; Unlock Register
  160 00000002         
  161 00000002 F240 0159       LDR              R1, =0x59
  162 00000006 6001            STR              R1, [R0]
  163 00000008 F240 0116       LDR              R1, =0x16
  164 0000000C 6001            STR              R1, [R0]
  165 0000000E F240 0188       LDR              R1, =0x88
  166 00000012 6001            STR              R1, [R0]
  167 00000014         
  168 00000014         ; Init POR
  169 00000014 4A16            LDR              R2, =0x40000024
  170 00000016 F645 21A5       LDR              R1, =0x5AA5
  171 0000001A 6011            STR              R1, [R2]
  172 0000001C         
  173 0000001C 4A15            LDR              R2, =0x400001EC
  174 0000001E 6011            STR              R1, [R2]
  175 00000020         
  176 00000020         
  177 00000020         ; Lock register
  178 00000020 2100            MOVS             R1, #0
  179 00000022 6001            STR              R1, [R0]
  180 00000024         
  181 00000024 4814            LDR              R0, =SystemInit
  182 00000026 4780            BLX              R0
  183 00000028 4814            LDR              R0, =__main
  184 0000002A 4700            BX               R0
  185 0000002C         
  186 0000002C                 ENDP
  187 0000002C         
  188 0000002C         
  189 0000002C         ; Dummy Exception Handlers (infinite loops which can be 
                       modified)
  190 0000002C         
  191 0000002C         NMI_Handler
                               PROC



ARM Macro Assembler    Page 5 


  192 0000002C                 EXPORT           NMI_Handler               [WEAK
]
  193 0000002C E7FE            B                .
  194 0000002E                 ENDP
  196 0000002E         HardFault_Handler
                               PROC
  197 0000002E                 IMPORT           ProcessHardFault
  198 0000002E                 EXPORT           HardFault_Handler         [WEAK
]
  199 0000002E 4670            MOV              R0, LR
  200 00000030 F3EF 8108       MRS              R1, MSP
  201 00000034 F3EF 8209       MRS              R2, PSP
  202 00000038 4B11            LDR              R3, =ProcessHardFault
  203 0000003A 4798            BLX              R3
  204 0000003C 4700            BX               R0
  205 0000003E                 ENDP
  207 0000003E         MemManage_Handler
                               PROC
  208 0000003E                 EXPORT           MemManage_Handler         [WEAK
]
  209 0000003E E7FE            B                .
  210 00000040                 ENDP
  212 00000040         BusFault_Handler
                               PROC
  213 00000040                 EXPORT           BusFault_Handler          [WEAK
]
  214 00000040 E7FE            B                .
  215 00000042                 ENDP
  217 00000042         UsageFault_Handler
                               PROC
  218 00000042                 EXPORT           UsageFault_Handler        [WEAK
]
  219 00000042 E7FE            B                .
  220 00000044                 ENDP
  221 00000044         SVC_Handler
                               PROC
  222 00000044                 EXPORT           SVC_Handler               [WEAK
]
  223 00000044 E7FE            B                .
  224 00000046                 ENDP
  226 00000046         DebugMon_Handler
                               PROC
  227 00000046                 EXPORT           DebugMon_Handler          [WEAK
]
  228 00000046 E7FE            B                .
  229 00000048                 ENDP
  231 00000048         PendSV_Handler
                               PROC
  232 00000048                 EXPORT           PendSV_Handler            [WEAK
]
  233 00000048 E7FE            B                .
  234 0000004A                 ENDP
  236 0000004A         SysTick_Handler
                               PROC
  237 0000004A                 EXPORT           SysTick_Handler           [WEAK
]
  238 0000004A E7FE            B                .
  239 0000004C                 ENDP
  240 0000004C         



ARM Macro Assembler    Page 6 


  241 0000004C         Default_Handler
                               PROC
  242 0000004C         
  243 0000004C                 EXPORT           BOD_IRQHandler            [WEAK
]
  244 0000004C                 EXPORT           PWRWU_IRQHandler          [WEAK
]
  245 0000004C                 EXPORT           CLKFAIL_IRQHandler        [WEAK
]
  246 0000004C                 EXPORT           ISP_IRQHandler            [WEAK
]
  247 0000004C                 EXPORT           WDT_IRQHandler            [WEAK
]
  248 0000004C                 EXPORT           WWDT_IRQHandler           [WEAK
]
  249 0000004C                 EXPORT           EINT0_IRQHandler          [WEAK
]
  250 0000004C                 EXPORT           EINT1_IRQHandler          [WEAK
]
  251 0000004C                 EXPORT           EINT2_IRQHandler          [WEAK
]
  252 0000004C                 EXPORT           EINT3_IRQHandler          [WEAK
]
  253 0000004C                 EXPORT           EINT4_IRQHandler          [WEAK
]
  254 0000004C                 EXPORT           EINT5_IRQHandler          [WEAK
]
  255 0000004C                 EXPORT           GPA_IRQHandler            [WEAK
]
  256 0000004C                 EXPORT           GPB_IRQHandler            [WEAK
]
  257 0000004C                 EXPORT           GPC_IRQHandler            [WEAK
]
  258 0000004C                 EXPORT           GPD_IRQHandler            [WEAK
]
  259 0000004C                 EXPORT           GPE_IRQHandler            [WEAK
]
  260 0000004C                 EXPORT           GPF_IRQHandler            [WEAK
]
  261 0000004C                 EXPORT           QSPI0_IRQHandler          [WEAK
]
  262 0000004C                 EXPORT           PWM0_IRQHandler           [WEAK
]
  263 0000004C                 EXPORT           PWM1_IRQHandler           [WEAK
]
  264 0000004C                 EXPORT           TMR0_IRQHandler           [WEAK
]
  265 0000004C                 EXPORT           TMR1_IRQHandler           [WEAK
]
  266 0000004C                 EXPORT           TMR2_IRQHandler           [WEAK
]
  267 0000004C                 EXPORT           TMR3_IRQHandler           [WEAK
]
  268 0000004C                 EXPORT           UART0_IRQHandler          [WEAK
]
  269 0000004C                 EXPORT           UART1_IRQHandler          [WEAK
]
  270 0000004C                 EXPORT           I2C0_IRQHandler           [WEAK
]



ARM Macro Assembler    Page 7 


  271 0000004C                 EXPORT           PDMA0_IRQHandler          [WEAK
]
  272 0000004C                 EXPORT           ADC_IRQHandler            [WEAK
]
  273 0000004C                 EXPORT           UART2_IRQHandler          [WEAK
]
  274 0000004C                 EXPORT           USCI0_IRQHandler          [WEAK
]
  275 0000004C                 EXPORT           USCI1_IRQHandler          [WEAK
]
  276 0000004C                 EXPORT           USCI2_IRQHandler          [WEAK
]
  277 0000004C                 EXPORT           USCI3_IRQHandler          [WEAK
]
  278 0000004C                 EXPORT           CAN0_IRQHandler           [WEAK
]
  279 0000004C                 EXPORT           CRC0_IRQHandler           [WEAK
]
  280 0000004C                 EXPORT           ECAP0_IRQHandler          [WEAK
]
  281 0000004C                 EXPORT           GPG_IRQHandler            [WEAK
]
  282 0000004C         
  283 0000004C         Default__IRQHandler
  284 0000004C         BOD_IRQHandler
  285 0000004C         PWRWU_IRQHandler
  286 0000004C         CLKFAIL_IRQHandler
  287 0000004C         ISP_IRQHandler
  288 0000004C         WDT_IRQHandler
  289 0000004C         WWDT_IRQHandler
  290 0000004C         EINT0_IRQHandler
  291 0000004C         EINT1_IRQHandler
  292 0000004C         EINT2_IRQHandler
  293 0000004C         EINT3_IRQHandler
  294 0000004C         EINT4_IRQHandler
  295 0000004C         EINT5_IRQHandler
  296 0000004C         GPA_IRQHandler
  297 0000004C         GPB_IRQHandler
  298 0000004C         GPC_IRQHandler
  299 0000004C         GPD_IRQHandler
  300 0000004C         GPE_IRQHandler
  301 0000004C         GPF_IRQHandler
  302 0000004C         QSPI0_IRQHandler
  303 0000004C         PWM0_IRQHandler
  304 0000004C         PWM1_IRQHandler
  305 0000004C         TMR0_IRQHandler
  306 0000004C         TMR1_IRQHandler
  307 0000004C         TMR2_IRQHandler
  308 0000004C         TMR3_IRQHandler
  309 0000004C         UART0_IRQHandler
  310 0000004C         UART1_IRQHandler
  311 0000004C         I2C0_IRQHandler
  312 0000004C         PDMA0_IRQHandler
  313 0000004C         ADC_IRQHandler
  314 0000004C         UART2_IRQHandler
  315 0000004C         USCI0_IRQHandler
  316 0000004C         USCI1_IRQHandler
  317 0000004C         USCI2_IRQHandler
  318 0000004C         USCI3_IRQHandler



ARM Macro Assembler    Page 8 


  319 0000004C         CAN0_IRQHandler
  320 0000004C         CRC0_IRQHandler
  321 0000004C         ECAP0_IRQHandler
  322 0000004C         GPG_IRQHandler
  323 0000004C         
  324 0000004C E7FE            B                .
  325 0000004E                 ENDP
  326 0000004E         
  327 0000004E         
  328 0000004E 00 00           ALIGN
  329 00000050         
  330 00000050         
  331 00000050         ; User Initial Stack & Heap
  332 00000050         
  333 00000050                 IF               :DEF:__MICROLIB
  340 00000050         
  341 00000050                 IMPORT           __use_two_region_memory
  342 00000050                 EXPORT           __user_initial_stackheap
  343 00000050         
  344 00000050         __user_initial_stackheap
                               PROC
  345 00000050 480C            LDR              R0, =  Heap_Mem
  346 00000052 490D            LDR              R1, =(Stack_Mem + Stack_Size)
  347 00000054 4A0D            LDR              R2, = (Heap_Mem +  Heap_Size)
  348 00000056 4B0E            LDR              R3, = Stack_Mem
  349 00000058 4770            BX               LR
  350 0000005A                 ENDP
  351 0000005A         
  352 0000005A 00 00           ALIGN
  353 0000005C         
  354 0000005C                 ENDIF
  355 0000005C         
  356 0000005C         ;int32_t SH_DoCommand(int32_t n32In_R0, int32_t n32In_R1
                       , int32_t *pn32Out_R0)
  357 0000005C         SH_DoCommand
                               PROC
  358 0000005C         
  359 0000005C                 EXPORT           SH_DoCommand
  360 0000005C                 IMPORT           SH_Return
  361 0000005C         
  362 0000005C BEAB            BKPT             0xAB        ; Wait ICE or HardF
                                                            ault
  363 0000005E 4B0D            LDR              R3, =SH_Return
  364 00000060 B508            PUSH             {R3 ,lr}
  365 00000062 4798            BLX              R3          ; Call SH_Return. T
                                                            he return value is 
                                                            in R0
  366 00000064 BD08            POP              {R3 ,PC}    ; Return value = R0
                                                            
  367 00000066         
  368 00000066                 ENDP
  369 00000066         
  370 00000066         __PC    PROC
  371 00000066                 EXPORT           __PC
  372 00000066         
  373 00000066 4670            MOV              r0, lr
  374 00000068 47F0            BLX              lr
  375 0000006A 00 00           ALIGN
  376 0000006C         



ARM Macro Assembler    Page 9 


  377 0000006C                 ENDP
  378 0000006C         
  379 0000006C                 END
              40000100 
              40000024 
              400001EC 
              00000000 
              00000000 
              00000000 
              00000000 
              00000400 
              00000100 
              00000000 
              00000000 
Command Line: --debug --xref --diag_suppress=9931,A1950W --cpu=Cortex-M23 --dep
end=.\obj\startup_cm2003.d -o.\obj\startup_cm2003.o -IC:\ArmPacks\Nuvoton\NuMic
roCM23_DFP\1.0.4\Device\CM2003\Include -IC:\Keil_v5\ARM\CMSIS\Include --predefi
ne="__UVISION_VERSION SETA 543" --list=.\lst\startup_cm2003.lst ..\..\..\..\Lib
rary\Device\Nuvoton\CM2003\Source\ARM\startup_CM2003.s



ARM Macro Assembler    Page 1 Alphabetic symbol ordering
Relocatable symbols

STACK 00000000

Symbol: STACK
   Definitions
      At line 22 in file ..\..\..\..\Library\Device\Nuvoton\CM2003\Source\ARM\s
tartup_CM2003.s
   Uses
      None
Comment: STACK unused
Stack_Mem 00000000

Symbol: Stack_Mem
   Definitions
      At line 23 in file ..\..\..\..\Library\Device\Nuvoton\CM2003\Source\ARM\s
tartup_CM2003.s
   Uses
      At line 346 in file ..\..\..\..\Library\Device\Nuvoton\CM2003\Source\ARM\
startup_CM2003.s
      At line 348 in file ..\..\..\..\Library\Device\Nuvoton\CM2003\Source\ARM\
startup_CM2003.s

__initial_sp 00000400

Symbol: __initial_sp
   Definitions
      At line 24 in file ..\..\..\..\Library\Device\Nuvoton\CM2003\Source\ARM\s
tartup_CM2003.s
   Uses
      At line 52 in file ..\..\..\..\Library\Device\Nuvoton\CM2003\Source\ARM\s
tartup_CM2003.s
Comment: __initial_sp used once
3 symbols



ARM Macro Assembler    Page 1 Alphabetic symbol ordering
Relocatable symbols

HEAP 00000000

Symbol: HEAP
   Definitions
      At line 35 in file ..\..\..\..\Library\Device\Nuvoton\CM2003\Source\ARM\s
tartup_CM2003.s
   Uses
      None
Comment: HEAP unused
Heap_Mem 00000000

Symbol: Heap_Mem
   Definitions
      At line 37 in file ..\..\..\..\Library\Device\Nuvoton\CM2003\Source\ARM\s
tartup_CM2003.s
   Uses
      At line 345 in file ..\..\..\..\Library\Device\Nuvoton\CM2003\Source\ARM\
startup_CM2003.s
      At line 347 in file ..\..\..\..\Library\Device\Nuvoton\CM2003\Source\ARM\
startup_CM2003.s

__heap_base 00000000

Symbol: __heap_base
   Definitions
      At line 36 in file ..\..\..\..\Library\Device\Nuvoton\CM2003\Source\ARM\s
tartup_CM2003.s
   Uses
      None
Comment: __heap_base unused
__heap_limit 00000100

Symbol: __heap_limit
   Definitions
      At line 38 in file ..\..\..\..\Library\Device\Nuvoton\CM2003\Source\ARM\s
tartup_CM2003.s
   Uses
      None
Comment: __heap_limit unused
4 symbols



ARM Macro Assembler    Page 1 Alphabetic symbol ordering
Relocatable symbols

RESET 00000000

Symbol: RESET
   Definitions
      At line 47 in file ..\..\..\..\Library\Device\Nuvoton\CM2003\Source\ARM\s
tartup_CM2003.s
   Uses
      None
Comment: RESET unused
__Vectors 00000000

Symbol: __Vectors
   Definitions
      At line 52 in file ..\..\..\..\Library\Device\Nuvoton\CM2003\Source\ARM\s
tartup_CM2003.s
   Uses
      At line 48 in file ..\..\..\..\Library\Device\Nuvoton\CM2003\Source\ARM\s
tartup_CM2003.s
      At line 146 in file ..\..\..\..\Library\Device\Nuvoton\CM2003\Source\ARM\
startup_CM2003.s

__Vectors_End 00000164

Symbol: __Vectors_End
   Definitions
      At line 144 in file ..\..\..\..\Library\Device\Nuvoton\CM2003\Source\ARM\
startup_CM2003.s
   Uses
      At line 49 in file ..\..\..\..\Library\Device\Nuvoton\CM2003\Source\ARM\s
tartup_CM2003.s
      At line 146 in file ..\..\..\..\Library\Device\Nuvoton\CM2003\Source\ARM\
startup_CM2003.s

3 symbols



ARM Macro Assembler    Page 1 Alphabetic symbol ordering
Relocatable symbols

.text 00000000

Symbol: .text
   Definitions
      At line 148 in file ..\..\..\..\Library\Device\Nuvoton\CM2003\Source\ARM\
startup_CM2003.s
   Uses
      None
Comment: .text unused
ADC_IRQHandler 0000004C

Symbol: ADC_IRQHandler
   Definitions
      At line 313 in file ..\..\..\..\Library\Device\Nuvoton\CM2003\Source\ARM\
startup_CM2003.s
   Uses
      At line 112 in file ..\..\..\..\Library\Device\Nuvoton\CM2003\Source\ARM\
startup_CM2003.s
      At line 272 in file ..\..\..\..\Library\Device\Nuvoton\CM2003\Source\ARM\
startup_CM2003.s

BOD_IRQHandler 0000004C

Symbol: BOD_IRQHandler
   Definitions
      At line 284 in file ..\..\..\..\Library\Device\Nuvoton\CM2003\Source\ARM\
startup_CM2003.s
   Uses
      At line 70 in file ..\..\..\..\Library\Device\Nuvoton\CM2003\Source\ARM\s
tartup_CM2003.s
      At line 243 in file ..\..\..\..\Library\Device\Nuvoton\CM2003\Source\ARM\
startup_CM2003.s

BusFault_Handler 00000040

Symbol: BusFault_Handler
   Definitions
      At line 212 in file ..\..\..\..\Library\Device\Nuvoton\CM2003\Source\ARM\
startup_CM2003.s
   Uses
      At line 57 in file ..\..\..\..\Library\Device\Nuvoton\CM2003\Source\ARM\s
tartup_CM2003.s
      At line 213 in file ..\..\..\..\Library\Device\Nuvoton\CM2003\Source\ARM\
startup_CM2003.s

CAN0_IRQHandler 0000004C

Symbol: CAN0_IRQHandler
   Definitions
      At line 319 in file ..\..\..\..\Library\Device\Nuvoton\CM2003\Source\ARM\
startup_CM2003.s
   Uses
      At line 126 in file ..\..\..\..\Library\Device\Nuvoton\CM2003\Source\ARM\
startup_CM2003.s
      At line 278 in file ..\..\..\..\Library\Device\Nuvoton\CM2003\Source\ARM\
startup_CM2003.s

CLKFAIL_IRQHandler 0000004C




ARM Macro Assembler    Page 2 Alphabetic symbol ordering
Relocatable symbols

Symbol: CLKFAIL_IRQHandler
   Definitions
      At line 286 in file ..\..\..\..\Library\Device\Nuvoton\CM2003\Source\ARM\
startup_CM2003.s
   Uses
      At line 74 in file ..\..\..\..\Library\Device\Nuvoton\CM2003\Source\ARM\s
tartup_CM2003.s
      At line 245 in file ..\..\..\..\Library\Device\Nuvoton\CM2003\Source\ARM\
startup_CM2003.s

CRC0_IRQHandler 0000004C

Symbol: CRC0_IRQHandler
   Definitions
      At line 320 in file ..\..\..\..\Library\Device\Nuvoton\CM2003\Source\ARM\
startup_CM2003.s
   Uses
      At line 127 in file ..\..\..\..\Library\Device\Nuvoton\CM2003\Source\ARM\
startup_CM2003.s
      At line 279 in file ..\..\..\..\Library\Device\Nuvoton\CM2003\Source\ARM\
startup_CM2003.s

DebugMon_Handler 00000046

Symbol: DebugMon_Handler
   Definitions
      At line 226 in file ..\..\..\..\Library\Device\Nuvoton\CM2003\Source\ARM\
startup_CM2003.s
   Uses
      At line 64 in file ..\..\..\..\Library\Device\Nuvoton\CM2003\Source\ARM\s
tartup_CM2003.s
      At line 227 in file ..\..\..\..\Library\Device\Nuvoton\CM2003\Source\ARM\
startup_CM2003.s

Default_Handler 0000004C

Symbol: Default_Handler
   Definitions
      At line 241 in file ..\..\..\..\Library\Device\Nuvoton\CM2003\Source\ARM\
startup_CM2003.s
   Uses
      At line 71 in file ..\..\..\..\Library\Device\Nuvoton\CM2003\Source\ARM\s
tartup_CM2003.s
      At line 73 in file ..\..\..\..\Library\Device\Nuvoton\CM2003\Source\ARM\s
tartup_CM2003.s
      At line 76 in file ..\..\..\..\Library\Device\Nuvoton\CM2003\Source\ARM\s
tartup_CM2003.s
      At line 77 in file ..\..\..\..\Library\Device\Nuvoton\CM2003\Source\ARM\s
tartup_CM2003.s
      At line 93 in file ..\..\..\..\Library\Device\Nuvoton\CM2003\Source\ARM\s
tartup_CM2003.s
      At line 94 in file ..\..\..\..\Library\Device\Nuvoton\CM2003\Source\ARM\s
tartup_CM2003.s
      At line 97 in file ..\..\..\..\Library\Device\Nuvoton\CM2003\Source\ARM\s
tartup_CM2003.s
      At line 98 in file ..\..\..\..\Library\Device\Nuvoton\CM2003\Source\ARM\s
tartup_CM2003.s
      At line 99 in file ..\..\..\..\Library\Device\Nuvoton\CM2003\Source\ARM\s
tartup_CM2003.s



ARM Macro Assembler    Page 3 Alphabetic symbol ordering
Relocatable symbols

      At line 100 in file ..\..\..\..\Library\Device\Nuvoton\CM2003\Source\ARM\
startup_CM2003.s
      At line 101 in file ..\..\..\..\Library\Device\Nuvoton\CM2003\Source\ARM\
startup_CM2003.s
      At line 109 in file ..\..\..\..\Library\Device\Nuvoton\CM2003\Source\ARM\
startup_CM2003.s
      At line 111 in file ..\..\..\..\Library\Device\Nuvoton\CM2003\Source\ARM\
startup_CM2003.s
      At line 113 in file ..\..\..\..\Library\Device\Nuvoton\CM2003\Source\ARM\
startup_CM2003.s
      At line 114 in file ..\..\..\..\Library\Device\Nuvoton\CM2003\Source\ARM\
startup_CM2003.s
      At line 115 in file ..\..\..\..\Library\Device\Nuvoton\CM2003\Source\ARM\
startup_CM2003.s
      At line 116 in file ..\..\..\..\Library\Device\Nuvoton\CM2003\Source\ARM\
startup_CM2003.s
      At line 117 in file ..\..\..\..\Library\Device\Nuvoton\CM2003\Source\ARM\
startup_CM2003.s
      At line 119 in file ..\..\..\..\Library\Device\Nuvoton\CM2003\Source\ARM\
startup_CM2003.s
      At line 120 in file ..\..\..\..\Library\Device\Nuvoton\CM2003\Source\ARM\
startup_CM2003.s
      At line 121 in file ..\..\..\..\Library\Device\Nuvoton\CM2003\Source\ARM\
startup_CM2003.s
      At line 128 in file ..\..\..\..\Library\Device\Nuvoton\CM2003\Source\ARM\
startup_CM2003.s
      At line 129 in file ..\..\..\..\Library\Device\Nuvoton\CM2003\Source\ARM\
startup_CM2003.s
      At line 131 in file ..\..\..\..\Library\Device\Nuvoton\CM2003\Source\ARM\
startup_CM2003.s
      At line 132 in file ..\..\..\..\Library\Device\Nuvoton\CM2003\Source\ARM\
startup_CM2003.s
      At line 133 in file ..\..\..\..\Library\Device\Nuvoton\CM2003\Source\ARM\
startup_CM2003.s
      At line 134 in file ..\..\..\..\Library\Device\Nuvoton\CM2003\Source\ARM\
startup_CM2003.s
      At line 135 in file ..\..\..\..\Library\Device\Nuvoton\CM2003\Source\ARM\
startup_CM2003.s
      At line 136 in file ..\..\..\..\Library\Device\Nuvoton\CM2003\Source\ARM\
startup_CM2003.s
      At line 137 in file ..\..\..\..\Library\Device\Nuvoton\CM2003\Source\ARM\
startup_CM2003.s
      At line 138 in file ..\..\..\..\Library\Device\Nuvoton\CM2003\Source\ARM\
startup_CM2003.s
      At line 139 in file ..\..\..\..\Library\Device\Nuvoton\CM2003\Source\ARM\
startup_CM2003.s
      At line 140 in file ..\..\..\..\Library\Device\Nuvoton\CM2003\Source\ARM\
startup_CM2003.s
      At line 141 in file ..\..\..\..\Library\Device\Nuvoton\CM2003\Source\ARM\
startup_CM2003.s

Default__IRQHandler 0000004C

Symbol: Default__IRQHandler
   Definitions
      At line 283 in file ..\..\..\..\Library\Device\Nuvoton\CM2003\Source\ARM\
startup_CM2003.s
   Uses
      None



ARM Macro Assembler    Page 4 Alphabetic symbol ordering
Relocatable symbols

Comment: Default__IRQHandler unused
ECAP0_IRQHandler 0000004C

Symbol: ECAP0_IRQHandler
   Definitions
      At line 321 in file ..\..\..\..\Library\Device\Nuvoton\CM2003\Source\ARM\
startup_CM2003.s
   Uses
      At line 130 in file ..\..\..\..\Library\Device\Nuvoton\CM2003\Source\ARM\
startup_CM2003.s
      At line 280 in file ..\..\..\..\Library\Device\Nuvoton\CM2003\Source\ARM\
startup_CM2003.s

EINT0_IRQHandler 0000004C

Symbol: EINT0_IRQHandler
   Definitions
      At line 290 in file ..\..\..\..\Library\Device\Nuvoton\CM2003\Source\ARM\
startup_CM2003.s
   Uses
      At line 80 in file ..\..\..\..\Library\Device\Nuvoton\CM2003\Source\ARM\s
tartup_CM2003.s
      At line 249 in file ..\..\..\..\Library\Device\Nuvoton\CM2003\Source\ARM\
startup_CM2003.s

EINT1_IRQHandler 0000004C

Symbol: EINT1_IRQHandler
   Definitions
      At line 291 in file ..\..\..\..\Library\Device\Nuvoton\CM2003\Source\ARM\
startup_CM2003.s
   Uses
      At line 81 in file ..\..\..\..\Library\Device\Nuvoton\CM2003\Source\ARM\s
tartup_CM2003.s
      At line 250 in file ..\..\..\..\Library\Device\Nuvoton\CM2003\Source\ARM\
startup_CM2003.s

EINT2_IRQHandler 0000004C

Symbol: EINT2_IRQHandler
   Definitions
      At line 292 in file ..\..\..\..\Library\Device\Nuvoton\CM2003\Source\ARM\
startup_CM2003.s
   Uses
      At line 82 in file ..\..\..\..\Library\Device\Nuvoton\CM2003\Source\ARM\s
tartup_CM2003.s
      At line 251 in file ..\..\..\..\Library\Device\Nuvoton\CM2003\Source\ARM\
startup_CM2003.s

EINT3_IRQHandler 0000004C

Symbol: EINT3_IRQHandler
   Definitions
      At line 293 in file ..\..\..\..\Library\Device\Nuvoton\CM2003\Source\ARM\
startup_CM2003.s
   Uses
      At line 83 in file ..\..\..\..\Library\Device\Nuvoton\CM2003\Source\ARM\s
tartup_CM2003.s
      At line 252 in file ..\..\..\..\Library\Device\Nuvoton\CM2003\Source\ARM\



ARM Macro Assembler    Page 5 Alphabetic symbol ordering
Relocatable symbols

startup_CM2003.s

EINT4_IRQHandler 0000004C

Symbol: EINT4_IRQHandler
   Definitions
      At line 294 in file ..\..\..\..\Library\Device\Nuvoton\CM2003\Source\ARM\
startup_CM2003.s
   Uses
      At line 84 in file ..\..\..\..\Library\Device\Nuvoton\CM2003\Source\ARM\s
tartup_CM2003.s
      At line 253 in file ..\..\..\..\Library\Device\Nuvoton\CM2003\Source\ARM\
startup_CM2003.s

EINT5_IRQHandler 0000004C

Symbol: EINT5_IRQHandler
   Definitions
      At line 295 in file ..\..\..\..\Library\Device\Nuvoton\CM2003\Source\ARM\
startup_CM2003.s
   Uses
      At line 85 in file ..\..\..\..\Library\Device\Nuvoton\CM2003\Source\ARM\s
tartup_CM2003.s
      At line 254 in file ..\..\..\..\Library\Device\Nuvoton\CM2003\Source\ARM\
startup_CM2003.s

GPA_IRQHandler 0000004C

Symbol: GPA_IRQHandler
   Definitions
      At line 296 in file ..\..\..\..\Library\Device\Nuvoton\CM2003\Source\ARM\
startup_CM2003.s
   Uses
      At line 86 in file ..\..\..\..\Library\Device\Nuvoton\CM2003\Source\ARM\s
tartup_CM2003.s
      At line 255 in file ..\..\..\..\Library\Device\Nuvoton\CM2003\Source\ARM\
startup_CM2003.s

GPB_IRQHandler 0000004C

Symbol: GPB_IRQHandler
   Definitions
      At line 297 in file ..\..\..\..\Library\Device\Nuvoton\CM2003\Source\ARM\
startup_CM2003.s
   Uses
      At line 87 in file ..\..\..\..\Library\Device\Nuvoton\CM2003\Source\ARM\s
tartup_CM2003.s
      At line 256 in file ..\..\..\..\Library\Device\Nuvoton\CM2003\Source\ARM\
startup_CM2003.s

GPC_IRQHandler 0000004C

Symbol: GPC_IRQHandler
   Definitions
      At line 298 in file ..\..\..\..\Library\Device\Nuvoton\CM2003\Source\ARM\
startup_CM2003.s
   Uses
      At line 88 in file ..\..\..\..\Library\Device\Nuvoton\CM2003\Source\ARM\s
tartup_CM2003.s



ARM Macro Assembler    Page 6 Alphabetic symbol ordering
Relocatable symbols

      At line 257 in file ..\..\..\..\Library\Device\Nuvoton\CM2003\Source\ARM\
startup_CM2003.s

GPD_IRQHandler 0000004C

Symbol: GPD_IRQHandler
   Definitions
      At line 299 in file ..\..\..\..\Library\Device\Nuvoton\CM2003\Source\ARM\
startup_CM2003.s
   Uses
      At line 89 in file ..\..\..\..\Library\Device\Nuvoton\CM2003\Source\ARM\s
tartup_CM2003.s
      At line 258 in file ..\..\..\..\Library\Device\Nuvoton\CM2003\Source\ARM\
startup_CM2003.s

GPE_IRQHandler 0000004C

Symbol: GPE_IRQHandler
   Definitions
      At line 300 in file ..\..\..\..\Library\Device\Nuvoton\CM2003\Source\ARM\
startup_CM2003.s
   Uses
      At line 90 in file ..\..\..\..\Library\Device\Nuvoton\CM2003\Source\ARM\s
tartup_CM2003.s
      At line 259 in file ..\..\..\..\Library\Device\Nuvoton\CM2003\Source\ARM\
startup_CM2003.s

GPF_IRQHandler 0000004C

Symbol: GPF_IRQHandler
   Definitions
      At line 301 in file ..\..\..\..\Library\Device\Nuvoton\CM2003\Source\ARM\
startup_CM2003.s
   Uses
      At line 91 in file ..\..\..\..\Library\Device\Nuvoton\CM2003\Source\ARM\s
tartup_CM2003.s
      At line 260 in file ..\..\..\..\Library\Device\Nuvoton\CM2003\Source\ARM\
startup_CM2003.s

GPG_IRQHandler 0000004C

Symbol: GPG_IRQHandler
   Definitions
      At line 322 in file ..\..\..\..\Library\Device\Nuvoton\CM2003\Source\ARM\
startup_CM2003.s
   Uses
      At line 142 in file ..\..\..\..\Library\Device\Nuvoton\CM2003\Source\ARM\
startup_CM2003.s
      At line 281 in file ..\..\..\..\Library\Device\Nuvoton\CM2003\Source\ARM\
startup_CM2003.s

HardFault_Handler 0000002E

Symbol: HardFault_Handler
   Definitions
      At line 196 in file ..\..\..\..\Library\Device\Nuvoton\CM2003\Source\ARM\
startup_CM2003.s
   Uses
      At line 55 in file ..\..\..\..\Library\Device\Nuvoton\CM2003\Source\ARM\s



ARM Macro Assembler    Page 7 Alphabetic symbol ordering
Relocatable symbols

tartup_CM2003.s
      At line 198 in file ..\..\..\..\Library\Device\Nuvoton\CM2003\Source\ARM\
startup_CM2003.s

I2C0_IRQHandler 0000004C

Symbol: I2C0_IRQHandler
   Definitions
      At line 311 in file ..\..\..\..\Library\Device\Nuvoton\CM2003\Source\ARM\
startup_CM2003.s
   Uses
      At line 108 in file ..\..\..\..\Library\Device\Nuvoton\CM2003\Source\ARM\
startup_CM2003.s
      At line 270 in file ..\..\..\..\Library\Device\Nuvoton\CM2003\Source\ARM\
startup_CM2003.s

ISP_IRQHandler 0000004C

Symbol: ISP_IRQHandler
   Definitions
      At line 287 in file ..\..\..\..\Library\Device\Nuvoton\CM2003\Source\ARM\
startup_CM2003.s
   Uses
      At line 75 in file ..\..\..\..\Library\Device\Nuvoton\CM2003\Source\ARM\s
tartup_CM2003.s
      At line 246 in file ..\..\..\..\Library\Device\Nuvoton\CM2003\Source\ARM\
startup_CM2003.s

MemManage_Handler 0000003E

Symbol: MemManage_Handler
   Definitions
      At line 207 in file ..\..\..\..\Library\Device\Nuvoton\CM2003\Source\ARM\
startup_CM2003.s
   Uses
      At line 56 in file ..\..\..\..\Library\Device\Nuvoton\CM2003\Source\ARM\s
tartup_CM2003.s
      At line 208 in file ..\..\..\..\Library\Device\Nuvoton\CM2003\Source\ARM\
startup_CM2003.s

NMI_Handler 0000002C

Symbol: NMI_Handler
   Definitions
      At line 191 in file ..\..\..\..\Library\Device\Nuvoton\CM2003\Source\ARM\
startup_CM2003.s
   Uses
      At line 54 in file ..\..\..\..\Library\Device\Nuvoton\CM2003\Source\ARM\s
tartup_CM2003.s
      At line 192 in file ..\..\..\..\Library\Device\Nuvoton\CM2003\Source\ARM\
startup_CM2003.s

PDMA0_IRQHandler 0000004C

Symbol: PDMA0_IRQHandler
   Definitions
      At line 312 in file ..\..\..\..\Library\Device\Nuvoton\CM2003\Source\ARM\
startup_CM2003.s
   Uses



ARM Macro Assembler    Page 8 Alphabetic symbol ordering
Relocatable symbols

      At line 110 in file ..\..\..\..\Library\Device\Nuvoton\CM2003\Source\ARM\
startup_CM2003.s
      At line 271 in file ..\..\..\..\Library\Device\Nuvoton\CM2003\Source\ARM\
startup_CM2003.s

PWM0_IRQHandler 0000004C

Symbol: PWM0_IRQHandler
   Definitions
      At line 303 in file ..\..\..\..\Library\Device\Nuvoton\CM2003\Source\ARM\
startup_CM2003.s
   Uses
      At line 95 in file ..\..\..\..\Library\Device\Nuvoton\CM2003\Source\ARM\s
tartup_CM2003.s
      At line 262 in file ..\..\..\..\Library\Device\Nuvoton\CM2003\Source\ARM\
startup_CM2003.s

PWM1_IRQHandler 0000004C

Symbol: PWM1_IRQHandler
   Definitions
      At line 304 in file ..\..\..\..\Library\Device\Nuvoton\CM2003\Source\ARM\
startup_CM2003.s
   Uses
      At line 96 in file ..\..\..\..\Library\Device\Nuvoton\CM2003\Source\ARM\s
tartup_CM2003.s
      At line 263 in file ..\..\..\..\Library\Device\Nuvoton\CM2003\Source\ARM\
startup_CM2003.s

PWRWU_IRQHandler 0000004C

Symbol: PWRWU_IRQHandler
   Definitions
      At line 285 in file ..\..\..\..\Library\Device\Nuvoton\CM2003\Source\ARM\
startup_CM2003.s
   Uses
      At line 72 in file ..\..\..\..\Library\Device\Nuvoton\CM2003\Source\ARM\s
tartup_CM2003.s
      At line 244 in file ..\..\..\..\Library\Device\Nuvoton\CM2003\Source\ARM\
startup_CM2003.s

PendSV_Handler 00000048

Symbol: PendSV_Handler
   Definitions
      At line 231 in file ..\..\..\..\Library\Device\Nuvoton\CM2003\Source\ARM\
startup_CM2003.s
   Uses
      At line 66 in file ..\..\..\..\Library\Device\Nuvoton\CM2003\Source\ARM\s
tartup_CM2003.s
      At line 232 in file ..\..\..\..\Library\Device\Nuvoton\CM2003\Source\ARM\
startup_CM2003.s

QSPI0_IRQHandler 0000004C

Symbol: QSPI0_IRQHandler
   Definitions
      At line 302 in file ..\..\..\..\Library\Device\Nuvoton\CM2003\Source\ARM\
startup_CM2003.s



ARM Macro Assembler    Page 9 Alphabetic symbol ordering
Relocatable symbols

   Uses
      At line 92 in file ..\..\..\..\Library\Device\Nuvoton\CM2003\Source\ARM\s
tartup_CM2003.s
      At line 261 in file ..\..\..\..\Library\Device\Nuvoton\CM2003\Source\ARM\
startup_CM2003.s

Reset_Handler 00000000

Symbol: Reset_Handler
   Definitions
      At line 153 in file ..\..\..\..\Library\Device\Nuvoton\CM2003\Source\ARM\
startup_CM2003.s
   Uses
      At line 53 in file ..\..\..\..\Library\Device\Nuvoton\CM2003\Source\ARM\s
tartup_CM2003.s
      At line 154 in file ..\..\..\..\Library\Device\Nuvoton\CM2003\Source\ARM\
startup_CM2003.s

SH_DoCommand 0000005C

Symbol: SH_DoCommand
   Definitions
      At line 357 in file ..\..\..\..\Library\Device\Nuvoton\CM2003\Source\ARM\
startup_CM2003.s
   Uses
      At line 359 in file ..\..\..\..\Library\Device\Nuvoton\CM2003\Source\ARM\
startup_CM2003.s
Comment: SH_DoCommand used once
SVC_Handler 00000044

Symbol: SVC_Handler
   Definitions
      At line 221 in file ..\..\..\..\Library\Device\Nuvoton\CM2003\Source\ARM\
startup_CM2003.s
   Uses
      At line 63 in file ..\..\..\..\Library\Device\Nuvoton\CM2003\Source\ARM\s
tartup_CM2003.s
      At line 222 in file ..\..\..\..\Library\Device\Nuvoton\CM2003\Source\ARM\
startup_CM2003.s

SysTick_Handler 0000004A

Symbol: SysTick_Handler
   Definitions
      At line 236 in file ..\..\..\..\Library\Device\Nuvoton\CM2003\Source\ARM\
startup_CM2003.s
   Uses
      At line 67 in file ..\..\..\..\Library\Device\Nuvoton\CM2003\Source\ARM\s
tartup_CM2003.s
      At line 237 in file ..\..\..\..\Library\Device\Nuvoton\CM2003\Source\ARM\
startup_CM2003.s

TMR0_IRQHandler 0000004C

Symbol: TMR0_IRQHandler
   Definitions
      At line 305 in file ..\..\..\..\Library\Device\Nuvoton\CM2003\Source\ARM\
startup_CM2003.s
   Uses



ARM Macro Assembler    Page 10 Alphabetic symbol ordering
Relocatable symbols

      At line 102 in file ..\..\..\..\Library\Device\Nuvoton\CM2003\Source\ARM\
startup_CM2003.s
      At line 264 in file ..\..\..\..\Library\Device\Nuvoton\CM2003\Source\ARM\
startup_CM2003.s

TMR1_IRQHandler 0000004C

Symbol: TMR1_IRQHandler
   Definitions
      At line 306 in file ..\..\..\..\Library\Device\Nuvoton\CM2003\Source\ARM\
startup_CM2003.s
   Uses
      At line 103 in file ..\..\..\..\Library\Device\Nuvoton\CM2003\Source\ARM\
startup_CM2003.s
      At line 265 in file ..\..\..\..\Library\Device\Nuvoton\CM2003\Source\ARM\
startup_CM2003.s

TMR2_IRQHandler 0000004C

Symbol: TMR2_IRQHandler
   Definitions
      At line 307 in file ..\..\..\..\Library\Device\Nuvoton\CM2003\Source\ARM\
startup_CM2003.s
   Uses
      At line 104 in file ..\..\..\..\Library\Device\Nuvoton\CM2003\Source\ARM\
startup_CM2003.s
      At line 266 in file ..\..\..\..\Library\Device\Nuvoton\CM2003\Source\ARM\
startup_CM2003.s

TMR3_IRQHandler 0000004C

Symbol: TMR3_IRQHandler
   Definitions
      At line 308 in file ..\..\..\..\Library\Device\Nuvoton\CM2003\Source\ARM\
startup_CM2003.s
   Uses
      At line 105 in file ..\..\..\..\Library\Device\Nuvoton\CM2003\Source\ARM\
startup_CM2003.s
      At line 267 in file ..\..\..\..\Library\Device\Nuvoton\CM2003\Source\ARM\
startup_CM2003.s

UART0_IRQHandler 0000004C

Symbol: UART0_IRQHandler
   Definitions
      At line 309 in file ..\..\..\..\Library\Device\Nuvoton\CM2003\Source\ARM\
startup_CM2003.s
   Uses
      At line 106 in file ..\..\..\..\Library\Device\Nuvoton\CM2003\Source\ARM\
startup_CM2003.s
      At line 268 in file ..\..\..\..\Library\Device\Nuvoton\CM2003\Source\ARM\
startup_CM2003.s

UART1_IRQHandler 0000004C

Symbol: UART1_IRQHandler
   Definitions
      At line 310 in file ..\..\..\..\Library\Device\Nuvoton\CM2003\Source\ARM\
startup_CM2003.s



ARM Macro Assembler    Page 11 Alphabetic symbol ordering
Relocatable symbols

   Uses
      At line 107 in file ..\..\..\..\Library\Device\Nuvoton\CM2003\Source\ARM\
startup_CM2003.s
      At line 269 in file ..\..\..\..\Library\Device\Nuvoton\CM2003\Source\ARM\
startup_CM2003.s

UART2_IRQHandler 0000004C

Symbol: UART2_IRQHandler
   Definitions
      At line 314 in file ..\..\..\..\Library\Device\Nuvoton\CM2003\Source\ARM\
startup_CM2003.s
   Uses
      At line 118 in file ..\..\..\..\Library\Device\Nuvoton\CM2003\Source\ARM\
startup_CM2003.s
      At line 273 in file ..\..\..\..\Library\Device\Nuvoton\CM2003\Source\ARM\
startup_CM2003.s

USCI0_IRQHandler 0000004C

Symbol: USCI0_IRQHandler
   Definitions
      At line 315 in file ..\..\..\..\Library\Device\Nuvoton\CM2003\Source\ARM\
startup_CM2003.s
   Uses
      At line 122 in file ..\..\..\..\Library\Device\Nuvoton\CM2003\Source\ARM\
startup_CM2003.s
      At line 274 in file ..\..\..\..\Library\Device\Nuvoton\CM2003\Source\ARM\
startup_CM2003.s

USCI1_IRQHandler 0000004C

Symbol: USCI1_IRQHandler
   Definitions
      At line 316 in file ..\..\..\..\Library\Device\Nuvoton\CM2003\Source\ARM\
startup_CM2003.s
   Uses
      At line 123 in file ..\..\..\..\Library\Device\Nuvoton\CM2003\Source\ARM\
startup_CM2003.s
      At line 275 in file ..\..\..\..\Library\Device\Nuvoton\CM2003\Source\ARM\
startup_CM2003.s

USCI2_IRQHandler 0000004C

Symbol: USCI2_IRQHandler
   Definitions
      At line 317 in file ..\..\..\..\Library\Device\Nuvoton\CM2003\Source\ARM\
startup_CM2003.s
   Uses
      At line 124 in file ..\..\..\..\Library\Device\Nuvoton\CM2003\Source\ARM\
startup_CM2003.s
      At line 276 in file ..\..\..\..\Library\Device\Nuvoton\CM2003\Source\ARM\
startup_CM2003.s

USCI3_IRQHandler 0000004C

Symbol: USCI3_IRQHandler
   Definitions
      At line 318 in file ..\..\..\..\Library\Device\Nuvoton\CM2003\Source\ARM\



ARM Macro Assembler    Page 12 Alphabetic symbol ordering
Relocatable symbols

startup_CM2003.s
   Uses
      At line 125 in file ..\..\..\..\Library\Device\Nuvoton\CM2003\Source\ARM\
startup_CM2003.s
      At line 277 in file ..\..\..\..\Library\Device\Nuvoton\CM2003\Source\ARM\
startup_CM2003.s

UsageFault_Handler 00000042

Symbol: UsageFault_Handler
   Definitions
      At line 217 in file ..\..\..\..\Library\Device\Nuvoton\CM2003\Source\ARM\
startup_CM2003.s
   Uses
      At line 58 in file ..\..\..\..\Library\Device\Nuvoton\CM2003\Source\ARM\s
tartup_CM2003.s
      At line 218 in file ..\..\..\..\Library\Device\Nuvoton\CM2003\Source\ARM\
startup_CM2003.s

WDT_IRQHandler 0000004C

Symbol: WDT_IRQHandler
   Definitions
      At line 288 in file ..\..\..\..\Library\Device\Nuvoton\CM2003\Source\ARM\
startup_CM2003.s
   Uses
      At line 78 in file ..\..\..\..\Library\Device\Nuvoton\CM2003\Source\ARM\s
tartup_CM2003.s
      At line 247 in file ..\..\..\..\Library\Device\Nuvoton\CM2003\Source\ARM\
startup_CM2003.s

WWDT_IRQHandler 0000004C

Symbol: WWDT_IRQHandler
   Definitions
      At line 289 in file ..\..\..\..\Library\Device\Nuvoton\CM2003\Source\ARM\
startup_CM2003.s
   Uses
      At line 79 in file ..\..\..\..\Library\Device\Nuvoton\CM2003\Source\ARM\s
tartup_CM2003.s
      At line 248 in file ..\..\..\..\Library\Device\Nuvoton\CM2003\Source\ARM\
startup_CM2003.s

__PC 00000066

Symbol: __PC
   Definitions
      At line 370 in file ..\..\..\..\Library\Device\Nuvoton\CM2003\Source\ARM\
startup_CM2003.s
   Uses
      At line 371 in file ..\..\..\..\Library\Device\Nuvoton\CM2003\Source\ARM\
startup_CM2003.s
Comment: __PC used once
__user_initial_stackheap 00000050

Symbol: __user_initial_stackheap
   Definitions
      At line 344 in file ..\..\..\..\Library\Device\Nuvoton\CM2003\Source\ARM\
startup_CM2003.s



ARM Macro Assembler    Page 13 Alphabetic symbol ordering
Relocatable symbols

   Uses
      At line 342 in file ..\..\..\..\Library\Device\Nuvoton\CM2003\Source\ARM\
startup_CM2003.s
Comment: __user_initial_stackheap used once
55 symbols



ARM Macro Assembler    Page 1 Alphabetic symbol ordering
Absolute symbols

Heap_Size 00000100

Symbol: Heap_Size
   Definitions
      At line 32 in file ..\..\..\..\Library\Device\Nuvoton\CM2003\Source\ARM\s
tartup_CM2003.s
   Uses
      At line 37 in file ..\..\..\..\Library\Device\Nuvoton\CM2003\Source\ARM\s
tartup_CM2003.s
      At line 347 in file ..\..\..\..\Library\Device\Nuvoton\CM2003\Source\ARM\
startup_CM2003.s

Stack_Size 00000400

Symbol: Stack_Size
   Definitions
      At line 19 in file ..\..\..\..\Library\Device\Nuvoton\CM2003\Source\ARM\s
tartup_CM2003.s
   Uses
      At line 23 in file ..\..\..\..\Library\Device\Nuvoton\CM2003\Source\ARM\s
tartup_CM2003.s
      At line 346 in file ..\..\..\..\Library\Device\Nuvoton\CM2003\Source\ARM\
startup_CM2003.s

__Vectors_Size 00000164

Symbol: __Vectors_Size
   Definitions
      At line 146 in file ..\..\..\..\Library\Device\Nuvoton\CM2003\Source\ARM\
startup_CM2003.s
   Uses
      At line 50 in file ..\..\..\..\Library\Device\Nuvoton\CM2003\Source\ARM\s
tartup_CM2003.s
Comment: __Vectors_Size used once
3 symbols



ARM Macro Assembler    Page 1 Alphabetic symbol ordering
External symbols

ProcessHardFault 00000000

Symbol: ProcessHardFault
   Definitions
      At line 197 in file ..\..\..\..\Library\Device\Nuvoton\CM2003\Source\ARM\
startup_CM2003.s
   Uses
      At line 202 in file ..\..\..\..\Library\Device\Nuvoton\CM2003\Source\ARM\
startup_CM2003.s
Comment: ProcessHardFault used once
SH_Return 00000000

Symbol: SH_Return
   Definitions
      At line 360 in file ..\..\..\..\Library\Device\Nuvoton\CM2003\Source\ARM\
startup_CM2003.s
   Uses
      At line 363 in file ..\..\..\..\Library\Device\Nuvoton\CM2003\Source\ARM\
startup_CM2003.s
Comment: SH_Return used once
SystemInit 00000000

Symbol: SystemInit
   Definitions
      At line 155 in file ..\..\..\..\Library\Device\Nuvoton\CM2003\Source\ARM\
startup_CM2003.s
   Uses
      At line 181 in file ..\..\..\..\Library\Device\Nuvoton\CM2003\Source\ARM\
startup_CM2003.s
Comment: SystemInit used once
__main 00000000

Symbol: __main
   Definitions
      At line 156 in file ..\..\..\..\Library\Device\Nuvoton\CM2003\Source\ARM\
startup_CM2003.s
   Uses
      At line 183 in file ..\..\..\..\Library\Device\Nuvoton\CM2003\Source\ARM\
startup_CM2003.s
Comment: __main used once
__use_two_region_memory 00000000

Symbol: __use_two_region_memory
   Definitions
      At line 341 in file ..\..\..\..\Library\Device\Nuvoton\CM2003\Source\ARM\
startup_CM2003.s
   Uses
      None
Comment: __use_two_region_memory unused
5 symbols
410 symbols in table
