	.text
	.syntax unified
	.eabi_attribute	67, "2.09"	@ Tag_conformance
	.cpu	cortex-m23
	.eabi_attribute	6, 16	@ Tag_CPU_arch
	.eabi_attribute	7, 77	@ Tag_CPU_arch_profile
	.eabi_attribute	8, 0	@ Tag_ARM_ISA_use
	.eabi_attribute	9, 3	@ Tag_THUMB_ISA_use
	.eabi_attribute	34, 0	@ Tag_CPU_unaligned_access
	.eabi_attribute	17, 1	@ Tag_ABI_PCS_GOT_use
	.eabi_attribute	20, 2	@ Tag_ABI_FP_denormal
	.eabi_attribute	21, 0	@ Tag_ABI_FP_exceptions
	.eabi_attribute	23, 1	@ Tag_ABI_FP_number_model
	.eabi_attribute	24, 1	@ Tag_ABI_align_needed
	.eabi_attribute	25, 1	@ Tag_ABI_align_preserved
	.eabi_attribute	38, 1	@ Tag_ABI_FP_16bit_format
	.eabi_attribute	18, 2	@ Tag_ABI_PCS_wchar_t
	.eabi_attribute	26, 1	@ Tag_ABI_enum_size
	.eabi_attribute	14, 0	@ Tag_ABI_PCS_R9_use
	.file	"sys.c"
	.file	1 "C:\\Keil_v5\\ARM\\ARMCLANG\\bin\\..\\include" "stdint.h"
	.file	2 "D:\\BSP\\M2003BSP-master\\CM2003xC_CM2003xE_CM2003xG_Series\\SampleCode\\StdDriver\\GPIO_INT\\Keil" "../../../../Library/StdDriver/src/sys.c"
	.file	3 "D:\\BSP\\M2003BSP-master\\CM2003xC_CM2003xE_CM2003xG_Series\\SampleCode\\StdDriver\\GPIO_INT\\Keil" "../../../../Library/Device/Nuvoton/CM2003/Include\\sys_reg.h"
	.hidden	SYS_ClearResetSrc               @ -- Begin function SYS_ClearResetSrc
	.globl	SYS_ClearResetSrc
	.p2align	2
	.type	SYS_ClearResetSrc,%function
	.code	16                              @ @SYS_ClearResetSrc
	.thumb_func
SYS_ClearResetSrc:
.Lfunc_begin0:
	.loc	2 40 0                          @ ../../../../Library/StdDriver/src/sys.c:40:0
	.fnstart
	.cfi_sections .debug_frame
	.cfi_startproc
@ %bb.0:
	@DEBUG_VALUE: SYS_ClearResetSrc:u32Src <- $r0
	ldr	r1, __arm_cp.0_0
.Ltmp0:
	.loc	2 41 17 prologue_end            @ ../../../../Library/StdDriver/src/sys.c:41:17
	str	r0, [r1]
	.loc	2 42 1                          @ ../../../../Library/StdDriver/src/sys.c:42:1
	bx	lr
.Ltmp1:
	.loc	2 0 1 is_stmt 0                 @ :0:1
.Ltmp2:
	.p2align	2
@ %bb.1:
__arm_cp.0_0:
	.long	1073741828                      @ 0x40000004
.Lcpi_end0:
	.size	__arm_cp.0_0, .Lcpi_end0-__arm_cp.0_0
.Lfunc_end0:
	.size	SYS_ClearResetSrc, .Lfunc_end0-SYS_ClearResetSrc
	.cfi_endproc
	.cantunwind
	.fnend
                                        @ -- End function
	.hidden	SYS_GetBODStatus                @ -- Begin function SYS_GetBODStatus
	.globl	SYS_GetBODStatus
	.p2align	2
	.type	SYS_GetBODStatus,%function
	.code	16                              @ @SYS_GetBODStatus
	.thumb_func
SYS_GetBODStatus:
.Lfunc_begin1:
	.loc	2 52 0 is_stmt 1                @ ../../../../Library/StdDriver/src/sys.c:52:0
	.fnstart
	.cfi_startproc
@ %bb.0:
	ldr	r0, __arm_cp.1_0
.Ltmp3:
	.loc	2 53 19 prologue_end            @ ../../../../Library/StdDriver/src/sys.c:53:19
	ldr	r0, [r0]
	.loc	2 53 51 is_stmt 0               @ ../../../../Library/StdDriver/src/sys.c:53:51
	lsls	r0, r0, #25
	lsrs	r0, r0, #31
	.loc	2 53 5                          @ ../../../../Library/StdDriver/src/sys.c:53:5
	bx	lr
.Ltmp4:
	.loc	2 0 5                           @ :0:5
.Ltmp5:
	.p2align	2
@ %bb.1:
__arm_cp.1_0:
	.long	1073741848                      @ 0x40000018
.Lcpi_end1:
	.size	__arm_cp.1_0, .Lcpi_end1-__arm_cp.1_0
.Lfunc_end1:
	.size	SYS_GetBODStatus, .Lfunc_end1-SYS_GetBODStatus
	.cfi_endproc
	.cantunwind
	.fnend
                                        @ -- End function
	.hidden	SYS_GetResetSrc                 @ -- Begin function SYS_GetResetSrc
	.globl	SYS_GetResetSrc
	.p2align	2
	.type	SYS_GetResetSrc,%function
	.code	16                              @ @SYS_GetResetSrc
	.thumb_func
SYS_GetResetSrc:
.Lfunc_begin2:
	.loc	2 63 0 is_stmt 1                @ ../../../../Library/StdDriver/src/sys.c:63:0
	.fnstart
	.cfi_startproc
@ %bb.0:
	ldr	r0, __arm_cp.2_0
.Ltmp6:
	.loc	2 64 18 prologue_end            @ ../../../../Library/StdDriver/src/sys.c:64:18
	ldr	r0, [r0]
	.loc	2 64 5 is_stmt 0                @ ../../../../Library/StdDriver/src/sys.c:64:5
	bx	lr
.Ltmp7:
	.loc	2 0 5                           @ :0:5
.Ltmp8:
	.p2align	2
@ %bb.1:
__arm_cp.2_0:
	.long	1073741828                      @ 0x40000004
.Lcpi_end2:
	.size	__arm_cp.2_0, .Lcpi_end2-__arm_cp.2_0
.Lfunc_end2:
	.size	SYS_GetResetSrc, .Lfunc_end2-SYS_GetResetSrc
	.cfi_endproc
	.cantunwind
	.fnend
                                        @ -- End function
	.hidden	SYS_IsRegLocked                 @ -- Begin function SYS_IsRegLocked
	.globl	SYS_IsRegLocked
	.p2align	2
	.type	SYS_IsRegLocked,%function
	.code	16                              @ @SYS_IsRegLocked
	.thumb_func
SYS_IsRegLocked:
.Lfunc_begin3:
	.loc	2 75 0 is_stmt 1                @ ../../../../Library/StdDriver/src/sys.c:75:0
	.fnstart
	.cfi_startproc
@ %bb.0:
	ldr	r0, __arm_cp.3_0
.Ltmp9:
	.loc	2 76 18 prologue_end            @ ../../../../Library/StdDriver/src/sys.c:76:18
	ldr	r1, [r0]
	movs	r0, #1
	.loc	2 76 12 is_stmt 0               @ ../../../../Library/StdDriver/src/sys.c:76:12
	bics	r0, r1
	.loc	2 76 5                          @ ../../../../Library/StdDriver/src/sys.c:76:5
	bx	lr
.Ltmp10:
	.loc	2 0 5                           @ :0:5
.Ltmp11:
	.p2align	2
@ %bb.1:
__arm_cp.3_0:
	.long	1073742080                      @ 0x40000100
.Lcpi_end3:
	.size	__arm_cp.3_0, .Lcpi_end3-__arm_cp.3_0
.Lfunc_end3:
	.size	SYS_IsRegLocked, .Lfunc_end3-SYS_IsRegLocked
	.cfi_endproc
	.cantunwind
	.fnend
                                        @ -- End function
	.hidden	SYS_ReadPDID                    @ -- Begin function SYS_ReadPDID
	.globl	SYS_ReadPDID
	.p2align	1
	.type	SYS_ReadPDID,%function
	.code	16                              @ @SYS_ReadPDID
	.thumb_func
SYS_ReadPDID:
.Lfunc_begin4:
	.loc	2 86 0 is_stmt 1                @ ../../../../Library/StdDriver/src/sys.c:86:0
	.fnstart
	.cfi_startproc
@ %bb.0:
	movs	r0, #1
	lsls	r0, r0, #30
.Ltmp12:
	.loc	2 87 17 prologue_end            @ ../../../../Library/StdDriver/src/sys.c:87:17
	ldr	r0, [r0]
	.loc	2 87 5 is_stmt 0                @ ../../../../Library/StdDriver/src/sys.c:87:5
	bx	lr
.Ltmp13:
.Lfunc_end4:
	.size	SYS_ReadPDID, .Lfunc_end4-SYS_ReadPDID
	.cfi_endproc
	.cantunwind
	.fnend
                                        @ -- End function
	.hidden	SYS_ResetChip                   @ -- Begin function SYS_ResetChip
	.globl	SYS_ResetChip
	.p2align	2
	.type	SYS_ResetChip,%function
	.code	16                              @ @SYS_ResetChip
	.thumb_func
SYS_ResetChip:
.Lfunc_begin5:
	.loc	2 98 0 is_stmt 1                @ ../../../../Library/StdDriver/src/sys.c:98:0
	.fnstart
	.cfi_startproc
@ %bb.0:
	ldr	r0, __arm_cp.5_0
.Ltmp14:
	.loc	2 99 17 prologue_end            @ ../../../../Library/StdDriver/src/sys.c:99:17
	ldr	r1, [r0]
	movs	r2, #1
	orrs	r2, r1
	str	r2, [r0]
	.loc	2 100 1                         @ ../../../../Library/StdDriver/src/sys.c:100:1
	bx	lr
.Ltmp15:
	.loc	2 0 1 is_stmt 0                 @ :0:1
.Ltmp16:
	.p2align	2
@ %bb.1:
__arm_cp.5_0:
	.long	1073741832                      @ 0x40000008
.Lcpi_end4:
	.size	__arm_cp.5_0, .Lcpi_end4-__arm_cp.5_0
.Lfunc_end5:
	.size	SYS_ResetChip, .Lfunc_end5-SYS_ResetChip
	.cfi_endproc
	.cantunwind
	.fnend
                                        @ -- End function
	.hidden	SYS_ResetCPU                    @ -- Begin function SYS_ResetCPU
	.globl	SYS_ResetCPU
	.p2align	2
	.type	SYS_ResetCPU,%function
	.code	16                              @ @SYS_ResetCPU
	.thumb_func
SYS_ResetCPU:
.Lfunc_begin6:
	.loc	2 110 0 is_stmt 1               @ ../../../../Library/StdDriver/src/sys.c:110:0
	.fnstart
	.cfi_startproc
@ %bb.0:
	ldr	r0, __arm_cp.6_0
.Ltmp17:
	.loc	2 111 17 prologue_end           @ ../../../../Library/StdDriver/src/sys.c:111:17
	ldr	r1, [r0]
	movs	r2, #2
	orrs	r2, r1
	str	r2, [r0]
	.loc	2 112 1                         @ ../../../../Library/StdDriver/src/sys.c:112:1
	bx	lr
.Ltmp18:
	.loc	2 0 1 is_stmt 0                 @ :0:1
.Ltmp19:
	.p2align	2
@ %bb.1:
__arm_cp.6_0:
	.long	1073741832                      @ 0x40000008
.Lcpi_end5:
	.size	__arm_cp.6_0, .Lcpi_end5-__arm_cp.6_0
.Lfunc_end6:
	.size	SYS_ResetCPU, .Lfunc_end6-SYS_ResetCPU
	.cfi_endproc
	.cantunwind
	.fnend
                                        @ -- End function
	.hidden	SYS_ResetModule                 @ -- Begin function SYS_ResetModule
	.globl	SYS_ResetModule
	.p2align	2
	.type	SYS_ResetModule,%function
	.code	16                              @ @SYS_ResetModule
	.thumb_func
SYS_ResetModule:
.Lfunc_begin7:
	.loc	2 142 0 is_stmt 1               @ ../../../../Library/StdDriver/src/sys.c:142:0
	.fnstart
	.cfi_startproc
@ %bb.0:
	@DEBUG_VALUE: SYS_ResetModule:u32ModuleIndex <- $r0
	.save	{r4, lr}
	push	{r4, lr}
	.cfi_def_cfa_offset 8
	.cfi_offset lr, -4
	.cfi_offset r4, -8
.Ltmp20:
	@DEBUG_VALUE: SYS_ResetModule:u32TmpVal <- 0
	@DEBUG_VALUE: SYS_ResetModule:u32TmpAddr <- 0
	.loc	2 147 60 prologue_end           @ ../../../../Library/StdDriver/src/sys.c:147:60
	lsrs	r1, r0, #24
	ldr	r2, __arm_cp.7_0
.Ltmp21:
	@DEBUG_VALUE: SYS_ResetModule:u32TmpAddr <- [DW_OP_plus_uconst 1073741832, DW_OP_stack_value] $r1
	.loc	2 148 29                        @ ../../../../Library/StdDriver/src/sys.c:148:29
	ldr	r3, [r1, r2]
	movs	r4, #255
	lsls	r4, r4, #24
	.loc	2 146 41                        @ ../../../../Library/StdDriver/src/sys.c:146:41
	bics	r0, r4
.Ltmp22:
	@DEBUG_VALUE: SYS_ResetModule:u32ModuleIndex <- [DW_OP_LLVM_entry_value 1] $r0
	.loc	2 0 41 is_stmt 0                @ ../../../../Library/StdDriver/src/sys.c:0:41
	movs	r4, #1
	.loc	2 146 22                        @ ../../../../Library/StdDriver/src/sys.c:146:22
	lsls	r4, r0
.Ltmp23:
	@DEBUG_VALUE: SYS_ResetModule:u32TmpVal <- undef
	.loc	2 152 29 is_stmt 1              @ ../../../../Library/StdDriver/src/sys.c:152:29
	bics	r3, r4
	str	r3, [r1, r2]
	.loc	2 153 1 epilogue_begin          @ ../../../../Library/StdDriver/src/sys.c:153:1
	pop	{r4, pc}
.Ltmp24:
	.loc	2 0 1 is_stmt 0                 @ :0:1
.Ltmp25:
	.p2align	2
@ %bb.1:
__arm_cp.7_0:
	.long	1073741832                      @ 0x40000008
.Lcpi_end6:
	.size	__arm_cp.7_0, .Lcpi_end6-__arm_cp.7_0
.Lfunc_end7:
	.size	SYS_ResetModule, .Lfunc_end7-SYS_ResetModule
	.cfi_endproc
	.cantunwind
	.fnend
                                        @ -- End function
	.hidden	SYS_EnableBOD                   @ -- Begin function SYS_EnableBOD
	.globl	SYS_EnableBOD
	.p2align	2
	.type	SYS_EnableBOD,%function
	.code	16                              @ @SYS_EnableBOD
	.thumb_func
SYS_EnableBOD:
.Lfunc_begin8:
	.loc	2 172 0 is_stmt 1               @ ../../../../Library/StdDriver/src/sys.c:172:0
	.fnstart
	.cfi_startproc
@ %bb.0:
	@DEBUG_VALUE: SYS_EnableBOD:i32Mode <- $r0
	@DEBUG_VALUE: SYS_EnableBOD:u32BODLevel <- $r1
	.save	{r4, r5, r7, lr}
	push	{r4, r5, r7, lr}
	.cfi_def_cfa_offset 16
	.cfi_offset lr, -4
	.cfi_offset r7, -8
	.cfi_offset r5, -12
	.cfi_offset r4, -16
	mov	r2, r0
.Ltmp26:
	@DEBUG_VALUE: SYS_EnableBOD:i32Mode <- $r2
	.loc	2 173 30 prologue_end           @ ../../../../Library/StdDriver/src/sys.c:173:30
	ldr	r0, __arm_cp.8_0
	ldr	r0, [r0]
	.loc	2 173 46 is_stmt 0              @ ../../../../Library/StdDriver/src/sys.c:173:46
	lsls	r4, r0, #1
.Ltmp27:
	@DEBUG_VALUE: SYS_EnableBOD:u32TimeOutCnt <- $r4
	.loc	2 0 46                          @ ../../../../Library/StdDriver/src/sys.c:0:46
	ldr	r3, __arm_cp.8_1
	movs	r0, #0
.Ltmp28:
.LBB8_1:                                @ =>This Inner Loop Header: Depth=1
	@DEBUG_VALUE: SYS_EnableBOD:u32TimeOutCnt <- $r4
	@DEBUG_VALUE: SYS_EnableBOD:i32Mode <- $r2
	@DEBUG_VALUE: SYS_EnableBOD:u32BODLevel <- $r1
	@DEBUG_VALUE: SYS_EnableBOD:u32TimeOutCnt <- $r4
	.loc	2 175 16 is_stmt 1              @ ../../../../Library/StdDriver/src/sys.c:175:16
	ldr	r5, [r3]
	.loc	2 175 5 is_stmt 0               @ ../../../../Library/StdDriver/src/sys.c:175:5
	cmp	r5, #0
	bpl	.LBB8_11
.Ltmp29:
@ %bb.2:                                @   in Loop: Header=BB8_1 Depth=1
	@DEBUG_VALUE: SYS_EnableBOD:u32TimeOutCnt <- $r4
	@DEBUG_VALUE: SYS_EnableBOD:i32Mode <- $r2
	@DEBUG_VALUE: SYS_EnableBOD:u32BODLevel <- $r1
	@DEBUG_VALUE: SYS_EnableBOD:u32TimeOutCnt <- [DW_OP_constu 1, DW_OP_minus, DW_OP_stack_value] $r4
	.loc	2 175 16                        @ ../../../../Library/StdDriver/src/sys.c:175:16
	ldr	r5, [r3]
	.loc	2 175 5                         @ ../../../../Library/StdDriver/src/sys.c:175:5
	cmp	r5, #0
	bpl	.LBB8_8
.Ltmp30:
@ %bb.3:                                @   in Loop: Header=BB8_1 Depth=1
	@DEBUG_VALUE: SYS_EnableBOD:u32TimeOutCnt <- [DW_OP_constu 1, DW_OP_minus, DW_OP_stack_value] $r4
	@DEBUG_VALUE: SYS_EnableBOD:i32Mode <- $r2
	@DEBUG_VALUE: SYS_EnableBOD:u32BODLevel <- $r1
	@DEBUG_VALUE: SYS_EnableBOD:u32TimeOutCnt <- [DW_OP_constu 2, DW_OP_minus, DW_OP_stack_value] $r4
	.loc	2 177 12 is_stmt 1              @ ../../../../Library/StdDriver/src/sys.c:177:12
	cmp	r4, #2
	beq	.LBB8_7
.Ltmp31:
@ %bb.4:                                @   in Loop: Header=BB8_1 Depth=1
	@DEBUG_VALUE: SYS_EnableBOD:u32TimeOutCnt <- [DW_OP_constu 2, DW_OP_minus, DW_OP_stack_value] $r4
	@DEBUG_VALUE: SYS_EnableBOD:i32Mode <- $r2
	@DEBUG_VALUE: SYS_EnableBOD:u32BODLevel <- $r1
	@DEBUG_VALUE: SYS_EnableBOD:u32TimeOutCnt <- [DW_OP_constu 2, DW_OP_minus, DW_OP_stack_value] $r4
	.loc	2 175 16                        @ ../../../../Library/StdDriver/src/sys.c:175:16
	ldr	r5, [r3]
	.loc	2 175 5 is_stmt 0               @ ../../../../Library/StdDriver/src/sys.c:175:5
	cmp	r5, #0
	bpl	.LBB8_9
.Ltmp32:
@ %bb.5:                                @   in Loop: Header=BB8_1 Depth=1
	@DEBUG_VALUE: SYS_EnableBOD:u32TimeOutCnt <- [DW_OP_constu 2, DW_OP_minus, DW_OP_stack_value] $r4
	@DEBUG_VALUE: SYS_EnableBOD:i32Mode <- $r2
	@DEBUG_VALUE: SYS_EnableBOD:u32BODLevel <- $r1
	@DEBUG_VALUE: SYS_EnableBOD:u32TimeOutCnt <- [DW_OP_constu 3, DW_OP_minus, DW_OP_stack_value] $r4
	.loc	2 175 16                        @ ../../../../Library/StdDriver/src/sys.c:175:16
	ldr	r5, [r3]
	.loc	2 175 5                         @ ../../../../Library/StdDriver/src/sys.c:175:5
	cmp	r5, #0
	bpl	.LBB8_10
.Ltmp33:
@ %bb.6:                                @   in Loop: Header=BB8_1 Depth=1
	@DEBUG_VALUE: SYS_EnableBOD:u32TimeOutCnt <- [DW_OP_constu 3, DW_OP_minus, DW_OP_stack_value] $r4
	@DEBUG_VALUE: SYS_EnableBOD:i32Mode <- $r2
	@DEBUG_VALUE: SYS_EnableBOD:u32BODLevel <- $r1
	.loc	2 177 12 is_stmt 1              @ ../../../../Library/StdDriver/src/sys.c:177:12
	subs	r4, r4, #4
.Ltmp34:
	@DEBUG_VALUE: SYS_EnableBOD:u32TimeOutCnt <- $r4
	.loc	2 177 12 is_stmt 0              @ ../../../../Library/StdDriver/src/sys.c:177:12
	bne	.LBB8_1
.Ltmp35:
.LBB8_7:
	@DEBUG_VALUE: SYS_EnableBOD:i32Mode <- $r2
	@DEBUG_VALUE: SYS_EnableBOD:u32BODLevel <- $r1
	.loc	2 0 12                          @ ../../../../Library/StdDriver/src/sys.c:0:12
	mov	r4, r0
	.loc	2 177 12                        @ ../../../../Library/StdDriver/src/sys.c:177:12
	b	.LBB8_11
.Ltmp36:
.LBB8_8:
	@DEBUG_VALUE: SYS_EnableBOD:u32TimeOutCnt <- [DW_OP_constu 1, DW_OP_minus, DW_OP_stack_value] $r4
	@DEBUG_VALUE: SYS_EnableBOD:i32Mode <- $r2
	@DEBUG_VALUE: SYS_EnableBOD:u32BODLevel <- $r1
	.loc	2 186 25 is_stmt 1              @ ../../../../Library/StdDriver/src/sys.c:186:25
	subs	r4, r4, #1
.Ltmp37:
	b	.LBB8_11
.Ltmp38:
.LBB8_9:
	@DEBUG_VALUE: SYS_EnableBOD:u32TimeOutCnt <- [DW_OP_constu 2, DW_OP_minus, DW_OP_stack_value] $r4
	@DEBUG_VALUE: SYS_EnableBOD:i32Mode <- $r2
	@DEBUG_VALUE: SYS_EnableBOD:u32BODLevel <- $r1
	.loc	2 175 5                         @ ../../../../Library/StdDriver/src/sys.c:175:5
	subs	r4, r4, #2
.Ltmp39:
	.loc	2 0 5 is_stmt 0                 @ ../../../../Library/StdDriver/src/sys.c:0:5
	b	.LBB8_11
.Ltmp40:
.LBB8_10:
	@DEBUG_VALUE: SYS_EnableBOD:u32TimeOutCnt <- [DW_OP_constu 3, DW_OP_minus, DW_OP_stack_value] $r4
	@DEBUG_VALUE: SYS_EnableBOD:i32Mode <- $r2
	@DEBUG_VALUE: SYS_EnableBOD:u32BODLevel <- $r1
	.loc	2 186 25 is_stmt 1              @ ../../../../Library/StdDriver/src/sys.c:186:25
	subs	r4, r4, #3
.Ltmp41:
.LBB8_11:
	@DEBUG_VALUE: SYS_EnableBOD:i32Mode <- $r2
	@DEBUG_VALUE: SYS_EnableBOD:u32BODLevel <- $r1
	@DEBUG_VALUE: SYS_EnableBOD:u32TimeOutCnt <- $r4
	.loc	2 187 39                        @ ../../../../Library/StdDriver/src/sys.c:187:39
	orrs	r2, r1
.Ltmp42:
	.loc	2 186 25                        @ ../../../../Library/StdDriver/src/sys.c:186:25
	ldr	r1, [r3]
.Ltmp43:
	@DEBUG_VALUE: SYS_EnableBOD:u32BODLevel <- [DW_OP_LLVM_entry_value 1] $r1
	.loc	2 0 25 is_stmt 0                @ ../../../../Library/StdDriver/src/sys.c:0:25
	ldr	r5, __arm_cp.8_2
	.loc	2 186 32                        @ ../../../../Library/StdDriver/src/sys.c:186:32
	ands	r5, r1
	.loc	2 187 55 is_stmt 1              @ ../../../../Library/StdDriver/src/sys.c:187:55
	orrs	r5, r2
	movs	r1, #1
	orrs	r1, r5
	.loc	2 186 17                        @ ../../../../Library/StdDriver/src/sys.c:186:17
	str	r1, [r3]
.Ltmp44:
	.loc	2 0 0 is_stmt 0                 @ ../../../../Library/StdDriver/src/sys.c:0:0
	cbnz	r4, .LBB8_13
.Ltmp45:
@ %bb.12:
	@DEBUG_VALUE: SYS_EnableBOD:u32BODLevel <- [DW_OP_LLVM_entry_value 1] $r1
	@DEBUG_VALUE: SYS_EnableBOD:u32TimeOutCnt <- $r4
	mvns	r0, r0
.Ltmp46:
.LBB8_13:
	@DEBUG_VALUE: SYS_EnableBOD:u32BODLevel <- [DW_OP_LLVM_entry_value 1] $r1
	@DEBUG_VALUE: SYS_EnableBOD:u32TimeOutCnt <- $r4
	.loc	2 193 1 epilogue_begin is_stmt 1 @ ../../../../Library/StdDriver/src/sys.c:193:1
	pop	{r4, r5, r7, pc}
.Ltmp47:
	.loc	2 0 1 is_stmt 0                 @ :0:1
.Ltmp48:
	.p2align	2
@ %bb.14:
__arm_cp.8_0:
	.long	SystemCoreClock
.Lcpi_end7:
	.size	__arm_cp.8_0, .Lcpi_end7-__arm_cp.8_0
__arm_cp.8_1:
	.long	1073741848                      @ 0x40000018
.Lcpi_end8:
	.size	__arm_cp.8_1, .Lcpi_end8-__arm_cp.8_1
__arm_cp.8_2:
	.long	4294508534                      @ 0xfff8fff6
.Lcpi_end9:
	.size	__arm_cp.8_2, .Lcpi_end9-__arm_cp.8_2
.Lfunc_end8:
	.size	SYS_EnableBOD, .Lfunc_end8-SYS_EnableBOD
	.cfi_endproc
	.cantunwind
	.fnend
                                        @ -- End function
	.hidden	SYS_DisableBOD                  @ -- Begin function SYS_DisableBOD
	.globl	SYS_DisableBOD
	.p2align	2
	.type	SYS_DisableBOD,%function
	.code	16                              @ @SYS_DisableBOD
	.thumb_func
SYS_DisableBOD:
.Lfunc_begin9:
	.fnstart
	.cfi_startproc
@ %bb.0:
	.loc	2 206 30 prologue_end is_stmt 1 @ ../../../../Library/StdDriver/src/sys.c:206:30
	ldr	r0, __arm_cp.9_0
	ldr	r0, [r0]
	.loc	2 206 46 is_stmt 0              @ ../../../../Library/StdDriver/src/sys.c:206:46
	lsls	r1, r0, #1
.Ltmp49:
	@DEBUG_VALUE: SYS_DisableBOD:u32TimeOutCnt <- $r1
	.loc	2 0 46                          @ ../../../../Library/StdDriver/src/sys.c:0:46
	ldr	r0, __arm_cp.9_1
	movs	r2, #1
.Ltmp50:
.LBB9_1:                                @ =>This Inner Loop Header: Depth=1
	@DEBUG_VALUE: SYS_DisableBOD:u32TimeOutCnt <- $r1
	@DEBUG_VALUE: SYS_DisableBOD:u32TimeOutCnt <- $r1
	.loc	2 208 16 is_stmt 1              @ ../../../../Library/StdDriver/src/sys.c:208:16
	ldr	r3, [r0]
	.loc	2 208 5 is_stmt 0               @ ../../../../Library/StdDriver/src/sys.c:208:5
	cmp	r3, #0
	bpl	.LBB9_9
.Ltmp51:
@ %bb.2:                                @   in Loop: Header=BB9_1 Depth=1
	@DEBUG_VALUE: SYS_DisableBOD:u32TimeOutCnt <- $r1
	@DEBUG_VALUE: SYS_DisableBOD:u32TimeOutCnt <- [DW_OP_constu 1, DW_OP_minus, DW_OP_stack_value] $r1
	.loc	2 208 16                        @ ../../../../Library/StdDriver/src/sys.c:208:16
	ldr	r3, [r0]
	.loc	2 208 5                         @ ../../../../Library/StdDriver/src/sys.c:208:5
	cmp	r3, #0
	bpl	.LBB9_8
.Ltmp52:
@ %bb.3:                                @   in Loop: Header=BB9_1 Depth=1
	@DEBUG_VALUE: SYS_DisableBOD:u32TimeOutCnt <- [DW_OP_constu 1, DW_OP_minus, DW_OP_stack_value] $r1
	@DEBUG_VALUE: SYS_DisableBOD:u32TimeOutCnt <- [DW_OP_constu 2, DW_OP_minus, DW_OP_stack_value] $r1
	.loc	2 210 12 is_stmt 1              @ ../../../../Library/StdDriver/src/sys.c:210:12
	cmp	r1, #2
	beq	.LBB9_7
.Ltmp53:
@ %bb.4:                                @   in Loop: Header=BB9_1 Depth=1
	@DEBUG_VALUE: SYS_DisableBOD:u32TimeOutCnt <- [DW_OP_constu 2, DW_OP_minus, DW_OP_stack_value] $r1
	@DEBUG_VALUE: SYS_DisableBOD:u32TimeOutCnt <- [DW_OP_constu 2, DW_OP_minus, DW_OP_stack_value] $r1
	.loc	2 208 16                        @ ../../../../Library/StdDriver/src/sys.c:208:16
	ldr	r3, [r0]
	.loc	2 208 5 is_stmt 0               @ ../../../../Library/StdDriver/src/sys.c:208:5
	cmp	r3, #0
	bpl	.LBB9_8
.Ltmp54:
@ %bb.5:                                @   in Loop: Header=BB9_1 Depth=1
	@DEBUG_VALUE: SYS_DisableBOD:u32TimeOutCnt <- [DW_OP_constu 2, DW_OP_minus, DW_OP_stack_value] $r1
	@DEBUG_VALUE: SYS_DisableBOD:u32TimeOutCnt <- [DW_OP_constu 3, DW_OP_minus, DW_OP_stack_value] $r1
	.loc	2 208 16                        @ ../../../../Library/StdDriver/src/sys.c:208:16
	ldr	r3, [r0]
	.loc	2 208 5                         @ ../../../../Library/StdDriver/src/sys.c:208:5
	cmp	r3, #0
	bpl	.LBB9_8
.Ltmp55:
@ %bb.6:                                @   in Loop: Header=BB9_1 Depth=1
	@DEBUG_VALUE: SYS_DisableBOD:u32TimeOutCnt <- [DW_OP_constu 3, DW_OP_minus, DW_OP_stack_value] $r1
	.loc	2 210 12 is_stmt 1              @ ../../../../Library/StdDriver/src/sys.c:210:12
	subs	r1, r1, #4
.Ltmp56:
	@DEBUG_VALUE: SYS_DisableBOD:u32TimeOutCnt <- $r1
	.loc	2 210 12 is_stmt 0              @ ../../../../Library/StdDriver/src/sys.c:210:12
	bne	.LBB9_1
.Ltmp57:
.LBB9_7:
	@DEBUG_VALUE: SYS_DisableBOD:u32TimeOutCnt <- 0
	.loc	2 216 17 is_stmt 1              @ ../../../../Library/StdDriver/src/sys.c:216:17
	ldr	r1, [r0]
	movs	r2, #1
	bics	r1, r2
	str	r1, [r0]
	b	.LBB9_11
.Ltmp58:
.LBB9_8:
	.loc	2 0 17 is_stmt 0                @ ../../../../Library/StdDriver/src/sys.c:0:17
	mov	r1, r2
.LBB9_9:
.Ltmp59:
	@DEBUG_VALUE: SYS_DisableBOD:u32TimeOutCnt <- $r1
	.loc	2 216 17                        @ ../../../../Library/StdDriver/src/sys.c:216:17
	ldr	r3, [r0]
	bics	r3, r2
	str	r3, [r0]
	cbz	r1, .LBB9_11
.Ltmp60:
@ %bb.10:
	@DEBUG_VALUE: SYS_DisableBOD:u32TimeOutCnt <- $r1
	.loc	2 0 17                          @ ../../../../Library/StdDriver/src/sys.c:0:17
	movs	r0, #0
	.loc	2 222 1 is_stmt 1               @ ../../../../Library/StdDriver/src/sys.c:222:1
	bx	lr
.Ltmp61:
.LBB9_11:
	.loc	2 0 1 is_stmt 0                 @ ../../../../Library/StdDriver/src/sys.c:0:1
	movs	r0, #0
	mvns	r0, r0
	.loc	2 222 1                         @ ../../../../Library/StdDriver/src/sys.c:222:1
	bx	lr
.Ltmp62:
	.loc	2 0 1                           @ :0:1
.Ltmp63:
	.p2align	2
@ %bb.12:
__arm_cp.9_0:
	.long	SystemCoreClock
.Lcpi_end10:
	.size	__arm_cp.9_0, .Lcpi_end10-__arm_cp.9_0
__arm_cp.9_1:
	.long	1073741848                      @ 0x40000018
.Lcpi_end11:
	.size	__arm_cp.9_1, .Lcpi_end11-__arm_cp.9_1
.Lfunc_end9:
	.size	SYS_DisableBOD, .Lfunc_end9-SYS_DisableBOD
	.cfi_endproc
	.cantunwind
	.fnend
                                        @ -- End function
	.hidden	g_SYS_i32ErrCode                @ @g_SYS_i32ErrCode
	.type	g_SYS_i32ErrCode,%object
	.section	.bss.g_SYS_i32ErrCode,"aw",%nobits
	.globl	g_SYS_i32ErrCode
	.p2align	2, 0x0
g_SYS_i32ErrCode:
	.long	0                               @ 0x0
	.size	g_SYS_i32ErrCode, 4

	.section	.debug_loc,"",%progbits
.Ldebug_loc0:
	.long	.Lfunc_begin7-.Lfunc_begin0
	.long	.Ltmp22-.Lfunc_begin0
	.short	1                               @ Loc expr size
	.byte	80                              @ DW_OP_reg0
	.long	.Ltmp22-.Lfunc_begin0
	.long	.Ltmp24-.Lfunc_begin0
	.short	4                               @ Loc expr size
	.byte	243                             @ DW_OP_GNU_entry_value
	.byte	1                               @ 1
	.byte	80                              @ DW_OP_reg0
	.byte	159                             @ DW_OP_stack_value
	.long	0
	.long	0
.Ldebug_loc1:
	.long	.Ltmp20-.Lfunc_begin0
	.long	.Ltmp23-.Lfunc_begin0
	.short	2                               @ Loc expr size
	.byte	48                              @ DW_OP_lit0
	.byte	159                             @ DW_OP_stack_value
	.long	0
	.long	0
.Ldebug_loc2:
	.long	.Ltmp20-.Lfunc_begin0
	.long	.Ltmp21-.Lfunc_begin0
	.short	2                               @ Loc expr size
	.byte	48                              @ DW_OP_lit0
	.byte	159                             @ DW_OP_stack_value
	.long	.Ltmp21-.Lfunc_begin0
	.long	.Ltmp24-.Lfunc_begin0
	.short	7                               @ Loc expr size
	.byte	113                             @ DW_OP_breg1
	.byte	136                             @ 1073741832
	.byte	128                             @ 
	.byte	128                             @ 
	.byte	128                             @ 
	.byte	4                               @ 
	.byte	159                             @ DW_OP_stack_value
	.long	0
	.long	0
.Ldebug_loc3:
	.long	.Lfunc_begin8-.Lfunc_begin0
	.long	.Ltmp26-.Lfunc_begin0
	.short	1                               @ Loc expr size
	.byte	80                              @ DW_OP_reg0
	.long	.Ltmp26-.Lfunc_begin0
	.long	.Ltmp42-.Lfunc_begin0
	.short	1                               @ Loc expr size
	.byte	82                              @ DW_OP_reg2
	.long	0
	.long	0
.Ldebug_loc4:
	.long	.Lfunc_begin8-.Lfunc_begin0
	.long	.Ltmp43-.Lfunc_begin0
	.short	1                               @ Loc expr size
	.byte	81                              @ DW_OP_reg1
	.long	.Ltmp43-.Lfunc_begin0
	.long	.Ltmp47-.Lfunc_begin0
	.short	4                               @ Loc expr size
	.byte	243                             @ DW_OP_GNU_entry_value
	.byte	1                               @ 1
	.byte	81                              @ DW_OP_reg1
	.byte	159                             @ DW_OP_stack_value
	.long	0
	.long	0
.Ldebug_loc5:
	.long	.Ltmp27-.Lfunc_begin0
	.long	.Ltmp29-.Lfunc_begin0
	.short	1                               @ Loc expr size
	.byte	84                              @ DW_OP_reg4
	.long	.Ltmp29-.Lfunc_begin0
	.long	.Ltmp30-.Lfunc_begin0
	.short	3                               @ Loc expr size
	.byte	116                             @ DW_OP_breg4
	.byte	127                             @ -1
	.byte	159                             @ DW_OP_stack_value
	.long	.Ltmp30-.Lfunc_begin0
	.long	.Ltmp32-.Lfunc_begin0
	.short	3                               @ Loc expr size
	.byte	116                             @ DW_OP_breg4
	.byte	126                             @ -2
	.byte	159                             @ DW_OP_stack_value
	.long	.Ltmp32-.Lfunc_begin0
	.long	.Ltmp34-.Lfunc_begin0
	.short	3                               @ Loc expr size
	.byte	116                             @ DW_OP_breg4
	.byte	125                             @ -3
	.byte	159                             @ DW_OP_stack_value
	.long	.Ltmp34-.Lfunc_begin0
	.long	.Ltmp35-.Lfunc_begin0
	.short	1                               @ Loc expr size
	.byte	84                              @ DW_OP_reg4
	.long	.Ltmp36-.Lfunc_begin0
	.long	.Ltmp37-.Lfunc_begin0
	.short	3                               @ Loc expr size
	.byte	116                             @ DW_OP_breg4
	.byte	127                             @ -1
	.byte	159                             @ DW_OP_stack_value
	.long	.Ltmp38-.Lfunc_begin0
	.long	.Ltmp39-.Lfunc_begin0
	.short	3                               @ Loc expr size
	.byte	116                             @ DW_OP_breg4
	.byte	126                             @ -2
	.byte	159                             @ DW_OP_stack_value
	.long	.Ltmp40-.Lfunc_begin0
	.long	.Ltmp41-.Lfunc_begin0
	.short	3                               @ Loc expr size
	.byte	116                             @ DW_OP_breg4
	.byte	125                             @ -3
	.byte	159                             @ DW_OP_stack_value
	.long	.Ltmp41-.Lfunc_begin0
	.long	.Ltmp47-.Lfunc_begin0
	.short	1                               @ Loc expr size
	.byte	84                              @ DW_OP_reg4
	.long	0
	.long	0
.Ldebug_loc6:
	.long	.Ltmp49-.Lfunc_begin0
	.long	.Ltmp51-.Lfunc_begin0
	.short	1                               @ Loc expr size
	.byte	81                              @ DW_OP_reg1
	.long	.Ltmp51-.Lfunc_begin0
	.long	.Ltmp52-.Lfunc_begin0
	.short	3                               @ Loc expr size
	.byte	113                             @ DW_OP_breg1
	.byte	127                             @ -1
	.byte	159                             @ DW_OP_stack_value
	.long	.Ltmp52-.Lfunc_begin0
	.long	.Ltmp54-.Lfunc_begin0
	.short	3                               @ Loc expr size
	.byte	113                             @ DW_OP_breg1
	.byte	126                             @ -2
	.byte	159                             @ DW_OP_stack_value
	.long	.Ltmp54-.Lfunc_begin0
	.long	.Ltmp56-.Lfunc_begin0
	.short	3                               @ Loc expr size
	.byte	113                             @ DW_OP_breg1
	.byte	125                             @ -3
	.byte	159                             @ DW_OP_stack_value
	.long	.Ltmp56-.Lfunc_begin0
	.long	.Ltmp57-.Lfunc_begin0
	.short	1                               @ Loc expr size
	.byte	81                              @ DW_OP_reg1
	.long	.Ltmp57-.Lfunc_begin0
	.long	.Ltmp58-.Lfunc_begin0
	.short	2                               @ Loc expr size
	.byte	48                              @ DW_OP_lit0
	.byte	159                             @ DW_OP_stack_value
	.long	.Ltmp59-.Lfunc_begin0
	.long	.Ltmp61-.Lfunc_begin0
	.short	1                               @ Loc expr size
	.byte	81                              @ DW_OP_reg1
	.long	0
	.long	0
	.section	.debug_abbrev,"",%progbits
	.byte	1                               @ Abbreviation Code
	.byte	17                              @ DW_TAG_compile_unit
	.byte	1                               @ DW_CHILDREN_yes
	.byte	37                              @ DW_AT_producer
	.byte	14                              @ DW_FORM_strp
	.byte	19                              @ DW_AT_language
	.byte	5                               @ DW_FORM_data2
	.byte	3                               @ DW_AT_name
	.byte	14                              @ DW_FORM_strp
	.byte	16                              @ DW_AT_stmt_list
	.byte	23                              @ DW_FORM_sec_offset
	.byte	27                              @ DW_AT_comp_dir
	.byte	14                              @ DW_FORM_strp
	.byte	17                              @ DW_AT_low_pc
	.byte	1                               @ DW_FORM_addr
	.byte	18                              @ DW_AT_high_pc
	.byte	6                               @ DW_FORM_data4
	.byte	0                               @ EOM(1)
	.byte	0                               @ EOM(2)
	.byte	2                               @ Abbreviation Code
	.byte	52                              @ DW_TAG_variable
	.byte	0                               @ DW_CHILDREN_no
	.byte	3                               @ DW_AT_name
	.byte	14                              @ DW_FORM_strp
	.byte	73                              @ DW_AT_type
	.byte	19                              @ DW_FORM_ref4
	.byte	63                              @ DW_AT_external
	.byte	25                              @ DW_FORM_flag_present
	.byte	58                              @ DW_AT_decl_file
	.byte	11                              @ DW_FORM_data1
	.byte	59                              @ DW_AT_decl_line
	.byte	11                              @ DW_FORM_data1
	.byte	2                               @ DW_AT_location
	.byte	24                              @ DW_FORM_exprloc
	.byte	0                               @ EOM(1)
	.byte	0                               @ EOM(2)
	.byte	3                               @ Abbreviation Code
	.byte	22                              @ DW_TAG_typedef
	.byte	0                               @ DW_CHILDREN_no
	.byte	73                              @ DW_AT_type
	.byte	19                              @ DW_FORM_ref4
	.byte	3                               @ DW_AT_name
	.byte	14                              @ DW_FORM_strp
	.byte	58                              @ DW_AT_decl_file
	.byte	11                              @ DW_FORM_data1
	.byte	59                              @ DW_AT_decl_line
	.byte	11                              @ DW_FORM_data1
	.byte	0                               @ EOM(1)
	.byte	0                               @ EOM(2)
	.byte	4                               @ Abbreviation Code
	.byte	36                              @ DW_TAG_base_type
	.byte	0                               @ DW_CHILDREN_no
	.byte	3                               @ DW_AT_name
	.byte	14                              @ DW_FORM_strp
	.byte	62                              @ DW_AT_encoding
	.byte	11                              @ DW_FORM_data1
	.byte	11                              @ DW_AT_byte_size
	.byte	11                              @ DW_FORM_data1
	.byte	0                               @ EOM(1)
	.byte	0                               @ EOM(2)
	.byte	5                               @ Abbreviation Code
	.byte	15                              @ DW_TAG_pointer_type
	.byte	0                               @ DW_CHILDREN_no
	.byte	73                              @ DW_AT_type
	.byte	19                              @ DW_FORM_ref4
	.byte	0                               @ EOM(1)
	.byte	0                               @ EOM(2)
	.byte	6                               @ Abbreviation Code
	.byte	22                              @ DW_TAG_typedef
	.byte	0                               @ DW_CHILDREN_no
	.byte	73                              @ DW_AT_type
	.byte	19                              @ DW_FORM_ref4
	.byte	3                               @ DW_AT_name
	.byte	14                              @ DW_FORM_strp
	.byte	58                              @ DW_AT_decl_file
	.byte	11                              @ DW_FORM_data1
	.byte	59                              @ DW_AT_decl_line
	.byte	5                               @ DW_FORM_data2
	.byte	0                               @ EOM(1)
	.byte	0                               @ EOM(2)
	.byte	7                               @ Abbreviation Code
	.byte	19                              @ DW_TAG_structure_type
	.byte	1                               @ DW_CHILDREN_yes
	.byte	11                              @ DW_AT_byte_size
	.byte	5                               @ DW_FORM_data2
	.byte	58                              @ DW_AT_decl_file
	.byte	11                              @ DW_FORM_data1
	.byte	59                              @ DW_AT_decl_line
	.byte	11                              @ DW_FORM_data1
	.byte	0                               @ EOM(1)
	.byte	0                               @ EOM(2)
	.byte	8                               @ Abbreviation Code
	.byte	13                              @ DW_TAG_member
	.byte	0                               @ DW_CHILDREN_no
	.byte	3                               @ DW_AT_name
	.byte	14                              @ DW_FORM_strp
	.byte	73                              @ DW_AT_type
	.byte	19                              @ DW_FORM_ref4
	.byte	58                              @ DW_AT_decl_file
	.byte	11                              @ DW_FORM_data1
	.byte	59                              @ DW_AT_decl_line
	.byte	5                               @ DW_FORM_data2
	.byte	56                              @ DW_AT_data_member_location
	.byte	11                              @ DW_FORM_data1
	.byte	0                               @ EOM(1)
	.byte	0                               @ EOM(2)
	.byte	9                               @ Abbreviation Code
	.byte	13                              @ DW_TAG_member
	.byte	0                               @ DW_CHILDREN_no
	.byte	3                               @ DW_AT_name
	.byte	14                              @ DW_FORM_strp
	.byte	73                              @ DW_AT_type
	.byte	19                              @ DW_FORM_ref4
	.byte	58                              @ DW_AT_decl_file
	.byte	11                              @ DW_FORM_data1
	.byte	59                              @ DW_AT_decl_line
	.byte	5                               @ DW_FORM_data2
	.byte	56                              @ DW_AT_data_member_location
	.byte	5                               @ DW_FORM_data2
	.byte	0                               @ EOM(1)
	.byte	0                               @ EOM(2)
	.byte	10                              @ Abbreviation Code
	.byte	38                              @ DW_TAG_const_type
	.byte	0                               @ DW_CHILDREN_no
	.byte	73                              @ DW_AT_type
	.byte	19                              @ DW_FORM_ref4
	.byte	0                               @ EOM(1)
	.byte	0                               @ EOM(2)
	.byte	11                              @ Abbreviation Code
	.byte	53                              @ DW_TAG_volatile_type
	.byte	0                               @ DW_CHILDREN_no
	.byte	73                              @ DW_AT_type
	.byte	19                              @ DW_FORM_ref4
	.byte	0                               @ EOM(1)
	.byte	0                               @ EOM(2)
	.byte	12                              @ Abbreviation Code
	.byte	1                               @ DW_TAG_array_type
	.byte	1                               @ DW_CHILDREN_yes
	.byte	73                              @ DW_AT_type
	.byte	19                              @ DW_FORM_ref4
	.byte	0                               @ EOM(1)
	.byte	0                               @ EOM(2)
	.byte	13                              @ Abbreviation Code
	.byte	33                              @ DW_TAG_subrange_type
	.byte	0                               @ DW_CHILDREN_no
	.byte	73                              @ DW_AT_type
	.byte	19                              @ DW_FORM_ref4
	.byte	55                              @ DW_AT_count
	.byte	11                              @ DW_FORM_data1
	.byte	0                               @ EOM(1)
	.byte	0                               @ EOM(2)
	.byte	14                              @ Abbreviation Code
	.byte	36                              @ DW_TAG_base_type
	.byte	0                               @ DW_CHILDREN_no
	.byte	3                               @ DW_AT_name
	.byte	14                              @ DW_FORM_strp
	.byte	11                              @ DW_AT_byte_size
	.byte	11                              @ DW_FORM_data1
	.byte	62                              @ DW_AT_encoding
	.byte	11                              @ DW_FORM_data1
	.byte	0                               @ EOM(1)
	.byte	0                               @ EOM(2)
	.byte	15                              @ Abbreviation Code
	.byte	46                              @ DW_TAG_subprogram
	.byte	1                               @ DW_CHILDREN_yes
	.byte	17                              @ DW_AT_low_pc
	.byte	1                               @ DW_FORM_addr
	.byte	18                              @ DW_AT_high_pc
	.byte	6                               @ DW_FORM_data4
	.byte	64                              @ DW_AT_frame_base
	.byte	24                              @ DW_FORM_exprloc
	.ascii	"\227B"                         @ DW_AT_GNU_all_call_sites
	.byte	25                              @ DW_FORM_flag_present
	.byte	3                               @ DW_AT_name
	.byte	14                              @ DW_FORM_strp
	.byte	58                              @ DW_AT_decl_file
	.byte	11                              @ DW_FORM_data1
	.byte	59                              @ DW_AT_decl_line
	.byte	11                              @ DW_FORM_data1
	.byte	39                              @ DW_AT_prototyped
	.byte	25                              @ DW_FORM_flag_present
	.byte	63                              @ DW_AT_external
	.byte	25                              @ DW_FORM_flag_present
	.byte	0                               @ EOM(1)
	.byte	0                               @ EOM(2)
	.byte	16                              @ Abbreviation Code
	.byte	5                               @ DW_TAG_formal_parameter
	.byte	0                               @ DW_CHILDREN_no
	.byte	2                               @ DW_AT_location
	.byte	24                              @ DW_FORM_exprloc
	.byte	3                               @ DW_AT_name
	.byte	14                              @ DW_FORM_strp
	.byte	58                              @ DW_AT_decl_file
	.byte	11                              @ DW_FORM_data1
	.byte	59                              @ DW_AT_decl_line
	.byte	11                              @ DW_FORM_data1
	.byte	73                              @ DW_AT_type
	.byte	19                              @ DW_FORM_ref4
	.byte	0                               @ EOM(1)
	.byte	0                               @ EOM(2)
	.byte	17                              @ Abbreviation Code
	.byte	46                              @ DW_TAG_subprogram
	.byte	0                               @ DW_CHILDREN_no
	.byte	17                              @ DW_AT_low_pc
	.byte	1                               @ DW_FORM_addr
	.byte	18                              @ DW_AT_high_pc
	.byte	6                               @ DW_FORM_data4
	.byte	64                              @ DW_AT_frame_base
	.byte	24                              @ DW_FORM_exprloc
	.ascii	"\227B"                         @ DW_AT_GNU_all_call_sites
	.byte	25                              @ DW_FORM_flag_present
	.byte	3                               @ DW_AT_name
	.byte	14                              @ DW_FORM_strp
	.byte	58                              @ DW_AT_decl_file
	.byte	11                              @ DW_FORM_data1
	.byte	59                              @ DW_AT_decl_line
	.byte	11                              @ DW_FORM_data1
	.byte	39                              @ DW_AT_prototyped
	.byte	25                              @ DW_FORM_flag_present
	.byte	73                              @ DW_AT_type
	.byte	19                              @ DW_FORM_ref4
	.byte	63                              @ DW_AT_external
	.byte	25                              @ DW_FORM_flag_present
	.byte	0                               @ EOM(1)
	.byte	0                               @ EOM(2)
	.byte	18                              @ Abbreviation Code
	.byte	46                              @ DW_TAG_subprogram
	.byte	0                               @ DW_CHILDREN_no
	.byte	17                              @ DW_AT_low_pc
	.byte	1                               @ DW_FORM_addr
	.byte	18                              @ DW_AT_high_pc
	.byte	6                               @ DW_FORM_data4
	.byte	64                              @ DW_AT_frame_base
	.byte	24                              @ DW_FORM_exprloc
	.ascii	"\227B"                         @ DW_AT_GNU_all_call_sites
	.byte	25                              @ DW_FORM_flag_present
	.byte	3                               @ DW_AT_name
	.byte	14                              @ DW_FORM_strp
	.byte	58                              @ DW_AT_decl_file
	.byte	11                              @ DW_FORM_data1
	.byte	59                              @ DW_AT_decl_line
	.byte	11                              @ DW_FORM_data1
	.byte	39                              @ DW_AT_prototyped
	.byte	25                              @ DW_FORM_flag_present
	.byte	63                              @ DW_AT_external
	.byte	25                              @ DW_FORM_flag_present
	.byte	0                               @ EOM(1)
	.byte	0                               @ EOM(2)
	.byte	19                              @ Abbreviation Code
	.byte	5                               @ DW_TAG_formal_parameter
	.byte	0                               @ DW_CHILDREN_no
	.byte	2                               @ DW_AT_location
	.byte	23                              @ DW_FORM_sec_offset
	.byte	3                               @ DW_AT_name
	.byte	14                              @ DW_FORM_strp
	.byte	58                              @ DW_AT_decl_file
	.byte	11                              @ DW_FORM_data1
	.byte	59                              @ DW_AT_decl_line
	.byte	11                              @ DW_FORM_data1
	.byte	73                              @ DW_AT_type
	.byte	19                              @ DW_FORM_ref4
	.byte	0                               @ EOM(1)
	.byte	0                               @ EOM(2)
	.byte	20                              @ Abbreviation Code
	.byte	52                              @ DW_TAG_variable
	.byte	0                               @ DW_CHILDREN_no
	.byte	2                               @ DW_AT_location
	.byte	23                              @ DW_FORM_sec_offset
	.byte	3                               @ DW_AT_name
	.byte	14                              @ DW_FORM_strp
	.byte	58                              @ DW_AT_decl_file
	.byte	11                              @ DW_FORM_data1
	.byte	59                              @ DW_AT_decl_line
	.byte	11                              @ DW_FORM_data1
	.byte	73                              @ DW_AT_type
	.byte	19                              @ DW_FORM_ref4
	.byte	0                               @ EOM(1)
	.byte	0                               @ EOM(2)
	.byte	21                              @ Abbreviation Code
	.byte	46                              @ DW_TAG_subprogram
	.byte	1                               @ DW_CHILDREN_yes
	.byte	17                              @ DW_AT_low_pc
	.byte	1                               @ DW_FORM_addr
	.byte	18                              @ DW_AT_high_pc
	.byte	6                               @ DW_FORM_data4
	.byte	64                              @ DW_AT_frame_base
	.byte	24                              @ DW_FORM_exprloc
	.ascii	"\227B"                         @ DW_AT_GNU_all_call_sites
	.byte	25                              @ DW_FORM_flag_present
	.byte	3                               @ DW_AT_name
	.byte	14                              @ DW_FORM_strp
	.byte	58                              @ DW_AT_decl_file
	.byte	11                              @ DW_FORM_data1
	.byte	59                              @ DW_AT_decl_line
	.byte	11                              @ DW_FORM_data1
	.byte	39                              @ DW_AT_prototyped
	.byte	25                              @ DW_FORM_flag_present
	.byte	73                              @ DW_AT_type
	.byte	19                              @ DW_FORM_ref4
	.byte	63                              @ DW_AT_external
	.byte	25                              @ DW_FORM_flag_present
	.byte	0                               @ EOM(1)
	.byte	0                               @ EOM(2)
	.byte	0                               @ EOM(3)
	.section	.debug_info,"",%progbits
.Lcu_begin0:
	.long	.Ldebug_info_end0-.Ldebug_info_start0 @ Length of Unit
.Ldebug_info_start0:
	.short	4                               @ DWARF version number
	.long	.debug_abbrev                   @ Offset Into Abbrev. Section
	.byte	4                               @ Address Size (in bytes)
	.byte	1                               @ Abbrev [1] 0xb:0x42a DW_TAG_compile_unit
	.long	.Linfo_string0                  @ DW_AT_producer
	.short	12                              @ DW_AT_language
	.long	.Linfo_string1                  @ DW_AT_name
	.long	.Lline_table_start0             @ DW_AT_stmt_list
	.long	.Linfo_string2                  @ DW_AT_comp_dir
	.long	.Lfunc_begin0                   @ DW_AT_low_pc
	.long	.Lfunc_end9-.Lfunc_begin0       @ DW_AT_high_pc
	.byte	2                               @ Abbrev [2] 0x26:0x11 DW_TAG_variable
	.long	.Linfo_string3                  @ DW_AT_name
	.long	55                              @ DW_AT_type
                                        @ DW_AT_external
	.byte	2                               @ DW_AT_decl_file
	.byte	19                              @ DW_AT_decl_line
	.byte	5                               @ DW_AT_location
	.byte	3
	.long	g_SYS_i32ErrCode
	.byte	3                               @ Abbrev [3] 0x37:0xb DW_TAG_typedef
	.long	66                              @ DW_AT_type
	.long	.Linfo_string5                  @ DW_AT_name
	.byte	1                               @ DW_AT_decl_file
	.byte	58                              @ DW_AT_decl_line
	.byte	4                               @ Abbrev [4] 0x42:0x7 DW_TAG_base_type
	.long	.Linfo_string4                  @ DW_AT_name
	.byte	5                               @ DW_AT_encoding
	.byte	4                               @ DW_AT_byte_size
	.byte	5                               @ Abbrev [5] 0x49:0x5 DW_TAG_pointer_type
	.long	78                              @ DW_AT_type
	.byte	6                               @ Abbrev [6] 0x4e:0xc DW_TAG_typedef
	.long	90                              @ DW_AT_type
	.long	.Linfo_string50                 @ DW_AT_name
	.byte	3                               @ DW_AT_decl_file
	.short	746                             @ DW_AT_decl_line
	.byte	7                               @ Abbrev [7] 0x5a:0x222 DW_TAG_structure_type
	.short	496                             @ DW_AT_byte_size
	.byte	3                               @ DW_AT_decl_file
	.byte	23                              @ DW_AT_decl_line
	.byte	8                               @ Abbrev [8] 0x5f:0xd DW_TAG_member
	.long	.Linfo_string6                  @ DW_AT_name
	.long	636                             @ DW_AT_type
	.byte	3                               @ DW_AT_decl_file
	.short	704                             @ DW_AT_decl_line
	.byte	0                               @ DW_AT_data_member_location
	.byte	8                               @ Abbrev [8] 0x6c:0xd DW_TAG_member
	.long	.Linfo_string9                  @ DW_AT_name
	.long	641                             @ DW_AT_type
	.byte	3                               @ DW_AT_decl_file
	.short	705                             @ DW_AT_decl_line
	.byte	4                               @ DW_AT_data_member_location
	.byte	8                               @ Abbrev [8] 0x79:0xd DW_TAG_member
	.long	.Linfo_string10                 @ DW_AT_name
	.long	641                             @ DW_AT_type
	.byte	3                               @ DW_AT_decl_file
	.short	706                             @ DW_AT_decl_line
	.byte	8                               @ DW_AT_data_member_location
	.byte	8                               @ Abbrev [8] 0x86:0xd DW_TAG_member
	.long	.Linfo_string11                 @ DW_AT_name
	.long	641                             @ DW_AT_type
	.byte	3                               @ DW_AT_decl_file
	.short	707                             @ DW_AT_decl_line
	.byte	12                              @ DW_AT_data_member_location
	.byte	8                               @ Abbrev [8] 0x93:0xd DW_TAG_member
	.long	.Linfo_string12                 @ DW_AT_name
	.long	641                             @ DW_AT_type
	.byte	3                               @ DW_AT_decl_file
	.short	708                             @ DW_AT_decl_line
	.byte	16                              @ DW_AT_data_member_location
	.byte	8                               @ Abbrev [8] 0xa0:0xd DW_TAG_member
	.long	.Linfo_string13                 @ DW_AT_name
	.long	664                             @ DW_AT_type
	.byte	3                               @ DW_AT_decl_file
	.short	709                             @ DW_AT_decl_line
	.byte	20                              @ DW_AT_data_member_location
	.byte	8                               @ Abbrev [8] 0xad:0xd DW_TAG_member
	.long	.Linfo_string15                 @ DW_AT_name
	.long	641                             @ DW_AT_type
	.byte	3                               @ DW_AT_decl_file
	.short	710                             @ DW_AT_decl_line
	.byte	24                              @ DW_AT_data_member_location
	.byte	8                               @ Abbrev [8] 0xba:0xd DW_TAG_member
	.long	.Linfo_string16                 @ DW_AT_name
	.long	641                             @ DW_AT_type
	.byte	3                               @ DW_AT_decl_file
	.short	711                             @ DW_AT_decl_line
	.byte	28                              @ DW_AT_data_member_location
	.byte	8                               @ Abbrev [8] 0xc7:0xd DW_TAG_member
	.long	.Linfo_string17                 @ DW_AT_name
	.long	664                             @ DW_AT_type
	.byte	3                               @ DW_AT_decl_file
	.short	712                             @ DW_AT_decl_line
	.byte	32                              @ DW_AT_data_member_location
	.byte	8                               @ Abbrev [8] 0xd4:0xd DW_TAG_member
	.long	.Linfo_string18                 @ DW_AT_name
	.long	641                             @ DW_AT_type
	.byte	3                               @ DW_AT_decl_file
	.short	713                             @ DW_AT_decl_line
	.byte	36                              @ DW_AT_data_member_location
	.byte	8                               @ Abbrev [8] 0xe1:0xd DW_TAG_member
	.long	.Linfo_string19                 @ DW_AT_name
	.long	683                             @ DW_AT_type
	.byte	3                               @ DW_AT_decl_file
	.short	714                             @ DW_AT_decl_line
	.byte	40                              @ DW_AT_data_member_location
	.byte	8                               @ Abbrev [8] 0xee:0xd DW_TAG_member
	.long	.Linfo_string20                 @ DW_AT_name
	.long	641                             @ DW_AT_type
	.byte	3                               @ DW_AT_decl_file
	.short	715                             @ DW_AT_decl_line
	.byte	48                              @ DW_AT_data_member_location
	.byte	8                               @ Abbrev [8] 0xfb:0xd DW_TAG_member
	.long	.Linfo_string21                 @ DW_AT_name
	.long	641                             @ DW_AT_type
	.byte	3                               @ DW_AT_decl_file
	.short	716                             @ DW_AT_decl_line
	.byte	52                              @ DW_AT_data_member_location
	.byte	8                               @ Abbrev [8] 0x108:0xd DW_TAG_member
	.long	.Linfo_string22                 @ DW_AT_name
	.long	641                             @ DW_AT_type
	.byte	3                               @ DW_AT_decl_file
	.short	717                             @ DW_AT_decl_line
	.byte	56                              @ DW_AT_data_member_location
	.byte	8                               @ Abbrev [8] 0x115:0xd DW_TAG_member
	.long	.Linfo_string23                 @ DW_AT_name
	.long	641                             @ DW_AT_type
	.byte	3                               @ DW_AT_decl_file
	.short	718                             @ DW_AT_decl_line
	.byte	60                              @ DW_AT_data_member_location
	.byte	8                               @ Abbrev [8] 0x122:0xd DW_TAG_member
	.long	.Linfo_string24                 @ DW_AT_name
	.long	641                             @ DW_AT_type
	.byte	3                               @ DW_AT_decl_file
	.short	719                             @ DW_AT_decl_line
	.byte	64                              @ DW_AT_data_member_location
	.byte	8                               @ Abbrev [8] 0x12f:0xd DW_TAG_member
	.long	.Linfo_string25                 @ DW_AT_name
	.long	641                             @ DW_AT_type
	.byte	3                               @ DW_AT_decl_file
	.short	720                             @ DW_AT_decl_line
	.byte	68                              @ DW_AT_data_member_location
	.byte	8                               @ Abbrev [8] 0x13c:0xd DW_TAG_member
	.long	.Linfo_string26                 @ DW_AT_name
	.long	641                             @ DW_AT_type
	.byte	3                               @ DW_AT_decl_file
	.short	721                             @ DW_AT_decl_line
	.byte	72                              @ DW_AT_data_member_location
	.byte	8                               @ Abbrev [8] 0x149:0xd DW_TAG_member
	.long	.Linfo_string27                 @ DW_AT_name
	.long	641                             @ DW_AT_type
	.byte	3                               @ DW_AT_decl_file
	.short	722                             @ DW_AT_decl_line
	.byte	76                              @ DW_AT_data_member_location
	.byte	8                               @ Abbrev [8] 0x156:0xd DW_TAG_member
	.long	.Linfo_string28                 @ DW_AT_name
	.long	664                             @ DW_AT_type
	.byte	3                               @ DW_AT_decl_file
	.short	723                             @ DW_AT_decl_line
	.byte	80                              @ DW_AT_data_member_location
	.byte	8                               @ Abbrev [8] 0x163:0xd DW_TAG_member
	.long	.Linfo_string29                 @ DW_AT_name
	.long	641                             @ DW_AT_type
	.byte	3                               @ DW_AT_decl_file
	.short	724                             @ DW_AT_decl_line
	.byte	84                              @ DW_AT_data_member_location
	.byte	8                               @ Abbrev [8] 0x170:0xd DW_TAG_member
	.long	.Linfo_string30                 @ DW_AT_name
	.long	641                             @ DW_AT_type
	.byte	3                               @ DW_AT_decl_file
	.short	725                             @ DW_AT_decl_line
	.byte	88                              @ DW_AT_data_member_location
	.byte	8                               @ Abbrev [8] 0x17d:0xd DW_TAG_member
	.long	.Linfo_string31                 @ DW_AT_name
	.long	641                             @ DW_AT_type
	.byte	3                               @ DW_AT_decl_file
	.short	726                             @ DW_AT_decl_line
	.byte	92                              @ DW_AT_data_member_location
	.byte	8                               @ Abbrev [8] 0x18a:0xd DW_TAG_member
	.long	.Linfo_string32                 @ DW_AT_name
	.long	664                             @ DW_AT_type
	.byte	3                               @ DW_AT_decl_file
	.short	727                             @ DW_AT_decl_line
	.byte	96                              @ DW_AT_data_member_location
	.byte	8                               @ Abbrev [8] 0x197:0xd DW_TAG_member
	.long	.Linfo_string33                 @ DW_AT_name
	.long	641                             @ DW_AT_type
	.byte	3                               @ DW_AT_decl_file
	.short	728                             @ DW_AT_decl_line
	.byte	100                             @ DW_AT_data_member_location
	.byte	8                               @ Abbrev [8] 0x1a4:0xd DW_TAG_member
	.long	.Linfo_string34                 @ DW_AT_name
	.long	695                             @ DW_AT_type
	.byte	3                               @ DW_AT_decl_file
	.short	729                             @ DW_AT_decl_line
	.byte	104                             @ DW_AT_data_member_location
	.byte	8                               @ Abbrev [8] 0x1b1:0xd DW_TAG_member
	.long	.Linfo_string35                 @ DW_AT_name
	.long	641                             @ DW_AT_type
	.byte	3                               @ DW_AT_decl_file
	.short	730                             @ DW_AT_decl_line
	.byte	128                             @ DW_AT_data_member_location
	.byte	8                               @ Abbrev [8] 0x1be:0xd DW_TAG_member
	.long	.Linfo_string36                 @ DW_AT_name
	.long	641                             @ DW_AT_type
	.byte	3                               @ DW_AT_decl_file
	.short	731                             @ DW_AT_decl_line
	.byte	132                             @ DW_AT_data_member_location
	.byte	8                               @ Abbrev [8] 0x1cb:0xd DW_TAG_member
	.long	.Linfo_string37                 @ DW_AT_name
	.long	641                             @ DW_AT_type
	.byte	3                               @ DW_AT_decl_file
	.short	732                             @ DW_AT_decl_line
	.byte	136                             @ DW_AT_data_member_location
	.byte	8                               @ Abbrev [8] 0x1d8:0xd DW_TAG_member
	.long	.Linfo_string38                 @ DW_AT_name
	.long	641                             @ DW_AT_type
	.byte	3                               @ DW_AT_decl_file
	.short	733                             @ DW_AT_decl_line
	.byte	140                             @ DW_AT_data_member_location
	.byte	8                               @ Abbrev [8] 0x1e5:0xd DW_TAG_member
	.long	.Linfo_string39                 @ DW_AT_name
	.long	664                             @ DW_AT_type
	.byte	3                               @ DW_AT_decl_file
	.short	734                             @ DW_AT_decl_line
	.byte	144                             @ DW_AT_data_member_location
	.byte	8                               @ Abbrev [8] 0x1f2:0xd DW_TAG_member
	.long	.Linfo_string40                 @ DW_AT_name
	.long	641                             @ DW_AT_type
	.byte	3                               @ DW_AT_decl_file
	.short	735                             @ DW_AT_decl_line
	.byte	148                             @ DW_AT_data_member_location
	.byte	8                               @ Abbrev [8] 0x1ff:0xd DW_TAG_member
	.long	.Linfo_string41                 @ DW_AT_name
	.long	641                             @ DW_AT_type
	.byte	3                               @ DW_AT_decl_file
	.short	736                             @ DW_AT_decl_line
	.byte	152                             @ DW_AT_data_member_location
	.byte	8                               @ Abbrev [8] 0x20c:0xd DW_TAG_member
	.long	.Linfo_string42                 @ DW_AT_name
	.long	707                             @ DW_AT_type
	.byte	3                               @ DW_AT_decl_file
	.short	737                             @ DW_AT_decl_line
	.byte	156                             @ DW_AT_data_member_location
	.byte	9                               @ Abbrev [9] 0x219:0xe DW_TAG_member
	.long	.Linfo_string43                 @ DW_AT_name
	.long	641                             @ DW_AT_type
	.byte	3                               @ DW_AT_decl_file
	.short	738                             @ DW_AT_decl_line
	.short	256                             @ DW_AT_data_member_location
	.byte	9                               @ Abbrev [9] 0x227:0xe DW_TAG_member
	.long	.Linfo_string44                 @ DW_AT_name
	.long	719                             @ DW_AT_type
	.byte	3                               @ DW_AT_decl_file
	.short	739                             @ DW_AT_decl_line
	.short	260                             @ DW_AT_data_member_location
	.byte	9                               @ Abbrev [9] 0x235:0xe DW_TAG_member
	.long	.Linfo_string45                 @ DW_AT_name
	.long	641                             @ DW_AT_type
	.byte	3                               @ DW_AT_decl_file
	.short	740                             @ DW_AT_decl_line
	.short	328                             @ DW_AT_data_member_location
	.byte	9                               @ Abbrev [9] 0x243:0xe DW_TAG_member
	.long	.Linfo_string46                 @ DW_AT_name
	.long	731                             @ DW_AT_type
	.byte	3                               @ DW_AT_decl_file
	.short	741                             @ DW_AT_decl_line
	.short	332                             @ DW_AT_data_member_location
	.byte	9                               @ Abbrev [9] 0x251:0xe DW_TAG_member
	.long	.Linfo_string47                 @ DW_AT_name
	.long	641                             @ DW_AT_type
	.byte	3                               @ DW_AT_decl_file
	.short	742                             @ DW_AT_decl_line
	.short	472                             @ DW_AT_data_member_location
	.byte	9                               @ Abbrev [9] 0x25f:0xe DW_TAG_member
	.long	.Linfo_string48                 @ DW_AT_name
	.long	743                             @ DW_AT_type
	.byte	3                               @ DW_AT_decl_file
	.short	743                             @ DW_AT_decl_line
	.short	476                             @ DW_AT_data_member_location
	.byte	9                               @ Abbrev [9] 0x26d:0xe DW_TAG_member
	.long	.Linfo_string49                 @ DW_AT_name
	.long	641                             @ DW_AT_type
	.byte	3                               @ DW_AT_decl_file
	.short	744                             @ DW_AT_decl_line
	.short	492                             @ DW_AT_data_member_location
	.byte	0                               @ End Of Children Mark
	.byte	10                              @ Abbrev [10] 0x27c:0x5 DW_TAG_const_type
	.long	641                             @ DW_AT_type
	.byte	11                              @ Abbrev [11] 0x281:0x5 DW_TAG_volatile_type
	.long	646                             @ DW_AT_type
	.byte	3                               @ Abbrev [3] 0x286:0xb DW_TAG_typedef
	.long	657                             @ DW_AT_type
	.long	.Linfo_string8                  @ DW_AT_name
	.byte	1                               @ DW_AT_decl_file
	.byte	64                              @ DW_AT_decl_line
	.byte	4                               @ Abbrev [4] 0x291:0x7 DW_TAG_base_type
	.long	.Linfo_string7                  @ DW_AT_name
	.byte	7                               @ DW_AT_encoding
	.byte	4                               @ DW_AT_byte_size
	.byte	12                              @ Abbrev [12] 0x298:0xc DW_TAG_array_type
	.long	636                             @ DW_AT_type
	.byte	13                              @ Abbrev [13] 0x29d:0x6 DW_TAG_subrange_type
	.long	676                             @ DW_AT_type
	.byte	1                               @ DW_AT_count
	.byte	0                               @ End Of Children Mark
	.byte	14                              @ Abbrev [14] 0x2a4:0x7 DW_TAG_base_type
	.long	.Linfo_string14                 @ DW_AT_name
	.byte	8                               @ DW_AT_byte_size
	.byte	7                               @ DW_AT_encoding
	.byte	12                              @ Abbrev [12] 0x2ab:0xc DW_TAG_array_type
	.long	636                             @ DW_AT_type
	.byte	13                              @ Abbrev [13] 0x2b0:0x6 DW_TAG_subrange_type
	.long	676                             @ DW_AT_type
	.byte	2                               @ DW_AT_count
	.byte	0                               @ End Of Children Mark
	.byte	12                              @ Abbrev [12] 0x2b7:0xc DW_TAG_array_type
	.long	636                             @ DW_AT_type
	.byte	13                              @ Abbrev [13] 0x2bc:0x6 DW_TAG_subrange_type
	.long	676                             @ DW_AT_type
	.byte	6                               @ DW_AT_count
	.byte	0                               @ End Of Children Mark
	.byte	12                              @ Abbrev [12] 0x2c3:0xc DW_TAG_array_type
	.long	636                             @ DW_AT_type
	.byte	13                              @ Abbrev [13] 0x2c8:0x6 DW_TAG_subrange_type
	.long	676                             @ DW_AT_type
	.byte	25                              @ DW_AT_count
	.byte	0                               @ End Of Children Mark
	.byte	12                              @ Abbrev [12] 0x2cf:0xc DW_TAG_array_type
	.long	636                             @ DW_AT_type
	.byte	13                              @ Abbrev [13] 0x2d4:0x6 DW_TAG_subrange_type
	.long	676                             @ DW_AT_type
	.byte	17                              @ DW_AT_count
	.byte	0                               @ End Of Children Mark
	.byte	12                              @ Abbrev [12] 0x2db:0xc DW_TAG_array_type
	.long	636                             @ DW_AT_type
	.byte	13                              @ Abbrev [13] 0x2e0:0x6 DW_TAG_subrange_type
	.long	676                             @ DW_AT_type
	.byte	35                              @ DW_AT_count
	.byte	0                               @ End Of Children Mark
	.byte	12                              @ Abbrev [12] 0x2e7:0xc DW_TAG_array_type
	.long	636                             @ DW_AT_type
	.byte	13                              @ Abbrev [13] 0x2ec:0x6 DW_TAG_subrange_type
	.long	676                             @ DW_AT_type
	.byte	4                               @ DW_AT_count
	.byte	0                               @ End Of Children Mark
	.byte	5                               @ Abbrev [5] 0x2f3:0x5 DW_TAG_pointer_type
	.long	646                             @ DW_AT_type
	.byte	15                              @ Abbrev [15] 0x2f8:0x1f DW_TAG_subprogram
	.long	.Lfunc_begin0                   @ DW_AT_low_pc
	.long	.Lfunc_end0-.Lfunc_begin0       @ DW_AT_high_pc
	.byte	1                               @ DW_AT_frame_base
	.byte	93
                                        @ DW_AT_GNU_all_call_sites
	.long	.Linfo_string51                 @ DW_AT_name
	.byte	2                               @ DW_AT_decl_file
	.byte	39                              @ DW_AT_decl_line
                                        @ DW_AT_prototyped
                                        @ DW_AT_external
	.byte	16                              @ Abbrev [16] 0x309:0xd DW_TAG_formal_parameter
	.byte	1                               @ DW_AT_location
	.byte	80
	.long	.Linfo_string61                 @ DW_AT_name
	.byte	2                               @ DW_AT_decl_file
	.byte	39                              @ DW_AT_decl_line
	.long	646                             @ DW_AT_type
	.byte	0                               @ End Of Children Mark
	.byte	17                              @ Abbrev [17] 0x317:0x15 DW_TAG_subprogram
	.long	.Lfunc_begin1                   @ DW_AT_low_pc
	.long	.Lfunc_end1-.Lfunc_begin1       @ DW_AT_high_pc
	.byte	1                               @ DW_AT_frame_base
	.byte	93
                                        @ DW_AT_GNU_all_call_sites
	.long	.Linfo_string52                 @ DW_AT_name
	.byte	2                               @ DW_AT_decl_file
	.byte	51                              @ DW_AT_decl_line
                                        @ DW_AT_prototyped
	.long	646                             @ DW_AT_type
                                        @ DW_AT_external
	.byte	17                              @ Abbrev [17] 0x32c:0x15 DW_TAG_subprogram
	.long	.Lfunc_begin2                   @ DW_AT_low_pc
	.long	.Lfunc_end2-.Lfunc_begin2       @ DW_AT_high_pc
	.byte	1                               @ DW_AT_frame_base
	.byte	93
                                        @ DW_AT_GNU_all_call_sites
	.long	.Linfo_string53                 @ DW_AT_name
	.byte	2                               @ DW_AT_decl_file
	.byte	62                              @ DW_AT_decl_line
                                        @ DW_AT_prototyped
	.long	646                             @ DW_AT_type
                                        @ DW_AT_external
	.byte	17                              @ Abbrev [17] 0x341:0x15 DW_TAG_subprogram
	.long	.Lfunc_begin3                   @ DW_AT_low_pc
	.long	.Lfunc_end3-.Lfunc_begin3       @ DW_AT_high_pc
	.byte	1                               @ DW_AT_frame_base
	.byte	93
                                        @ DW_AT_GNU_all_call_sites
	.long	.Linfo_string54                 @ DW_AT_name
	.byte	2                               @ DW_AT_decl_file
	.byte	74                              @ DW_AT_decl_line
                                        @ DW_AT_prototyped
	.long	646                             @ DW_AT_type
                                        @ DW_AT_external
	.byte	17                              @ Abbrev [17] 0x356:0x15 DW_TAG_subprogram
	.long	.Lfunc_begin4                   @ DW_AT_low_pc
	.long	.Lfunc_end4-.Lfunc_begin4       @ DW_AT_high_pc
	.byte	1                               @ DW_AT_frame_base
	.byte	93
                                        @ DW_AT_GNU_all_call_sites
	.long	.Linfo_string55                 @ DW_AT_name
	.byte	2                               @ DW_AT_decl_file
	.byte	85                              @ DW_AT_decl_line
                                        @ DW_AT_prototyped
	.long	646                             @ DW_AT_type
                                        @ DW_AT_external
	.byte	18                              @ Abbrev [18] 0x36b:0x11 DW_TAG_subprogram
	.long	.Lfunc_begin5                   @ DW_AT_low_pc
	.long	.Lfunc_end5-.Lfunc_begin5       @ DW_AT_high_pc
	.byte	1                               @ DW_AT_frame_base
	.byte	93
                                        @ DW_AT_GNU_all_call_sites
	.long	.Linfo_string56                 @ DW_AT_name
	.byte	2                               @ DW_AT_decl_file
	.byte	97                              @ DW_AT_decl_line
                                        @ DW_AT_prototyped
                                        @ DW_AT_external
	.byte	18                              @ Abbrev [18] 0x37c:0x11 DW_TAG_subprogram
	.long	.Lfunc_begin6                   @ DW_AT_low_pc
	.long	.Lfunc_end6-.Lfunc_begin6       @ DW_AT_high_pc
	.byte	1                               @ DW_AT_frame_base
	.byte	93
                                        @ DW_AT_GNU_all_call_sites
	.long	.Linfo_string57                 @ DW_AT_name
	.byte	2                               @ DW_AT_decl_file
	.byte	109                             @ DW_AT_decl_line
                                        @ DW_AT_prototyped
                                        @ DW_AT_external
	.byte	15                              @ Abbrev [15] 0x38d:0x3f DW_TAG_subprogram
	.long	.Lfunc_begin7                   @ DW_AT_low_pc
	.long	.Lfunc_end7-.Lfunc_begin7       @ DW_AT_high_pc
	.byte	1                               @ DW_AT_frame_base
	.byte	93
                                        @ DW_AT_GNU_all_call_sites
	.long	.Linfo_string58                 @ DW_AT_name
	.byte	2                               @ DW_AT_decl_file
	.byte	141                             @ DW_AT_decl_line
                                        @ DW_AT_prototyped
                                        @ DW_AT_external
	.byte	19                              @ Abbrev [19] 0x39e:0xf DW_TAG_formal_parameter
	.long	.Ldebug_loc0                    @ DW_AT_location
	.long	.Linfo_string62                 @ DW_AT_name
	.byte	2                               @ DW_AT_decl_file
	.byte	141                             @ DW_AT_decl_line
	.long	646                             @ DW_AT_type
	.byte	20                              @ Abbrev [20] 0x3ad:0xf DW_TAG_variable
	.long	.Ldebug_loc1                    @ DW_AT_location
	.long	.Linfo_string63                 @ DW_AT_name
	.byte	2                               @ DW_AT_decl_file
	.byte	143                             @ DW_AT_decl_line
	.long	646                             @ DW_AT_type
	.byte	20                              @ Abbrev [20] 0x3bc:0xf DW_TAG_variable
	.long	.Ldebug_loc2                    @ DW_AT_location
	.long	.Linfo_string64                 @ DW_AT_name
	.byte	2                               @ DW_AT_decl_file
	.byte	143                             @ DW_AT_decl_line
	.long	646                             @ DW_AT_type
	.byte	0                               @ End Of Children Mark
	.byte	21                              @ Abbrev [21] 0x3cc:0x43 DW_TAG_subprogram
	.long	.Lfunc_begin8                   @ DW_AT_low_pc
	.long	.Lfunc_end8-.Lfunc_begin8       @ DW_AT_high_pc
	.byte	1                               @ DW_AT_frame_base
	.byte	93
                                        @ DW_AT_GNU_all_call_sites
	.long	.Linfo_string59                 @ DW_AT_name
	.byte	2                               @ DW_AT_decl_file
	.byte	171                             @ DW_AT_decl_line
                                        @ DW_AT_prototyped
	.long	55                              @ DW_AT_type
                                        @ DW_AT_external
	.byte	19                              @ Abbrev [19] 0x3e1:0xf DW_TAG_formal_parameter
	.long	.Ldebug_loc3                    @ DW_AT_location
	.long	.Linfo_string65                 @ DW_AT_name
	.byte	2                               @ DW_AT_decl_file
	.byte	171                             @ DW_AT_decl_line
	.long	55                              @ DW_AT_type
	.byte	19                              @ Abbrev [19] 0x3f0:0xf DW_TAG_formal_parameter
	.long	.Ldebug_loc4                    @ DW_AT_location
	.long	.Linfo_string66                 @ DW_AT_name
	.byte	2                               @ DW_AT_decl_file
	.byte	171                             @ DW_AT_decl_line
	.long	646                             @ DW_AT_type
	.byte	20                              @ Abbrev [20] 0x3ff:0xf DW_TAG_variable
	.long	.Ldebug_loc5                    @ DW_AT_location
	.long	.Linfo_string67                 @ DW_AT_name
	.byte	2                               @ DW_AT_decl_file
	.byte	173                             @ DW_AT_decl_line
	.long	646                             @ DW_AT_type
	.byte	0                               @ End Of Children Mark
	.byte	21                              @ Abbrev [21] 0x40f:0x25 DW_TAG_subprogram
	.long	.Lfunc_begin9                   @ DW_AT_low_pc
	.long	.Lfunc_end9-.Lfunc_begin9       @ DW_AT_high_pc
	.byte	1                               @ DW_AT_frame_base
	.byte	93
                                        @ DW_AT_GNU_all_call_sites
	.long	.Linfo_string60                 @ DW_AT_name
	.byte	2                               @ DW_AT_decl_file
	.byte	204                             @ DW_AT_decl_line
                                        @ DW_AT_prototyped
	.long	55                              @ DW_AT_type
                                        @ DW_AT_external
	.byte	20                              @ Abbrev [20] 0x424:0xf DW_TAG_variable
	.long	.Ldebug_loc6                    @ DW_AT_location
	.long	.Linfo_string67                 @ DW_AT_name
	.byte	2                               @ DW_AT_decl_file
	.byte	206                             @ DW_AT_decl_line
	.long	646                             @ DW_AT_type
	.byte	0                               @ End Of Children Mark
	.byte	0                               @ End Of Children Mark
.Ldebug_info_end0:
	.section	.debug_str,"MS",%progbits,1
.Linfo_string0:
	.asciz	"Component: Arm Compiler for Embedded 6.24 Tool: armclang [5f371800]" @ string offset=0
.Linfo_string1:
	.asciz	"../../../../Library/StdDriver/src\\sys.c" @ string offset=68
.Linfo_string2:
	.asciz	"D:\\BSP\\M2003BSP-master\\CM2003xC_CM2003xE_CM2003xG_Series\\SampleCode\\StdDriver\\GPIO_INT\\Keil" @ string offset=108
.Linfo_string3:
	.asciz	"g_SYS_i32ErrCode"              @ string offset=200
.Linfo_string4:
	.asciz	"int"                           @ string offset=217
.Linfo_string5:
	.asciz	"int32_t"                       @ string offset=221
.Linfo_string6:
	.asciz	"PDID"                          @ string offset=229
.Linfo_string7:
	.asciz	"unsigned int"                  @ string offset=234
.Linfo_string8:
	.asciz	"uint32_t"                      @ string offset=247
.Linfo_string9:
	.asciz	"RSTSTS"                        @ string offset=256
.Linfo_string10:
	.asciz	"IPRST0"                        @ string offset=263
.Linfo_string11:
	.asciz	"IPRST1"                        @ string offset=270
.Linfo_string12:
	.asciz	"IPRST2"                        @ string offset=277
.Linfo_string13:
	.asciz	"RESERVE0"                      @ string offset=284
.Linfo_string14:
	.asciz	"__ARRAY_SIZE_TYPE__"           @ string offset=293
.Linfo_string15:
	.asciz	"BODCTL"                        @ string offset=313
.Linfo_string16:
	.asciz	"IVSCTL"                        @ string offset=320
.Linfo_string17:
	.asciz	"RESERVE1"                      @ string offset=327
.Linfo_string18:
	.asciz	"PORCTL0"                       @ string offset=336
.Linfo_string19:
	.asciz	"RESERVE2"                      @ string offset=344
.Linfo_string20:
	.asciz	"GPA_MFPL"                      @ string offset=353
.Linfo_string21:
	.asciz	"GPA_MFPH"                      @ string offset=362
.Linfo_string22:
	.asciz	"GPB_MFPL"                      @ string offset=371
.Linfo_string23:
	.asciz	"GPB_MFPH"                      @ string offset=380
.Linfo_string24:
	.asciz	"GPC_MFPL"                      @ string offset=389
.Linfo_string25:
	.asciz	"GPC_MFPH"                      @ string offset=398
.Linfo_string26:
	.asciz	"GPD_MFPL"                      @ string offset=407
.Linfo_string27:
	.asciz	"GPD_MFPH"                      @ string offset=416
.Linfo_string28:
	.asciz	"RESERVE3"                      @ string offset=425
.Linfo_string29:
	.asciz	"GPE_MFPH"                      @ string offset=434
.Linfo_string30:
	.asciz	"GPF_MFPL"                      @ string offset=443
.Linfo_string31:
	.asciz	"GPF_MFPH"                      @ string offset=452
.Linfo_string32:
	.asciz	"RESERVE4"                      @ string offset=461
.Linfo_string33:
	.asciz	"GPG_MFPH"                      @ string offset=470
.Linfo_string34:
	.asciz	"RESERVE5"                      @ string offset=479
.Linfo_string35:
	.asciz	"GPA_MFOS"                      @ string offset=488
.Linfo_string36:
	.asciz	"GPB_MFOS"                      @ string offset=497
.Linfo_string37:
	.asciz	"GPC_MFOS"                      @ string offset=506
.Linfo_string38:
	.asciz	"GPD_MFOS"                      @ string offset=515
.Linfo_string39:
	.asciz	"RESERVE6"                      @ string offset=524
.Linfo_string40:
	.asciz	"GPF_MFOS"                      @ string offset=533
.Linfo_string41:
	.asciz	"GPG_MFOS"                      @ string offset=542
.Linfo_string42:
	.asciz	"RESERVE7"                      @ string offset=551
.Linfo_string43:
	.asciz	"REGLCTL"                       @ string offset=560
.Linfo_string44:
	.asciz	"RESERVE8"                      @ string offset=568
.Linfo_string45:
	.asciz	"ADOFS"                         @ string offset=577
.Linfo_string46:
	.asciz	"RESERVE9"                      @ string offset=583
.Linfo_string47:
	.asciz	"CPUCFG"                        @ string offset=592
.Linfo_string48:
	.asciz	"RESERVE10"                     @ string offset=599
.Linfo_string49:
	.asciz	"PORCTL1"                       @ string offset=609
.Linfo_string50:
	.asciz	"SYS_T"                         @ string offset=617
.Linfo_string51:
	.asciz	"SYS_ClearResetSrc"             @ string offset=623
.Linfo_string52:
	.asciz	"SYS_GetBODStatus"              @ string offset=641
.Linfo_string53:
	.asciz	"SYS_GetResetSrc"               @ string offset=658
.Linfo_string54:
	.asciz	"SYS_IsRegLocked"               @ string offset=674
.Linfo_string55:
	.asciz	"SYS_ReadPDID"                  @ string offset=690
.Linfo_string56:
	.asciz	"SYS_ResetChip"                 @ string offset=703
.Linfo_string57:
	.asciz	"SYS_ResetCPU"                  @ string offset=717
.Linfo_string58:
	.asciz	"SYS_ResetModule"               @ string offset=730
.Linfo_string59:
	.asciz	"SYS_EnableBOD"                 @ string offset=746
.Linfo_string60:
	.asciz	"SYS_DisableBOD"                @ string offset=760
.Linfo_string61:
	.asciz	"u32Src"                        @ string offset=775
.Linfo_string62:
	.asciz	"u32ModuleIndex"                @ string offset=782
.Linfo_string63:
	.asciz	"u32TmpVal"                     @ string offset=797
.Linfo_string64:
	.asciz	"u32TmpAddr"                    @ string offset=807
.Linfo_string65:
	.asciz	"i32Mode"                       @ string offset=818
.Linfo_string66:
	.asciz	"u32BODLevel"                   @ string offset=826
.Linfo_string67:
	.asciz	"u32TimeOutCnt"                 @ string offset=838
	.ident	"Component: Arm Compiler for Embedded 6.24 Tool: armclang [5f371800]"
	.section	".note.GNU-stack","",%progbits
	.eabi_attribute	30, 1	@ Tag_ABI_optimization_goals
	.ARM_attribute	16, 1	@ Tag_AV_eba
	.section	.debug_line,"",%progbits
.Lline_table_start0:
