	.text
	.syntax unified
	.eabi_attribute	67, "2.09"	@ Tag_conformance
	.cpu	cortex-m23
	.eabi_attribute	6, 16	@ Tag_CPU_arch
	.eabi_attribute	7, 77	@ Tag_CPU_arch_profile
	.eabi_attribute	8, 0	@ Tag_ARM_ISA_use
	.eabi_attribute	9, 3	@ Tag_THUMB_ISA_use
	.eabi_attribute	34, 0	@ Tag_CPU_unaligned_access
	.eabi_attribute	17, 1	@ Tag_ABI_PCS_GOT_use
	.eabi_attribute	20, 2	@ Tag_ABI_FP_denormal
	.eabi_attribute	21, 0	@ Tag_ABI_FP_exceptions
	.eabi_attribute	23, 1	@ Tag_ABI_FP_number_model
	.eabi_attribute	24, 1	@ Tag_ABI_align_needed
	.eabi_attribute	25, 1	@ Tag_ABI_align_preserved
	.eabi_attribute	38, 1	@ Tag_ABI_FP_16bit_format
	.eabi_attribute	18, 2	@ Tag_ABI_PCS_wchar_t
	.eabi_attribute	26, 1	@ Tag_ABI_enum_size
	.eabi_attribute	14, 0	@ Tag_ABI_PCS_R9_use
	.file	"system_CM2003.c"
	.file	1 "C:\\Keil_v5\\ARM\\ARMCLANG\\bin\\..\\include" "stdint.h"
	.file	2 "D:\\BSP\\M2003BSP-master\\CM2003xC_CM2003xE_CM2003xG_Series\\SampleCode\\StdDriver\\GPIO_INT\\Keil" "../../../../Library/Device/Nuvoton/CM2003/Source/system_CM2003.c"
	.file	3 "D:\\BSP\\M2003BSP-master\\CM2003xC_CM2003xE_CM2003xG_Series\\SampleCode\\StdDriver\\GPIO_INT\\Keil" "../../../../Library/Device/Nuvoton/CM2003/Include\\clk_reg.h"
	.file	4 "D:\\BSP\\M2003BSP-master\\CM2003xC_CM2003xE_CM2003xG_Series\\SampleCode\\StdDriver\\GPIO_INT\\Keil" "../../../../Library/Device/Nuvoton/CM2003/Include\\sys_reg.h"
	.hidden	SystemCoreClockUpdate           @ -- Begin function SystemCoreClockUpdate
	.globl	SystemCoreClockUpdate
	.p2align	2
	.type	SystemCoreClockUpdate,%function
	.code	16                              @ @SystemCoreClockUpdate
	.thumb_func
SystemCoreClockUpdate:
.Lfunc_begin0:
	.loc	2 37 0                          @ ../../../../Library/Device/Nuvoton/CM2003/Source/system_CM2003.c:37:0
	.fnstart
	.cfi_sections .debug_frame
	.cfi_startproc
@ %bb.0:
	ldr	r0, __arm_cp.0_0
.Ltmp0:
	.loc	2 41 22 prologue_end            @ ../../../../Library/Device/Nuvoton/CM2003/Source/system_CM2003.c:41:22
	ldr	r1, [r0]
.Ltmp1:
	@DEBUG_VALUE: SystemCoreClockUpdate:u32ClkSrc <- undef
	.loc	2 44 15                         @ ../../../../Library/Device/Nuvoton/CM2003/Source/system_CM2003.c:44:15
	lsls	r1, r1, #29
	lsrs	r1, r1, #27
	ldr	r2, __arm_cp.0_1
	ldr	r1, [r2, r1]
.Ltmp2:
	@DEBUG_VALUE: SystemCoreClockUpdate:u32Freq <- $r1
	.loc	2 46 24                         @ ../../../../Library/Device/Nuvoton/CM2003/Source/system_CM2003.c:46:24
	ldr	r0, [r0, #16]
	.loc	2 46 32 is_stmt 0               @ ../../../../Library/Device/Nuvoton/CM2003/Source/system_CM2003.c:46:32
	uxtb	r0, r0
	.loc	2 46 59                         @ ../../../../Library/Device/Nuvoton/CM2003/Source/system_CM2003.c:46:59
	adds	r0, r0, #1
.Ltmp3:
	@DEBUG_VALUE: SystemCoreClockUpdate:u32HclkDiv <- $r0
	.loc	2 49 31 is_stmt 1               @ ../../../../Library/Device/Nuvoton/CM2003/Source/system_CM2003.c:49:31
	udiv	r0, r1, r0
.Ltmp4:
	.loc	2 49 21 is_stmt 0               @ ../../../../Library/Device/Nuvoton/CM2003/Source/system_CM2003.c:49:21
	ldr	r1, __arm_cp.0_2
.Ltmp5:
	str	r0, [r1]
	ldr	r1, __arm_cp.0_3
	.loc	2 51 36 is_stmt 1               @ ../../../../Library/Device/Nuvoton/CM2003/Source/system_CM2003.c:51:36
	adds	r0, r0, r1
	ldr	r1, __arm_cp.0_4
	.loc	2 51 46 is_stmt 0               @ ../../../../Library/Device/Nuvoton/CM2003/Source/system_CM2003.c:51:46
	udiv	r0, r0, r1
	.loc	2 51 17                         @ ../../../../Library/Device/Nuvoton/CM2003/Source/system_CM2003.c:51:17
	ldr	r1, __arm_cp.0_5
	str	r0, [r1]
	.loc	2 52 1 is_stmt 1                @ ../../../../Library/Device/Nuvoton/CM2003/Source/system_CM2003.c:52:1
	bx	lr
.Ltmp6:
	.loc	2 0 1 is_stmt 0                 @ :0:1
.Ltmp7:
	.p2align	2
@ %bb.1:
__arm_cp.0_0:
	.long	1073742352                      @ 0x40000210
.Lcpi_end0:
	.size	__arm_cp.0_0, .Lcpi_end0-__arm_cp.0_0
__arm_cp.0_1:
	.long	gau32ClkSrcTbl
.Lcpi_end1:
	.size	__arm_cp.0_1, .Lcpi_end1-__arm_cp.0_1
__arm_cp.0_2:
	.long	SystemCoreClock
.Lcpi_end2:
	.size	__arm_cp.0_2, .Lcpi_end2-__arm_cp.0_2
__arm_cp.0_3:
	.long	500000                          @ 0x7a120
.Lcpi_end3:
	.size	__arm_cp.0_3, .Lcpi_end3-__arm_cp.0_3
__arm_cp.0_4:
	.long	1000000                         @ 0xf4240
.Lcpi_end4:
	.size	__arm_cp.0_4, .Lcpi_end4-__arm_cp.0_4
__arm_cp.0_5:
	.long	CyclesPerUs
.Lcpi_end5:
	.size	__arm_cp.0_5, .Lcpi_end5-__arm_cp.0_5
.Lfunc_end0:
	.size	SystemCoreClockUpdate, .Lfunc_end0-SystemCoreClockUpdate
	.cfi_endproc
	.cantunwind
	.fnend
                                        @ -- End function
	.hidden	SystemInit                      @ -- Begin function SystemInit
	.globl	SystemInit
	.p2align	2
	.type	SystemInit,%function
	.code	16                              @ @SystemInit
	.thumb_func
SystemInit:
.Lfunc_begin1:
	.loc	2 65 0 is_stmt 1                @ ../../../../Library/Device/Nuvoton/CM2003/Source/system_CM2003.c:65:0
	.fnstart
	.cfi_startproc
@ %bb.0:
	.save	{r4, lr}
	push	{r4, lr}
	.cfi_def_cfa_offset 8
	.cfi_offset lr, -4
	.cfi_offset r4, -8
	ldr	r0, __arm_cp.1_0
	movs	r1, #89
	movs	r2, #22
	movs	r3, #136
.LBB1_1:                                @ =>This Inner Loop Header: Depth=1
.Ltmp8:
	.file	5 "D:\\BSP\\M2003BSP-master\\CM2003xC_CM2003xE_CM2003xG_Series\\SampleCode\\StdDriver\\GPIO_INT\\Keil" "../../../../Library/StdDriver/inc\\sys.h"
	.loc	5 998 22 prologue_end           @ ../../../../Library/StdDriver/inc\sys.h:998:22
	str	r1, [r0]
	.loc	5 999 22                        @ ../../../../Library/StdDriver/inc\sys.h:999:22
	str	r2, [r0]
	.loc	5 1000 22                       @ ../../../../Library/StdDriver/inc\sys.h:1000:22
	str	r3, [r0]
.Ltmp9:
	.loc	5 1002 16                       @ ../../../../Library/StdDriver/inc\sys.h:1002:16
	ldr	r4, [r0]
.Ltmp10:
	.loc	5 1001 5                        @ ../../../../Library/StdDriver/inc\sys.h:1001:5
	cbnz	r4, .LBB1_5
@ %bb.2:                                @   in Loop: Header=BB1_1 Depth=1
	.loc	5 998 22                        @ ../../../../Library/StdDriver/inc\sys.h:998:22
	str	r1, [r0]
	.loc	5 999 22                        @ ../../../../Library/StdDriver/inc\sys.h:999:22
	str	r2, [r0]
	.loc	5 1000 22                       @ ../../../../Library/StdDriver/inc\sys.h:1000:22
	str	r3, [r0]
.Ltmp11:
	.loc	5 1002 16                       @ ../../../../Library/StdDriver/inc\sys.h:1002:16
	ldr	r4, [r0]
.Ltmp12:
	.loc	5 1001 5                        @ ../../../../Library/StdDriver/inc\sys.h:1001:5
	cbnz	r4, .LBB1_5
@ %bb.3:                                @   in Loop: Header=BB1_1 Depth=1
	.loc	5 998 22                        @ ../../../../Library/StdDriver/inc\sys.h:998:22
	str	r1, [r0]
	.loc	5 999 22                        @ ../../../../Library/StdDriver/inc\sys.h:999:22
	str	r2, [r0]
	.loc	5 1000 22                       @ ../../../../Library/StdDriver/inc\sys.h:1000:22
	str	r3, [r0]
.Ltmp13:
	.loc	5 1002 16                       @ ../../../../Library/StdDriver/inc\sys.h:1002:16
	ldr	r4, [r0]
.Ltmp14:
	.loc	5 1001 5                        @ ../../../../Library/StdDriver/inc\sys.h:1001:5
	cbnz	r4, .LBB1_5
@ %bb.4:                                @   in Loop: Header=BB1_1 Depth=1
	.loc	5 998 22                        @ ../../../../Library/StdDriver/inc\sys.h:998:22
	str	r1, [r0]
	.loc	5 999 22                        @ ../../../../Library/StdDriver/inc\sys.h:999:22
	str	r2, [r0]
	.loc	5 1000 22                       @ ../../../../Library/StdDriver/inc\sys.h:1000:22
	str	r3, [r0]
.Ltmp15:
	.loc	5 1002 16                       @ ../../../../Library/StdDriver/inc\sys.h:1002:16
	ldr	r4, [r0]
.Ltmp16:
	.loc	5 1001 5                        @ ../../../../Library/StdDriver/inc\sys.h:1001:5
	cmp	r4, #0
	beq	.LBB1_1
.Ltmp17:
.LBB1_5:
	.loc	5 0 5 is_stmt 0                 @ ../../../../Library/StdDriver/inc\sys.h:0:5
	ldr	r1, __arm_cp.1_1
	movs	r2, #1
	.loc	2 67 18 is_stmt 1               @ ../../../../Library/Device/Nuvoton/CM2003/Source/system_CM2003.c:67:18
	str	r2, [r1]
	movs	r1, #0
.Ltmp18:
	.loc	5 1014 18                       @ ../../../../Library/StdDriver/inc\sys.h:1014:18
	str	r1, [r0]
.Ltmp19:
	.loc	2 69 1 epilogue_begin           @ ../../../../Library/Device/Nuvoton/CM2003/Source/system_CM2003.c:69:1
	pop	{r4, pc}
.Ltmp20:
	.loc	2 0 1 is_stmt 0                 @ :0:1
.Ltmp21:
	.p2align	2
@ %bb.6:
__arm_cp.1_0:
	.long	1073742080                      @ 0x40000100
.Lcpi_end6:
	.size	__arm_cp.1_0, .Lcpi_end6-__arm_cp.1_0
__arm_cp.1_1:
	.long	1073742512                      @ 0x400002b0
.Lcpi_end7:
	.size	__arm_cp.1_1, .Lcpi_end7-__arm_cp.1_1
.Lfunc_end1:
	.size	SystemInit, .Lfunc_end1-SystemInit
	.cfi_endproc
	.cantunwind
	.fnend
                                        @ -- End function
	.hidden	Uart0DefaultMPF                 @ -- Begin function Uart0DefaultMPF
	.weak	Uart0DefaultMPF
	.p2align	2
	.type	Uart0DefaultMPF,%function
	.code	16                              @ @Uart0DefaultMPF
	.thumb_func
Uart0DefaultMPF:
.Lfunc_begin2:
	.loc	2 109 0 is_stmt 1               @ ../../../../Library/Device/Nuvoton/CM2003/Source/system_CM2003.c:109:0
	.fnstart
	.cfi_startproc
@ %bb.0:
	.save	{r4, lr}
	push	{r4, lr}
	.cfi_def_cfa_offset 8
	.cfi_offset lr, -4
	.cfi_offset r4, -8
	movs	r0, #15
	lsls	r1, r0, #16
	ldr	r2, __arm_cp.2_0
.Ltmp22:
	.loc	2 111 27 prologue_end           @ ../../../../Library/Device/Nuvoton/CM2003/Source/system_CM2003.c:111:27
	ldr	r3, [r2]
	.loc	2 111 36 is_stmt 0              @ ../../../../Library/Device/Nuvoton/CM2003/Source/system_CM2003.c:111:36
	bics	r3, r1
	movs	r1, #3
	lsls	r4, r1, #17
	.loc	2 111 65                        @ ../../../../Library/Device/Nuvoton/CM2003/Source/system_CM2003.c:111:65
	adds	r3, r3, r4
	.loc	2 111 19                        @ ../../../../Library/Device/Nuvoton/CM2003/Source/system_CM2003.c:111:19
	str	r3, [r2]
	lsls	r0, r0, #20
	.loc	2 112 27 is_stmt 1              @ ../../../../Library/Device/Nuvoton/CM2003/Source/system_CM2003.c:112:27
	ldr	r3, [r2]
	.loc	2 112 36 is_stmt 0              @ ../../../../Library/Device/Nuvoton/CM2003/Source/system_CM2003.c:112:36
	bics	r3, r0
	lsls	r0, r1, #21
	.loc	2 112 65                        @ ../../../../Library/Device/Nuvoton/CM2003/Source/system_CM2003.c:112:65
	adds	r0, r3, r0
	.loc	2 112 19                        @ ../../../../Library/Device/Nuvoton/CM2003/Source/system_CM2003.c:112:19
	str	r0, [r2]
	.loc	2 113 1 epilogue_begin is_stmt 1 @ ../../../../Library/Device/Nuvoton/CM2003/Source/system_CM2003.c:113:1
	pop	{r4, pc}
.Ltmp23:
	.loc	2 0 1 is_stmt 0                 @ :0:1
.Ltmp24:
	.p2align	2
@ %bb.1:
__arm_cp.2_0:
	.long	1073741884                      @ 0x4000003c
.Lcpi_end8:
	.size	__arm_cp.2_0, .Lcpi_end8-__arm_cp.2_0
.Lfunc_end2:
	.size	Uart0DefaultMPF, .Lfunc_end2-Uart0DefaultMPF
	.cfi_endproc
	.cantunwind
	.fnend
                                        @ -- End function
	.hidden	SystemCoreClock                 @ @SystemCoreClock
	.type	SystemCoreClock,%object
	.section	.data.SystemCoreClock,"aw",%progbits
	.globl	SystemCoreClock
	.p2align	2, 0x0
SystemCoreClock:
	.long	24000000                        @ 0x16e3600
	.size	SystemCoreClock, 4

	.hidden	CyclesPerUs                     @ @CyclesPerUs
	.type	CyclesPerUs,%object
	.section	.data.CyclesPerUs,"aw",%progbits
	.globl	CyclesPerUs
	.p2align	2, 0x0
CyclesPerUs:
	.long	24                              @ 0x18
	.size	CyclesPerUs, 4

	.hidden	PllClock                        @ @PllClock
	.type	PllClock,%object
	.section	.data.PllClock,"aw",%progbits
	.globl	PllClock
	.p2align	2, 0x0
PllClock:
	.long	24000000                        @ 0x16e3600
	.size	PllClock, 4

	.hidden	gau32ClkSrcTbl                  @ @gau32ClkSrcTbl
	.type	gau32ClkSrcTbl,%object
	.section	.rodata.gau32ClkSrcTbl,"a",%progbits
	.globl	gau32ClkSrcTbl
	.p2align	2, 0x0
gau32ClkSrcTbl:
	.long	0                               @ 0x0
	.long	0                               @ 0x0
	.long	0                               @ 0x0
	.long	10000                           @ 0x2710
	.long	0                               @ 0x0
	.long	24000000                        @ 0x16e3600
	.long	0                               @ 0x0
	.long	0                               @ 0x0
	.size	gau32ClkSrcTbl, 32

	.section	.debug_loc,"",%progbits
.Ldebug_loc0:
	.long	.Ltmp2-.Lfunc_begin0
	.long	.Ltmp5-.Lfunc_begin0
	.short	1                               @ Loc expr size
	.byte	81                              @ DW_OP_reg1
	.long	0
	.long	0
.Ldebug_loc1:
	.long	.Ltmp3-.Lfunc_begin0
	.long	.Ltmp4-.Lfunc_begin0
	.short	1                               @ Loc expr size
	.byte	80                              @ DW_OP_reg0
	.long	0
	.long	0
	.section	.debug_abbrev,"",%progbits
	.byte	1                               @ Abbreviation Code
	.byte	17                              @ DW_TAG_compile_unit
	.byte	1                               @ DW_CHILDREN_yes
	.byte	37                              @ DW_AT_producer
	.byte	14                              @ DW_FORM_strp
	.byte	19                              @ DW_AT_language
	.byte	5                               @ DW_FORM_data2
	.byte	3                               @ DW_AT_name
	.byte	14                              @ DW_FORM_strp
	.byte	16                              @ DW_AT_stmt_list
	.byte	23                              @ DW_FORM_sec_offset
	.byte	27                              @ DW_AT_comp_dir
	.byte	14                              @ DW_FORM_strp
	.byte	17                              @ DW_AT_low_pc
	.byte	1                               @ DW_FORM_addr
	.byte	18                              @ DW_AT_high_pc
	.byte	6                               @ DW_FORM_data4
	.byte	0                               @ EOM(1)
	.byte	0                               @ EOM(2)
	.byte	2                               @ Abbreviation Code
	.byte	52                              @ DW_TAG_variable
	.byte	0                               @ DW_CHILDREN_no
	.byte	3                               @ DW_AT_name
	.byte	14                              @ DW_FORM_strp
	.byte	73                              @ DW_AT_type
	.byte	19                              @ DW_FORM_ref4
	.byte	63                              @ DW_AT_external
	.byte	25                              @ DW_FORM_flag_present
	.byte	58                              @ DW_AT_decl_file
	.byte	11                              @ DW_FORM_data1
	.byte	59                              @ DW_AT_decl_line
	.byte	11                              @ DW_FORM_data1
	.byte	2                               @ DW_AT_location
	.byte	24                              @ DW_FORM_exprloc
	.byte	0                               @ EOM(1)
	.byte	0                               @ EOM(2)
	.byte	3                               @ Abbreviation Code
	.byte	22                              @ DW_TAG_typedef
	.byte	0                               @ DW_CHILDREN_no
	.byte	73                              @ DW_AT_type
	.byte	19                              @ DW_FORM_ref4
	.byte	3                               @ DW_AT_name
	.byte	14                              @ DW_FORM_strp
	.byte	58                              @ DW_AT_decl_file
	.byte	11                              @ DW_FORM_data1
	.byte	59                              @ DW_AT_decl_line
	.byte	11                              @ DW_FORM_data1
	.byte	0                               @ EOM(1)
	.byte	0                               @ EOM(2)
	.byte	4                               @ Abbreviation Code
	.byte	36                              @ DW_TAG_base_type
	.byte	0                               @ DW_CHILDREN_no
	.byte	3                               @ DW_AT_name
	.byte	14                              @ DW_FORM_strp
	.byte	62                              @ DW_AT_encoding
	.byte	11                              @ DW_FORM_data1
	.byte	11                              @ DW_AT_byte_size
	.byte	11                              @ DW_FORM_data1
	.byte	0                               @ EOM(1)
	.byte	0                               @ EOM(2)
	.byte	5                               @ Abbreviation Code
	.byte	1                               @ DW_TAG_array_type
	.byte	1                               @ DW_CHILDREN_yes
	.byte	73                              @ DW_AT_type
	.byte	19                              @ DW_FORM_ref4
	.byte	0                               @ EOM(1)
	.byte	0                               @ EOM(2)
	.byte	6                               @ Abbreviation Code
	.byte	33                              @ DW_TAG_subrange_type
	.byte	0                               @ DW_CHILDREN_no
	.byte	73                              @ DW_AT_type
	.byte	19                              @ DW_FORM_ref4
	.byte	55                              @ DW_AT_count
	.byte	11                              @ DW_FORM_data1
	.byte	0                               @ EOM(1)
	.byte	0                               @ EOM(2)
	.byte	7                               @ Abbreviation Code
	.byte	38                              @ DW_TAG_const_type
	.byte	0                               @ DW_CHILDREN_no
	.byte	73                              @ DW_AT_type
	.byte	19                              @ DW_FORM_ref4
	.byte	0                               @ EOM(1)
	.byte	0                               @ EOM(2)
	.byte	8                               @ Abbreviation Code
	.byte	36                              @ DW_TAG_base_type
	.byte	0                               @ DW_CHILDREN_no
	.byte	3                               @ DW_AT_name
	.byte	14                              @ DW_FORM_strp
	.byte	11                              @ DW_AT_byte_size
	.byte	11                              @ DW_FORM_data1
	.byte	62                              @ DW_AT_encoding
	.byte	11                              @ DW_FORM_data1
	.byte	0                               @ EOM(1)
	.byte	0                               @ EOM(2)
	.byte	9                               @ Abbreviation Code
	.byte	15                              @ DW_TAG_pointer_type
	.byte	0                               @ DW_CHILDREN_no
	.byte	73                              @ DW_AT_type
	.byte	19                              @ DW_FORM_ref4
	.byte	0                               @ EOM(1)
	.byte	0                               @ EOM(2)
	.byte	10                              @ Abbreviation Code
	.byte	22                              @ DW_TAG_typedef
	.byte	0                               @ DW_CHILDREN_no
	.byte	73                              @ DW_AT_type
	.byte	19                              @ DW_FORM_ref4
	.byte	3                               @ DW_AT_name
	.byte	14                              @ DW_FORM_strp
	.byte	58                              @ DW_AT_decl_file
	.byte	11                              @ DW_FORM_data1
	.byte	59                              @ DW_AT_decl_line
	.byte	5                               @ DW_FORM_data2
	.byte	0                               @ EOM(1)
	.byte	0                               @ EOM(2)
	.byte	11                              @ Abbreviation Code
	.byte	19                              @ DW_TAG_structure_type
	.byte	1                               @ DW_CHILDREN_yes
	.byte	11                              @ DW_AT_byte_size
	.byte	11                              @ DW_FORM_data1
	.byte	58                              @ DW_AT_decl_file
	.byte	11                              @ DW_FORM_data1
	.byte	59                              @ DW_AT_decl_line
	.byte	11                              @ DW_FORM_data1
	.byte	0                               @ EOM(1)
	.byte	0                               @ EOM(2)
	.byte	12                              @ Abbreviation Code
	.byte	13                              @ DW_TAG_member
	.byte	0                               @ DW_CHILDREN_no
	.byte	3                               @ DW_AT_name
	.byte	14                              @ DW_FORM_strp
	.byte	73                              @ DW_AT_type
	.byte	19                              @ DW_FORM_ref4
	.byte	58                              @ DW_AT_decl_file
	.byte	11                              @ DW_FORM_data1
	.byte	59                              @ DW_AT_decl_line
	.byte	5                               @ DW_FORM_data2
	.byte	56                              @ DW_AT_data_member_location
	.byte	11                              @ DW_FORM_data1
	.byte	0                               @ EOM(1)
	.byte	0                               @ EOM(2)
	.byte	13                              @ Abbreviation Code
	.byte	53                              @ DW_TAG_volatile_type
	.byte	0                               @ DW_CHILDREN_no
	.byte	73                              @ DW_AT_type
	.byte	19                              @ DW_FORM_ref4
	.byte	0                               @ EOM(1)
	.byte	0                               @ EOM(2)
	.byte	14                              @ Abbreviation Code
	.byte	19                              @ DW_TAG_structure_type
	.byte	1                               @ DW_CHILDREN_yes
	.byte	11                              @ DW_AT_byte_size
	.byte	5                               @ DW_FORM_data2
	.byte	58                              @ DW_AT_decl_file
	.byte	11                              @ DW_FORM_data1
	.byte	59                              @ DW_AT_decl_line
	.byte	11                              @ DW_FORM_data1
	.byte	0                               @ EOM(1)
	.byte	0                               @ EOM(2)
	.byte	15                              @ Abbreviation Code
	.byte	13                              @ DW_TAG_member
	.byte	0                               @ DW_CHILDREN_no
	.byte	3                               @ DW_AT_name
	.byte	14                              @ DW_FORM_strp
	.byte	73                              @ DW_AT_type
	.byte	19                              @ DW_FORM_ref4
	.byte	58                              @ DW_AT_decl_file
	.byte	11                              @ DW_FORM_data1
	.byte	59                              @ DW_AT_decl_line
	.byte	5                               @ DW_FORM_data2
	.byte	56                              @ DW_AT_data_member_location
	.byte	5                               @ DW_FORM_data2
	.byte	0                               @ EOM(1)
	.byte	0                               @ EOM(2)
	.byte	16                              @ Abbreviation Code
	.byte	46                              @ DW_TAG_subprogram
	.byte	1                               @ DW_CHILDREN_yes
	.byte	17                              @ DW_AT_low_pc
	.byte	1                               @ DW_FORM_addr
	.byte	18                              @ DW_AT_high_pc
	.byte	6                               @ DW_FORM_data4
	.byte	64                              @ DW_AT_frame_base
	.byte	24                              @ DW_FORM_exprloc
	.ascii	"\227B"                         @ DW_AT_GNU_all_call_sites
	.byte	25                              @ DW_FORM_flag_present
	.byte	3                               @ DW_AT_name
	.byte	14                              @ DW_FORM_strp
	.byte	58                              @ DW_AT_decl_file
	.byte	11                              @ DW_FORM_data1
	.byte	59                              @ DW_AT_decl_line
	.byte	11                              @ DW_FORM_data1
	.byte	39                              @ DW_AT_prototyped
	.byte	25                              @ DW_FORM_flag_present
	.byte	63                              @ DW_AT_external
	.byte	25                              @ DW_FORM_flag_present
	.byte	0                               @ EOM(1)
	.byte	0                               @ EOM(2)
	.byte	17                              @ Abbreviation Code
	.byte	52                              @ DW_TAG_variable
	.byte	0                               @ DW_CHILDREN_no
	.byte	2                               @ DW_AT_location
	.byte	23                              @ DW_FORM_sec_offset
	.byte	3                               @ DW_AT_name
	.byte	14                              @ DW_FORM_strp
	.byte	58                              @ DW_AT_decl_file
	.byte	11                              @ DW_FORM_data1
	.byte	59                              @ DW_AT_decl_line
	.byte	11                              @ DW_FORM_data1
	.byte	73                              @ DW_AT_type
	.byte	19                              @ DW_FORM_ref4
	.byte	0                               @ EOM(1)
	.byte	0                               @ EOM(2)
	.byte	18                              @ Abbreviation Code
	.byte	52                              @ DW_TAG_variable
	.byte	0                               @ DW_CHILDREN_no
	.byte	3                               @ DW_AT_name
	.byte	14                              @ DW_FORM_strp
	.byte	58                              @ DW_AT_decl_file
	.byte	11                              @ DW_FORM_data1
	.byte	59                              @ DW_AT_decl_line
	.byte	11                              @ DW_FORM_data1
	.byte	73                              @ DW_AT_type
	.byte	19                              @ DW_FORM_ref4
	.byte	0                               @ EOM(1)
	.byte	0                               @ EOM(2)
	.byte	19                              @ Abbreviation Code
	.byte	46                              @ DW_TAG_subprogram
	.byte	0                               @ DW_CHILDREN_no
	.byte	3                               @ DW_AT_name
	.byte	14                              @ DW_FORM_strp
	.byte	58                              @ DW_AT_decl_file
	.byte	11                              @ DW_FORM_data1
	.byte	59                              @ DW_AT_decl_line
	.byte	5                               @ DW_FORM_data2
	.byte	39                              @ DW_AT_prototyped
	.byte	25                              @ DW_FORM_flag_present
	.byte	32                              @ DW_AT_inline
	.byte	11                              @ DW_FORM_data1
	.byte	0                               @ EOM(1)
	.byte	0                               @ EOM(2)
	.byte	20                              @ Abbreviation Code
	.byte	29                              @ DW_TAG_inlined_subroutine
	.byte	0                               @ DW_CHILDREN_no
	.byte	49                              @ DW_AT_abstract_origin
	.byte	19                              @ DW_FORM_ref4
	.byte	17                              @ DW_AT_low_pc
	.byte	1                               @ DW_FORM_addr
	.byte	18                              @ DW_AT_high_pc
	.byte	6                               @ DW_FORM_data4
	.byte	88                              @ DW_AT_call_file
	.byte	11                              @ DW_FORM_data1
	.byte	89                              @ DW_AT_call_line
	.byte	11                              @ DW_FORM_data1
	.byte	87                              @ DW_AT_call_column
	.byte	11                              @ DW_FORM_data1
	.byte	0                               @ EOM(1)
	.byte	0                               @ EOM(2)
	.byte	21                              @ Abbreviation Code
	.byte	46                              @ DW_TAG_subprogram
	.byte	0                               @ DW_CHILDREN_no
	.byte	17                              @ DW_AT_low_pc
	.byte	1                               @ DW_FORM_addr
	.byte	18                              @ DW_AT_high_pc
	.byte	6                               @ DW_FORM_data4
	.byte	64                              @ DW_AT_frame_base
	.byte	24                              @ DW_FORM_exprloc
	.ascii	"\227B"                         @ DW_AT_GNU_all_call_sites
	.byte	25                              @ DW_FORM_flag_present
	.byte	3                               @ DW_AT_name
	.byte	14                              @ DW_FORM_strp
	.byte	58                              @ DW_AT_decl_file
	.byte	11                              @ DW_FORM_data1
	.byte	59                              @ DW_AT_decl_line
	.byte	11                              @ DW_FORM_data1
	.byte	39                              @ DW_AT_prototyped
	.byte	25                              @ DW_FORM_flag_present
	.byte	63                              @ DW_AT_external
	.byte	25                              @ DW_FORM_flag_present
	.byte	0                               @ EOM(1)
	.byte	0                               @ EOM(2)
	.byte	0                               @ EOM(3)
	.section	.debug_info,"",%progbits
.Lcu_begin0:
	.long	.Ldebug_info_end0-.Ldebug_info_start0 @ Length of Unit
.Ldebug_info_start0:
	.short	4                               @ DWARF version number
	.long	.debug_abbrev                   @ Offset Into Abbrev. Section
	.byte	4                               @ Address Size (in bytes)
	.byte	1                               @ Abbrev [1] 0xb:0x57a DW_TAG_compile_unit
	.long	.Linfo_string0                  @ DW_AT_producer
	.short	12                              @ DW_AT_language
	.long	.Linfo_string1                  @ DW_AT_name
	.long	.Lline_table_start0             @ DW_AT_stmt_list
	.long	.Linfo_string2                  @ DW_AT_comp_dir
	.long	.Lfunc_begin0                   @ DW_AT_low_pc
	.long	.Lfunc_end2-.Lfunc_begin0       @ DW_AT_high_pc
	.byte	2                               @ Abbrev [2] 0x26:0x11 DW_TAG_variable
	.long	.Linfo_string3                  @ DW_AT_name
	.long	55                              @ DW_AT_type
                                        @ DW_AT_external
	.byte	2                               @ DW_AT_decl_file
	.byte	20                              @ DW_AT_decl_line
	.byte	5                               @ DW_AT_location
	.byte	3
	.long	SystemCoreClock
	.byte	3                               @ Abbrev [3] 0x37:0xb DW_TAG_typedef
	.long	66                              @ DW_AT_type
	.long	.Linfo_string5                  @ DW_AT_name
	.byte	1                               @ DW_AT_decl_file
	.byte	64                              @ DW_AT_decl_line
	.byte	4                               @ Abbrev [4] 0x42:0x7 DW_TAG_base_type
	.long	.Linfo_string4                  @ DW_AT_name
	.byte	7                               @ DW_AT_encoding
	.byte	4                               @ DW_AT_byte_size
	.byte	2                               @ Abbrev [2] 0x49:0x11 DW_TAG_variable
	.long	.Linfo_string6                  @ DW_AT_name
	.long	55                              @ DW_AT_type
                                        @ DW_AT_external
	.byte	2                               @ DW_AT_decl_file
	.byte	21                              @ DW_AT_decl_line
	.byte	5                               @ DW_AT_location
	.byte	3
	.long	CyclesPerUs
	.byte	2                               @ Abbrev [2] 0x5a:0x11 DW_TAG_variable
	.long	.Linfo_string7                  @ DW_AT_name
	.long	55                              @ DW_AT_type
                                        @ DW_AT_external
	.byte	2                               @ DW_AT_decl_file
	.byte	22                              @ DW_AT_decl_line
	.byte	5                               @ DW_AT_location
	.byte	3
	.long	PllClock
	.byte	2                               @ Abbrev [2] 0x6b:0x11 DW_TAG_variable
	.long	.Linfo_string8                  @ DW_AT_name
	.long	124                             @ DW_AT_type
                                        @ DW_AT_external
	.byte	2                               @ DW_AT_decl_file
	.byte	23                              @ DW_AT_decl_line
	.byte	5                               @ DW_AT_location
	.byte	3
	.long	gau32ClkSrcTbl
	.byte	5                               @ Abbrev [5] 0x7c:0xc DW_TAG_array_type
	.long	136                             @ DW_AT_type
	.byte	6                               @ Abbrev [6] 0x81:0x6 DW_TAG_subrange_type
	.long	141                             @ DW_AT_type
	.byte	8                               @ DW_AT_count
	.byte	0                               @ End Of Children Mark
	.byte	7                               @ Abbrev [7] 0x88:0x5 DW_TAG_const_type
	.long	55                              @ DW_AT_type
	.byte	8                               @ Abbrev [8] 0x8d:0x7 DW_TAG_base_type
	.long	.Linfo_string9                  @ DW_AT_name
	.byte	8                               @ DW_AT_byte_size
	.byte	7                               @ DW_AT_encoding
	.byte	9                               @ Abbrev [9] 0x94:0x5 DW_TAG_pointer_type
	.long	153                             @ DW_AT_type
	.byte	10                              @ Abbrev [10] 0x99:0xc DW_TAG_typedef
	.long	165                             @ DW_AT_type
	.long	.Linfo_string43                 @ DW_AT_name
	.byte	3                               @ DW_AT_decl_file
	.short	749                             @ DW_AT_decl_line
	.byte	11                              @ Abbrev [11] 0xa5:0x1b2 DW_TAG_structure_type
	.byte	184                             @ DW_AT_byte_size
	.byte	3                               @ DW_AT_decl_file
	.byte	27                              @ DW_AT_decl_line
	.byte	12                              @ Abbrev [12] 0xa9:0xd DW_TAG_member
	.long	.Linfo_string10                 @ DW_AT_name
	.long	599                             @ DW_AT_type
	.byte	3                               @ DW_AT_decl_file
	.short	716                             @ DW_AT_decl_line
	.byte	0                               @ DW_AT_data_member_location
	.byte	12                              @ Abbrev [12] 0xb6:0xd DW_TAG_member
	.long	.Linfo_string11                 @ DW_AT_name
	.long	599                             @ DW_AT_type
	.byte	3                               @ DW_AT_decl_file
	.short	717                             @ DW_AT_decl_line
	.byte	4                               @ DW_AT_data_member_location
	.byte	12                              @ Abbrev [12] 0xc3:0xd DW_TAG_member
	.long	.Linfo_string12                 @ DW_AT_name
	.long	599                             @ DW_AT_type
	.byte	3                               @ DW_AT_decl_file
	.short	718                             @ DW_AT_decl_line
	.byte	8                               @ DW_AT_data_member_location
	.byte	12                              @ Abbrev [12] 0xd0:0xd DW_TAG_member
	.long	.Linfo_string13                 @ DW_AT_name
	.long	599                             @ DW_AT_type
	.byte	3                               @ DW_AT_decl_file
	.short	719                             @ DW_AT_decl_line
	.byte	12                              @ DW_AT_data_member_location
	.byte	12                              @ Abbrev [12] 0xdd:0xd DW_TAG_member
	.long	.Linfo_string14                 @ DW_AT_name
	.long	599                             @ DW_AT_type
	.byte	3                               @ DW_AT_decl_file
	.short	720                             @ DW_AT_decl_line
	.byte	16                              @ DW_AT_data_member_location
	.byte	12                              @ Abbrev [12] 0xea:0xd DW_TAG_member
	.long	.Linfo_string15                 @ DW_AT_name
	.long	599                             @ DW_AT_type
	.byte	3                               @ DW_AT_decl_file
	.short	721                             @ DW_AT_decl_line
	.byte	20                              @ DW_AT_data_member_location
	.byte	12                              @ Abbrev [12] 0xf7:0xd DW_TAG_member
	.long	.Linfo_string16                 @ DW_AT_name
	.long	599                             @ DW_AT_type
	.byte	3                               @ DW_AT_decl_file
	.short	722                             @ DW_AT_decl_line
	.byte	24                              @ DW_AT_data_member_location
	.byte	12                              @ Abbrev [12] 0x104:0xd DW_TAG_member
	.long	.Linfo_string17                 @ DW_AT_name
	.long	604                             @ DW_AT_type
	.byte	3                               @ DW_AT_decl_file
	.short	723                             @ DW_AT_decl_line
	.byte	28                              @ DW_AT_data_member_location
	.byte	12                              @ Abbrev [12] 0x111:0xd DW_TAG_member
	.long	.Linfo_string18                 @ DW_AT_name
	.long	599                             @ DW_AT_type
	.byte	3                               @ DW_AT_decl_file
	.short	724                             @ DW_AT_decl_line
	.byte	32                              @ DW_AT_data_member_location
	.byte	12                              @ Abbrev [12] 0x11e:0xd DW_TAG_member
	.long	.Linfo_string19                 @ DW_AT_name
	.long	621                             @ DW_AT_type
	.byte	3                               @ DW_AT_decl_file
	.short	725                             @ DW_AT_decl_line
	.byte	36                              @ DW_AT_data_member_location
	.byte	12                              @ Abbrev [12] 0x12b:0xd DW_TAG_member
	.long	.Linfo_string20                 @ DW_AT_name
	.long	599                             @ DW_AT_type
	.byte	3                               @ DW_AT_decl_file
	.short	726                             @ DW_AT_decl_line
	.byte	52                              @ DW_AT_data_member_location
	.byte	12                              @ Abbrev [12] 0x138:0xd DW_TAG_member
	.long	.Linfo_string21                 @ DW_AT_name
	.long	633                             @ DW_AT_type
	.byte	3                               @ DW_AT_decl_file
	.short	727                             @ DW_AT_decl_line
	.byte	56                              @ DW_AT_data_member_location
	.byte	12                              @ Abbrev [12] 0x145:0xd DW_TAG_member
	.long	.Linfo_string22                 @ DW_AT_name
	.long	616                             @ DW_AT_type
	.byte	3                               @ DW_AT_decl_file
	.short	728                             @ DW_AT_decl_line
	.byte	80                              @ DW_AT_data_member_location
	.byte	12                              @ Abbrev [12] 0x152:0xd DW_TAG_member
	.long	.Linfo_string23                 @ DW_AT_name
	.long	645                             @ DW_AT_type
	.byte	3                               @ DW_AT_decl_file
	.short	729                             @ DW_AT_decl_line
	.byte	84                              @ DW_AT_data_member_location
	.byte	12                              @ Abbrev [12] 0x15f:0xd DW_TAG_member
	.long	.Linfo_string24                 @ DW_AT_name
	.long	599                             @ DW_AT_type
	.byte	3                               @ DW_AT_decl_file
	.short	730                             @ DW_AT_decl_line
	.byte	96                              @ DW_AT_data_member_location
	.byte	12                              @ Abbrev [12] 0x16c:0xd DW_TAG_member
	.long	.Linfo_string25                 @ DW_AT_name
	.long	645                             @ DW_AT_type
	.byte	3                               @ DW_AT_decl_file
	.short	731                             @ DW_AT_decl_line
	.byte	100                             @ DW_AT_data_member_location
	.byte	12                              @ Abbrev [12] 0x179:0xd DW_TAG_member
	.long	.Linfo_string26                 @ DW_AT_name
	.long	599                             @ DW_AT_type
	.byte	3                               @ DW_AT_decl_file
	.short	732                             @ DW_AT_decl_line
	.byte	112                             @ DW_AT_data_member_location
	.byte	12                              @ Abbrev [12] 0x186:0xd DW_TAG_member
	.long	.Linfo_string27                 @ DW_AT_name
	.long	599                             @ DW_AT_type
	.byte	3                               @ DW_AT_decl_file
	.short	733                             @ DW_AT_decl_line
	.byte	116                             @ DW_AT_data_member_location
	.byte	12                              @ Abbrev [12] 0x193:0xd DW_TAG_member
	.long	.Linfo_string28                 @ DW_AT_name
	.long	599                             @ DW_AT_type
	.byte	3                               @ DW_AT_decl_file
	.short	734                             @ DW_AT_decl_line
	.byte	120                             @ DW_AT_data_member_location
	.byte	12                              @ Abbrev [12] 0x1a0:0xd DW_TAG_member
	.long	.Linfo_string29                 @ DW_AT_name
	.long	599                             @ DW_AT_type
	.byte	3                               @ DW_AT_decl_file
	.short	735                             @ DW_AT_decl_line
	.byte	124                             @ DW_AT_data_member_location
	.byte	12                              @ Abbrev [12] 0x1ad:0xd DW_TAG_member
	.long	.Linfo_string30                 @ DW_AT_name
	.long	604                             @ DW_AT_type
	.byte	3                               @ DW_AT_decl_file
	.short	736                             @ DW_AT_decl_line
	.byte	128                             @ DW_AT_data_member_location
	.byte	12                              @ Abbrev [12] 0x1ba:0xd DW_TAG_member
	.long	.Linfo_string31                 @ DW_AT_name
	.long	599                             @ DW_AT_type
	.byte	3                               @ DW_AT_decl_file
	.short	737                             @ DW_AT_decl_line
	.byte	132                             @ DW_AT_data_member_location
	.byte	12                              @ Abbrev [12] 0x1c7:0xd DW_TAG_member
	.long	.Linfo_string32                 @ DW_AT_name
	.long	657                             @ DW_AT_type
	.byte	3                               @ DW_AT_decl_file
	.short	738                             @ DW_AT_decl_line
	.byte	136                             @ DW_AT_data_member_location
	.byte	12                              @ Abbrev [12] 0x1d4:0xd DW_TAG_member
	.long	.Linfo_string33                 @ DW_AT_name
	.long	599                             @ DW_AT_type
	.byte	3                               @ DW_AT_decl_file
	.short	739                             @ DW_AT_decl_line
	.byte	144                             @ DW_AT_data_member_location
	.byte	12                              @ Abbrev [12] 0x1e1:0xd DW_TAG_member
	.long	.Linfo_string34                 @ DW_AT_name
	.long	599                             @ DW_AT_type
	.byte	3                               @ DW_AT_decl_file
	.short	740                             @ DW_AT_decl_line
	.byte	148                             @ DW_AT_data_member_location
	.byte	12                              @ Abbrev [12] 0x1ee:0xd DW_TAG_member
	.long	.Linfo_string35                 @ DW_AT_name
	.long	604                             @ DW_AT_type
	.byte	3                               @ DW_AT_decl_file
	.short	741                             @ DW_AT_decl_line
	.byte	152                             @ DW_AT_data_member_location
	.byte	12                              @ Abbrev [12] 0x1fb:0xd DW_TAG_member
	.long	.Linfo_string36                 @ DW_AT_name
	.long	599                             @ DW_AT_type
	.byte	3                               @ DW_AT_decl_file
	.short	742                             @ DW_AT_decl_line
	.byte	156                             @ DW_AT_data_member_location
	.byte	12                              @ Abbrev [12] 0x208:0xd DW_TAG_member
	.long	.Linfo_string37                 @ DW_AT_name
	.long	599                             @ DW_AT_type
	.byte	3                               @ DW_AT_decl_file
	.short	743                             @ DW_AT_decl_line
	.byte	160                             @ DW_AT_data_member_location
	.byte	12                              @ Abbrev [12] 0x215:0xd DW_TAG_member
	.long	.Linfo_string38                 @ DW_AT_name
	.long	599                             @ DW_AT_type
	.byte	3                               @ DW_AT_decl_file
	.short	744                             @ DW_AT_decl_line
	.byte	164                             @ DW_AT_data_member_location
	.byte	12                              @ Abbrev [12] 0x222:0xd DW_TAG_member
	.long	.Linfo_string39                 @ DW_AT_name
	.long	599                             @ DW_AT_type
	.byte	3                               @ DW_AT_decl_file
	.short	745                             @ DW_AT_decl_line
	.byte	168                             @ DW_AT_data_member_location
	.byte	12                              @ Abbrev [12] 0x22f:0xd DW_TAG_member
	.long	.Linfo_string40                 @ DW_AT_name
	.long	599                             @ DW_AT_type
	.byte	3                               @ DW_AT_decl_file
	.short	746                             @ DW_AT_decl_line
	.byte	172                             @ DW_AT_data_member_location
	.byte	12                              @ Abbrev [12] 0x23c:0xd DW_TAG_member
	.long	.Linfo_string41                 @ DW_AT_name
	.long	599                             @ DW_AT_type
	.byte	3                               @ DW_AT_decl_file
	.short	747                             @ DW_AT_decl_line
	.byte	176                             @ DW_AT_data_member_location
	.byte	12                              @ Abbrev [12] 0x249:0xd DW_TAG_member
	.long	.Linfo_string42                 @ DW_AT_name
	.long	599                             @ DW_AT_type
	.byte	3                               @ DW_AT_decl_file
	.short	748                             @ DW_AT_decl_line
	.byte	180                             @ DW_AT_data_member_location
	.byte	0                               @ End Of Children Mark
	.byte	13                              @ Abbrev [13] 0x257:0x5 DW_TAG_volatile_type
	.long	55                              @ DW_AT_type
	.byte	5                               @ Abbrev [5] 0x25c:0xc DW_TAG_array_type
	.long	616                             @ DW_AT_type
	.byte	6                               @ Abbrev [6] 0x261:0x6 DW_TAG_subrange_type
	.long	141                             @ DW_AT_type
	.byte	1                               @ DW_AT_count
	.byte	0                               @ End Of Children Mark
	.byte	7                               @ Abbrev [7] 0x268:0x5 DW_TAG_const_type
	.long	599                             @ DW_AT_type
	.byte	5                               @ Abbrev [5] 0x26d:0xc DW_TAG_array_type
	.long	616                             @ DW_AT_type
	.byte	6                               @ Abbrev [6] 0x272:0x6 DW_TAG_subrange_type
	.long	141                             @ DW_AT_type
	.byte	4                               @ DW_AT_count
	.byte	0                               @ End Of Children Mark
	.byte	5                               @ Abbrev [5] 0x279:0xc DW_TAG_array_type
	.long	616                             @ DW_AT_type
	.byte	6                               @ Abbrev [6] 0x27e:0x6 DW_TAG_subrange_type
	.long	141                             @ DW_AT_type
	.byte	6                               @ DW_AT_count
	.byte	0                               @ End Of Children Mark
	.byte	5                               @ Abbrev [5] 0x285:0xc DW_TAG_array_type
	.long	616                             @ DW_AT_type
	.byte	6                               @ Abbrev [6] 0x28a:0x6 DW_TAG_subrange_type
	.long	141                             @ DW_AT_type
	.byte	3                               @ DW_AT_count
	.byte	0                               @ End Of Children Mark
	.byte	5                               @ Abbrev [5] 0x291:0xc DW_TAG_array_type
	.long	616                             @ DW_AT_type
	.byte	6                               @ Abbrev [6] 0x296:0x6 DW_TAG_subrange_type
	.long	141                             @ DW_AT_type
	.byte	2                               @ DW_AT_count
	.byte	0                               @ End Of Children Mark
	.byte	9                               @ Abbrev [9] 0x29d:0x5 DW_TAG_pointer_type
	.long	674                             @ DW_AT_type
	.byte	10                              @ Abbrev [10] 0x2a2:0xc DW_TAG_typedef
	.long	686                             @ DW_AT_type
	.long	.Linfo_string77                 @ DW_AT_name
	.byte	4                               @ DW_AT_decl_file
	.short	746                             @ DW_AT_decl_line
	.byte	14                              @ Abbrev [14] 0x2ae:0x222 DW_TAG_structure_type
	.short	496                             @ DW_AT_byte_size
	.byte	4                               @ DW_AT_decl_file
	.byte	23                              @ DW_AT_decl_line
	.byte	12                              @ Abbrev [12] 0x2b3:0xd DW_TAG_member
	.long	.Linfo_string44                 @ DW_AT_name
	.long	616                             @ DW_AT_type
	.byte	4                               @ DW_AT_decl_file
	.short	704                             @ DW_AT_decl_line
	.byte	0                               @ DW_AT_data_member_location
	.byte	12                              @ Abbrev [12] 0x2c0:0xd DW_TAG_member
	.long	.Linfo_string45                 @ DW_AT_name
	.long	599                             @ DW_AT_type
	.byte	4                               @ DW_AT_decl_file
	.short	705                             @ DW_AT_decl_line
	.byte	4                               @ DW_AT_data_member_location
	.byte	12                              @ Abbrev [12] 0x2cd:0xd DW_TAG_member
	.long	.Linfo_string46                 @ DW_AT_name
	.long	599                             @ DW_AT_type
	.byte	4                               @ DW_AT_decl_file
	.short	706                             @ DW_AT_decl_line
	.byte	8                               @ DW_AT_data_member_location
	.byte	12                              @ Abbrev [12] 0x2da:0xd DW_TAG_member
	.long	.Linfo_string47                 @ DW_AT_name
	.long	599                             @ DW_AT_type
	.byte	4                               @ DW_AT_decl_file
	.short	707                             @ DW_AT_decl_line
	.byte	12                              @ DW_AT_data_member_location
	.byte	12                              @ Abbrev [12] 0x2e7:0xd DW_TAG_member
	.long	.Linfo_string48                 @ DW_AT_name
	.long	599                             @ DW_AT_type
	.byte	4                               @ DW_AT_decl_file
	.short	708                             @ DW_AT_decl_line
	.byte	16                              @ DW_AT_data_member_location
	.byte	12                              @ Abbrev [12] 0x2f4:0xd DW_TAG_member
	.long	.Linfo_string17                 @ DW_AT_name
	.long	604                             @ DW_AT_type
	.byte	4                               @ DW_AT_decl_file
	.short	709                             @ DW_AT_decl_line
	.byte	20                              @ DW_AT_data_member_location
	.byte	12                              @ Abbrev [12] 0x301:0xd DW_TAG_member
	.long	.Linfo_string49                 @ DW_AT_name
	.long	599                             @ DW_AT_type
	.byte	4                               @ DW_AT_decl_file
	.short	710                             @ DW_AT_decl_line
	.byte	24                              @ DW_AT_data_member_location
	.byte	12                              @ Abbrev [12] 0x30e:0xd DW_TAG_member
	.long	.Linfo_string50                 @ DW_AT_name
	.long	599                             @ DW_AT_type
	.byte	4                               @ DW_AT_decl_file
	.short	711                             @ DW_AT_decl_line
	.byte	28                              @ DW_AT_data_member_location
	.byte	12                              @ Abbrev [12] 0x31b:0xd DW_TAG_member
	.long	.Linfo_string19                 @ DW_AT_name
	.long	604                             @ DW_AT_type
	.byte	4                               @ DW_AT_decl_file
	.short	712                             @ DW_AT_decl_line
	.byte	32                              @ DW_AT_data_member_location
	.byte	12                              @ Abbrev [12] 0x328:0xd DW_TAG_member
	.long	.Linfo_string51                 @ DW_AT_name
	.long	599                             @ DW_AT_type
	.byte	4                               @ DW_AT_decl_file
	.short	713                             @ DW_AT_decl_line
	.byte	36                              @ DW_AT_data_member_location
	.byte	12                              @ Abbrev [12] 0x335:0xd DW_TAG_member
	.long	.Linfo_string21                 @ DW_AT_name
	.long	657                             @ DW_AT_type
	.byte	4                               @ DW_AT_decl_file
	.short	714                             @ DW_AT_decl_line
	.byte	40                              @ DW_AT_data_member_location
	.byte	12                              @ Abbrev [12] 0x342:0xd DW_TAG_member
	.long	.Linfo_string52                 @ DW_AT_name
	.long	599                             @ DW_AT_type
	.byte	4                               @ DW_AT_decl_file
	.short	715                             @ DW_AT_decl_line
	.byte	48                              @ DW_AT_data_member_location
	.byte	12                              @ Abbrev [12] 0x34f:0xd DW_TAG_member
	.long	.Linfo_string53                 @ DW_AT_name
	.long	599                             @ DW_AT_type
	.byte	4                               @ DW_AT_decl_file
	.short	716                             @ DW_AT_decl_line
	.byte	52                              @ DW_AT_data_member_location
	.byte	12                              @ Abbrev [12] 0x35c:0xd DW_TAG_member
	.long	.Linfo_string54                 @ DW_AT_name
	.long	599                             @ DW_AT_type
	.byte	4                               @ DW_AT_decl_file
	.short	717                             @ DW_AT_decl_line
	.byte	56                              @ DW_AT_data_member_location
	.byte	12                              @ Abbrev [12] 0x369:0xd DW_TAG_member
	.long	.Linfo_string55                 @ DW_AT_name
	.long	599                             @ DW_AT_type
	.byte	4                               @ DW_AT_decl_file
	.short	718                             @ DW_AT_decl_line
	.byte	60                              @ DW_AT_data_member_location
	.byte	12                              @ Abbrev [12] 0x376:0xd DW_TAG_member
	.long	.Linfo_string56                 @ DW_AT_name
	.long	599                             @ DW_AT_type
	.byte	4                               @ DW_AT_decl_file
	.short	719                             @ DW_AT_decl_line
	.byte	64                              @ DW_AT_data_member_location
	.byte	12                              @ Abbrev [12] 0x383:0xd DW_TAG_member
	.long	.Linfo_string57                 @ DW_AT_name
	.long	599                             @ DW_AT_type
	.byte	4                               @ DW_AT_decl_file
	.short	720                             @ DW_AT_decl_line
	.byte	68                              @ DW_AT_data_member_location
	.byte	12                              @ Abbrev [12] 0x390:0xd DW_TAG_member
	.long	.Linfo_string58                 @ DW_AT_name
	.long	599                             @ DW_AT_type
	.byte	4                               @ DW_AT_decl_file
	.short	721                             @ DW_AT_decl_line
	.byte	72                              @ DW_AT_data_member_location
	.byte	12                              @ Abbrev [12] 0x39d:0xd DW_TAG_member
	.long	.Linfo_string59                 @ DW_AT_name
	.long	599                             @ DW_AT_type
	.byte	4                               @ DW_AT_decl_file
	.short	722                             @ DW_AT_decl_line
	.byte	76                              @ DW_AT_data_member_location
	.byte	12                              @ Abbrev [12] 0x3aa:0xd DW_TAG_member
	.long	.Linfo_string23                 @ DW_AT_name
	.long	604                             @ DW_AT_type
	.byte	4                               @ DW_AT_decl_file
	.short	723                             @ DW_AT_decl_line
	.byte	80                              @ DW_AT_data_member_location
	.byte	12                              @ Abbrev [12] 0x3b7:0xd DW_TAG_member
	.long	.Linfo_string60                 @ DW_AT_name
	.long	599                             @ DW_AT_type
	.byte	4                               @ DW_AT_decl_file
	.short	724                             @ DW_AT_decl_line
	.byte	84                              @ DW_AT_data_member_location
	.byte	12                              @ Abbrev [12] 0x3c4:0xd DW_TAG_member
	.long	.Linfo_string61                 @ DW_AT_name
	.long	599                             @ DW_AT_type
	.byte	4                               @ DW_AT_decl_file
	.short	725                             @ DW_AT_decl_line
	.byte	88                              @ DW_AT_data_member_location
	.byte	12                              @ Abbrev [12] 0x3d1:0xd DW_TAG_member
	.long	.Linfo_string62                 @ DW_AT_name
	.long	599                             @ DW_AT_type
	.byte	4                               @ DW_AT_decl_file
	.short	726                             @ DW_AT_decl_line
	.byte	92                              @ DW_AT_data_member_location
	.byte	12                              @ Abbrev [12] 0x3de:0xd DW_TAG_member
	.long	.Linfo_string25                 @ DW_AT_name
	.long	604                             @ DW_AT_type
	.byte	4                               @ DW_AT_decl_file
	.short	727                             @ DW_AT_decl_line
	.byte	96                              @ DW_AT_data_member_location
	.byte	12                              @ Abbrev [12] 0x3eb:0xd DW_TAG_member
	.long	.Linfo_string63                 @ DW_AT_name
	.long	599                             @ DW_AT_type
	.byte	4                               @ DW_AT_decl_file
	.short	728                             @ DW_AT_decl_line
	.byte	100                             @ DW_AT_data_member_location
	.byte	12                              @ Abbrev [12] 0x3f8:0xd DW_TAG_member
	.long	.Linfo_string30                 @ DW_AT_name
	.long	633                             @ DW_AT_type
	.byte	4                               @ DW_AT_decl_file
	.short	729                             @ DW_AT_decl_line
	.byte	104                             @ DW_AT_data_member_location
	.byte	12                              @ Abbrev [12] 0x405:0xd DW_TAG_member
	.long	.Linfo_string64                 @ DW_AT_name
	.long	599                             @ DW_AT_type
	.byte	4                               @ DW_AT_decl_file
	.short	730                             @ DW_AT_decl_line
	.byte	128                             @ DW_AT_data_member_location
	.byte	12                              @ Abbrev [12] 0x412:0xd DW_TAG_member
	.long	.Linfo_string65                 @ DW_AT_name
	.long	599                             @ DW_AT_type
	.byte	4                               @ DW_AT_decl_file
	.short	731                             @ DW_AT_decl_line
	.byte	132                             @ DW_AT_data_member_location
	.byte	12                              @ Abbrev [12] 0x41f:0xd DW_TAG_member
	.long	.Linfo_string66                 @ DW_AT_name
	.long	599                             @ DW_AT_type
	.byte	4                               @ DW_AT_decl_file
	.short	732                             @ DW_AT_decl_line
	.byte	136                             @ DW_AT_data_member_location
	.byte	12                              @ Abbrev [12] 0x42c:0xd DW_TAG_member
	.long	.Linfo_string67                 @ DW_AT_name
	.long	599                             @ DW_AT_type
	.byte	4                               @ DW_AT_decl_file
	.short	733                             @ DW_AT_decl_line
	.byte	140                             @ DW_AT_data_member_location
	.byte	12                              @ Abbrev [12] 0x439:0xd DW_TAG_member
	.long	.Linfo_string32                 @ DW_AT_name
	.long	604                             @ DW_AT_type
	.byte	4                               @ DW_AT_decl_file
	.short	734                             @ DW_AT_decl_line
	.byte	144                             @ DW_AT_data_member_location
	.byte	12                              @ Abbrev [12] 0x446:0xd DW_TAG_member
	.long	.Linfo_string68                 @ DW_AT_name
	.long	599                             @ DW_AT_type
	.byte	4                               @ DW_AT_decl_file
	.short	735                             @ DW_AT_decl_line
	.byte	148                             @ DW_AT_data_member_location
	.byte	12                              @ Abbrev [12] 0x453:0xd DW_TAG_member
	.long	.Linfo_string69                 @ DW_AT_name
	.long	599                             @ DW_AT_type
	.byte	4                               @ DW_AT_decl_file
	.short	736                             @ DW_AT_decl_line
	.byte	152                             @ DW_AT_data_member_location
	.byte	12                              @ Abbrev [12] 0x460:0xd DW_TAG_member
	.long	.Linfo_string35                 @ DW_AT_name
	.long	1232                            @ DW_AT_type
	.byte	4                               @ DW_AT_decl_file
	.short	737                             @ DW_AT_decl_line
	.byte	156                             @ DW_AT_data_member_location
	.byte	15                              @ Abbrev [15] 0x46d:0xe DW_TAG_member
	.long	.Linfo_string70                 @ DW_AT_name
	.long	599                             @ DW_AT_type
	.byte	4                               @ DW_AT_decl_file
	.short	738                             @ DW_AT_decl_line
	.short	256                             @ DW_AT_data_member_location
	.byte	15                              @ Abbrev [15] 0x47b:0xe DW_TAG_member
	.long	.Linfo_string71                 @ DW_AT_name
	.long	1244                            @ DW_AT_type
	.byte	4                               @ DW_AT_decl_file
	.short	739                             @ DW_AT_decl_line
	.short	260                             @ DW_AT_data_member_location
	.byte	15                              @ Abbrev [15] 0x489:0xe DW_TAG_member
	.long	.Linfo_string72                 @ DW_AT_name
	.long	599                             @ DW_AT_type
	.byte	4                               @ DW_AT_decl_file
	.short	740                             @ DW_AT_decl_line
	.short	328                             @ DW_AT_data_member_location
	.byte	15                              @ Abbrev [15] 0x497:0xe DW_TAG_member
	.long	.Linfo_string73                 @ DW_AT_name
	.long	1256                            @ DW_AT_type
	.byte	4                               @ DW_AT_decl_file
	.short	741                             @ DW_AT_decl_line
	.short	332                             @ DW_AT_data_member_location
	.byte	15                              @ Abbrev [15] 0x4a5:0xe DW_TAG_member
	.long	.Linfo_string74                 @ DW_AT_name
	.long	599                             @ DW_AT_type
	.byte	4                               @ DW_AT_decl_file
	.short	742                             @ DW_AT_decl_line
	.short	472                             @ DW_AT_data_member_location
	.byte	15                              @ Abbrev [15] 0x4b3:0xe DW_TAG_member
	.long	.Linfo_string75                 @ DW_AT_name
	.long	621                             @ DW_AT_type
	.byte	4                               @ DW_AT_decl_file
	.short	743                             @ DW_AT_decl_line
	.short	476                             @ DW_AT_data_member_location
	.byte	15                              @ Abbrev [15] 0x4c1:0xe DW_TAG_member
	.long	.Linfo_string76                 @ DW_AT_name
	.long	599                             @ DW_AT_type
	.byte	4                               @ DW_AT_decl_file
	.short	744                             @ DW_AT_decl_line
	.short	492                             @ DW_AT_data_member_location
	.byte	0                               @ End Of Children Mark
	.byte	5                               @ Abbrev [5] 0x4d0:0xc DW_TAG_array_type
	.long	616                             @ DW_AT_type
	.byte	6                               @ Abbrev [6] 0x4d5:0x6 DW_TAG_subrange_type
	.long	141                             @ DW_AT_type
	.byte	25                              @ DW_AT_count
	.byte	0                               @ End Of Children Mark
	.byte	5                               @ Abbrev [5] 0x4dc:0xc DW_TAG_array_type
	.long	616                             @ DW_AT_type
	.byte	6                               @ Abbrev [6] 0x4e1:0x6 DW_TAG_subrange_type
	.long	141                             @ DW_AT_type
	.byte	17                              @ DW_AT_count
	.byte	0                               @ End Of Children Mark
	.byte	5                               @ Abbrev [5] 0x4e8:0xc DW_TAG_array_type
	.long	616                             @ DW_AT_type
	.byte	6                               @ Abbrev [6] 0x4ed:0x6 DW_TAG_subrange_type
	.long	141                             @ DW_AT_type
	.byte	35                              @ DW_AT_count
	.byte	0                               @ End Of Children Mark
	.byte	16                              @ Abbrev [16] 0x4f4:0x3b DW_TAG_subprogram
	.long	.Lfunc_begin0                   @ DW_AT_low_pc
	.long	.Lfunc_end0-.Lfunc_begin0       @ DW_AT_high_pc
	.byte	1                               @ DW_AT_frame_base
	.byte	93
                                        @ DW_AT_GNU_all_call_sites
	.long	.Linfo_string80                 @ DW_AT_name
	.byte	2                               @ DW_AT_decl_file
	.byte	36                              @ DW_AT_decl_line
                                        @ DW_AT_prototyped
                                        @ DW_AT_external
	.byte	17                              @ Abbrev [17] 0x505:0xf DW_TAG_variable
	.long	.Ldebug_loc0                    @ DW_AT_location
	.long	.Linfo_string83                 @ DW_AT_name
	.byte	2                               @ DW_AT_decl_file
	.byte	38                              @ DW_AT_decl_line
	.long	55                              @ DW_AT_type
	.byte	17                              @ Abbrev [17] 0x514:0xf DW_TAG_variable
	.long	.Ldebug_loc1                    @ DW_AT_location
	.long	.Linfo_string84                 @ DW_AT_name
	.byte	2                               @ DW_AT_decl_file
	.byte	39                              @ DW_AT_decl_line
	.long	55                              @ DW_AT_type
	.byte	18                              @ Abbrev [18] 0x523:0xb DW_TAG_variable
	.long	.Linfo_string85                 @ DW_AT_name
	.byte	2                               @ DW_AT_decl_file
	.byte	38                              @ DW_AT_decl_line
	.long	55                              @ DW_AT_type
	.byte	0                               @ End Of Children Mark
	.byte	19                              @ Abbrev [19] 0x52f:0x9 DW_TAG_subprogram
	.long	.Linfo_string78                 @ DW_AT_name
	.byte	5                               @ DW_AT_decl_file
	.short	994                             @ DW_AT_decl_line
                                        @ DW_AT_prototyped
	.byte	1                               @ DW_AT_inline
	.byte	19                              @ Abbrev [19] 0x538:0x9 DW_TAG_subprogram
	.long	.Linfo_string79                 @ DW_AT_name
	.byte	5                               @ DW_AT_decl_file
	.short	1012                            @ DW_AT_decl_line
                                        @ DW_AT_prototyped
	.byte	1                               @ DW_AT_inline
	.byte	16                              @ Abbrev [16] 0x541:0x32 DW_TAG_subprogram
	.long	.Lfunc_begin1                   @ DW_AT_low_pc
	.long	.Lfunc_end1-.Lfunc_begin1       @ DW_AT_high_pc
	.byte	1                               @ DW_AT_frame_base
	.byte	93
                                        @ DW_AT_GNU_all_call_sites
	.long	.Linfo_string81                 @ DW_AT_name
	.byte	2                               @ DW_AT_decl_file
	.byte	64                              @ DW_AT_decl_line
                                        @ DW_AT_prototyped
                                        @ DW_AT_external
	.byte	20                              @ Abbrev [20] 0x552:0x10 DW_TAG_inlined_subroutine
	.long	1327                            @ DW_AT_abstract_origin
	.long	.Ltmp8                          @ DW_AT_low_pc
	.long	.Ltmp17-.Ltmp8                  @ DW_AT_high_pc
	.byte	2                               @ DW_AT_call_file
	.byte	66                              @ DW_AT_call_line
	.byte	2                               @ DW_AT_call_column
	.byte	20                              @ Abbrev [20] 0x562:0x10 DW_TAG_inlined_subroutine
	.long	1336                            @ DW_AT_abstract_origin
	.long	.Ltmp18                         @ DW_AT_low_pc
	.long	.Ltmp19-.Ltmp18                 @ DW_AT_high_pc
	.byte	2                               @ DW_AT_call_file
	.byte	68                              @ DW_AT_call_line
	.byte	2                               @ DW_AT_call_column
	.byte	0                               @ End Of Children Mark
	.byte	21                              @ Abbrev [21] 0x573:0x11 DW_TAG_subprogram
	.long	.Lfunc_begin2                   @ DW_AT_low_pc
	.long	.Lfunc_end2-.Lfunc_begin2       @ DW_AT_high_pc
	.byte	1                               @ DW_AT_frame_base
	.byte	93
                                        @ DW_AT_GNU_all_call_sites
	.long	.Linfo_string82                 @ DW_AT_name
	.byte	2                               @ DW_AT_decl_file
	.byte	108                             @ DW_AT_decl_line
                                        @ DW_AT_prototyped
                                        @ DW_AT_external
	.byte	0                               @ End Of Children Mark
.Ldebug_info_end0:
	.section	.debug_str,"MS",%progbits,1
.Linfo_string0:
	.asciz	"Component: Arm Compiler for Embedded 6.24 Tool: armclang [5f371800]" @ string offset=0
.Linfo_string1:
	.asciz	"../../../../Library/Device/Nuvoton/CM2003/Source\\system_CM2003.c" @ string offset=68
.Linfo_string2:
	.asciz	"D:\\BSP\\M2003BSP-master\\CM2003xC_CM2003xE_CM2003xG_Series\\SampleCode\\StdDriver\\GPIO_INT\\Keil" @ string offset=133
.Linfo_string3:
	.asciz	"SystemCoreClock"               @ string offset=225
.Linfo_string4:
	.asciz	"unsigned int"                  @ string offset=241
.Linfo_string5:
	.asciz	"uint32_t"                      @ string offset=254
.Linfo_string6:
	.asciz	"CyclesPerUs"                   @ string offset=263
.Linfo_string7:
	.asciz	"PllClock"                      @ string offset=275
.Linfo_string8:
	.asciz	"gau32ClkSrcTbl"                @ string offset=284
.Linfo_string9:
	.asciz	"__ARRAY_SIZE_TYPE__"           @ string offset=299
.Linfo_string10:
	.asciz	"PWRCTL"                        @ string offset=319
.Linfo_string11:
	.asciz	"AHBCLK"                        @ string offset=326
.Linfo_string12:
	.asciz	"APBCLK0"                       @ string offset=333
.Linfo_string13:
	.asciz	"APBCLK1"                       @ string offset=341
.Linfo_string14:
	.asciz	"CLKSEL0"                       @ string offset=349
.Linfo_string15:
	.asciz	"CLKSEL1"                       @ string offset=357
.Linfo_string16:
	.asciz	"CLKSEL2"                       @ string offset=365
.Linfo_string17:
	.asciz	"RESERVE0"                      @ string offset=373
.Linfo_string18:
	.asciz	"CLKDIV0"                       @ string offset=382
.Linfo_string19:
	.asciz	"RESERVE1"                      @ string offset=390
.Linfo_string20:
	.asciz	"PCLKDIV"                       @ string offset=399
.Linfo_string21:
	.asciz	"RESERVE2"                      @ string offset=407
.Linfo_string22:
	.asciz	"STATUS"                        @ string offset=416
.Linfo_string23:
	.asciz	"RESERVE3"                      @ string offset=423
.Linfo_string24:
	.asciz	"CLKOCTL"                       @ string offset=432
.Linfo_string25:
	.asciz	"RESERVE4"                      @ string offset=440
.Linfo_string26:
	.asciz	"CLKDCTL"                       @ string offset=449
.Linfo_string27:
	.asciz	"CLKDSTS"                       @ string offset=457
.Linfo_string28:
	.asciz	"CDUPB"                         @ string offset=465
.Linfo_string29:
	.asciz	"CDLOWB"                        @ string offset=471
.Linfo_string30:
	.asciz	"RESERVE5"                      @ string offset=478
.Linfo_string31:
	.asciz	"HXTCTL"                        @ string offset=487
.Linfo_string32:
	.asciz	"RESERVE6"                      @ string offset=494
.Linfo_string33:
	.asciz	"PMUCTL"                        @ string offset=503
.Linfo_string34:
	.asciz	"PMUSTS"                        @ string offset=510
.Linfo_string35:
	.asciz	"RESERVE7"                      @ string offset=517
.Linfo_string36:
	.asciz	"SWKDBCTL"                      @ string offset=526
.Linfo_string37:
	.asciz	"PASWKCTL"                      @ string offset=535
.Linfo_string38:
	.asciz	"PBSWKCTL"                      @ string offset=544
.Linfo_string39:
	.asciz	"PCSWKCTL"                      @ string offset=553
.Linfo_string40:
	.asciz	"PDSWKCTL"                      @ string offset=562
.Linfo_string41:
	.asciz	"IOPDCTL"                       @ string offset=571
.Linfo_string42:
	.asciz	"HXTFSEL"                       @ string offset=579
.Linfo_string43:
	.asciz	"CLK_T"                         @ string offset=587
.Linfo_string44:
	.asciz	"PDID"                          @ string offset=593
.Linfo_string45:
	.asciz	"RSTSTS"                        @ string offset=598
.Linfo_string46:
	.asciz	"IPRST0"                        @ string offset=605
.Linfo_string47:
	.asciz	"IPRST1"                        @ string offset=612
.Linfo_string48:
	.asciz	"IPRST2"                        @ string offset=619
.Linfo_string49:
	.asciz	"BODCTL"                        @ string offset=626
.Linfo_string50:
	.asciz	"IVSCTL"                        @ string offset=633
.Linfo_string51:
	.asciz	"PORCTL0"                       @ string offset=640
.Linfo_string52:
	.asciz	"GPA_MFPL"                      @ string offset=648
.Linfo_string53:
	.asciz	"GPA_MFPH"                      @ string offset=657
.Linfo_string54:
	.asciz	"GPB_MFPL"                      @ string offset=666
.Linfo_string55:
	.asciz	"GPB_MFPH"                      @ string offset=675
.Linfo_string56:
	.asciz	"GPC_MFPL"                      @ string offset=684
.Linfo_string57:
	.asciz	"GPC_MFPH"                      @ string offset=693
.Linfo_string58:
	.asciz	"GPD_MFPL"                      @ string offset=702
.Linfo_string59:
	.asciz	"GPD_MFPH"                      @ string offset=711
.Linfo_string60:
	.asciz	"GPE_MFPH"                      @ string offset=720
.Linfo_string61:
	.asciz	"GPF_MFPL"                      @ string offset=729
.Linfo_string62:
	.asciz	"GPF_MFPH"                      @ string offset=738
.Linfo_string63:
	.asciz	"GPG_MFPH"                      @ string offset=747
.Linfo_string64:
	.asciz	"GPA_MFOS"                      @ string offset=756
.Linfo_string65:
	.asciz	"GPB_MFOS"                      @ string offset=765
.Linfo_string66:
	.asciz	"GPC_MFOS"                      @ string offset=774
.Linfo_string67:
	.asciz	"GPD_MFOS"                      @ string offset=783
.Linfo_string68:
	.asciz	"GPF_MFOS"                      @ string offset=792
.Linfo_string69:
	.asciz	"GPG_MFOS"                      @ string offset=801
.Linfo_string70:
	.asciz	"REGLCTL"                       @ string offset=810
.Linfo_string71:
	.asciz	"RESERVE8"                      @ string offset=818
.Linfo_string72:
	.asciz	"ADOFS"                         @ string offset=827
.Linfo_string73:
	.asciz	"RESERVE9"                      @ string offset=833
.Linfo_string74:
	.asciz	"CPUCFG"                        @ string offset=842
.Linfo_string75:
	.asciz	"RESERVE10"                     @ string offset=849
.Linfo_string76:
	.asciz	"PORCTL1"                       @ string offset=859
.Linfo_string77:
	.asciz	"SYS_T"                         @ string offset=867
.Linfo_string78:
	.asciz	"SYS_UnlockReg"                 @ string offset=873
.Linfo_string79:
	.asciz	"SYS_LockReg"                   @ string offset=887
.Linfo_string80:
	.asciz	"SystemCoreClockUpdate"         @ string offset=899
.Linfo_string81:
	.asciz	"SystemInit"                    @ string offset=921
.Linfo_string82:
	.asciz	"Uart0DefaultMPF"               @ string offset=932
.Linfo_string83:
	.asciz	"u32Freq"                       @ string offset=948
.Linfo_string84:
	.asciz	"u32HclkDiv"                    @ string offset=956
.Linfo_string85:
	.asciz	"u32ClkSrc"                     @ string offset=967
	.ident	"Component: Arm Compiler for Embedded 6.24 Tool: armclang [5f371800]"
	.section	".note.GNU-stack","",%progbits
	.eabi_attribute	30, 1	@ Tag_ABI_optimization_goals
	.ARM_attribute	16, 1	@ Tag_AV_eba
	.section	.debug_line,"",%progbits
.Lline_table_start0:
