<html>
<body>
<pre>
<h1>µVision Build Log</h1>
<h2>Tool Versions:</h2>
IDE-Version: ¦ÌVision V5.43.1.0
Copyright (C) 2025 ARM Ltd and ARM Germany GmbH. All rights reserved.
License Information: 1 huangweistu80@163.com
11
User-based license: Hardware Success Kit (Early Access)
Valid until: Aug 1 2026. Cached until: Jul 31 2026
 
Tool Versions:
Toolchain:       Hardware Success Kit (Early Access)  Version: 5.43.0.0
Toolchain Path:  C:\Keil_v5\ARM\ARMCLANG\Bin
C Compiler:      ArmClang.exe V6.24
Assembler:       Armasm.exe V6.24
Linker/Locator:  ArmLink.exe V6.24
Library Manager: ArmAr.exe V6.24
Hex Converter:   FromElf.exe V6.24
CPU DLL:         
Dialog DLL:      
Target DLL:      Nu_Link.dll V3.23
Dialog DLL:      TCM.DLL V1.56.6.0
 
<h2>Project:</h2>
D:\BSP\M2003BSP-master\CM2003xC_CM2003xE_CM2003xG_Series\SampleCode\StdDriver\GPIO_INT\Keil\GPIO_INT.uvprojx
Project File Date:  07/24/2026

<h2>Output:</h2>
*** Using Compiler 'V6.24', folder: 'C:\Keil_v5\ARM\ARMCLANG\Bin'
Rebuild target 'GPIO_INT'
assembling startup_CM2003.s...
creating preprocessor file for retarget.c...
creating preprocessor file for system_CM2003.c...
compiling system_CM2003.c...
creating list file for retarget.c...
compiling retarget.c...
creating list file for system_CM2003.c...
creating list file for uart.c...
creating preprocessor file for uart.c...
creating preprocessor file for sys.c...
creating list file for sys.c...
compiling sys.c...
creating list file for clk.c...
compiling uart.c...
creating preprocessor file for clk.c...
creating preprocessor file for gpio.c...
compiling clk.c...
creating list file for gpio.c...
creating preprocessor file for main.c...
compiling gpio.c...
creating list file for main.c...
compiling main.c...
linking...
Program Size: Code=5964 RO-data=648 RW-data=12 ZI-data=1464  
After Build - User command #1: fromelf --bin ".\obj\GPIO_INT.axf" --output ".\obj\GPIO_INT.bin"
After Build - User command #2: fromelf --text -c ".\obj\GPIO_INT.axf" --output ".\obj\GPIO_INT.txt"
".\obj\GPIO_INT.axf" - 0 Error(s), 0 Warning(s).

<h2>Software Packages used:</h2>

Package Vendor: Nuvoton
                https://github.com/OpenNuvoton/cmsis-packs/raw/master/Nuvoton_DFP/Nuvoton.NuMicroCM23_DFP.1.0.4.pack
                Nuvoton::NuMicroCM23_DFP@1.0.4
                Nuvoton ARM Cortex-M23 NuMicro Family Device Support

<h2>Collection of Component include folders:</h2>
  C:/ArmPacks/Nuvoton/NuMicroCM23_DFP/1.0.4/Device/CM2003/Include

<h2>Collection of Component Files used:</h2>
Build Time Elapsed:  00:00:04
</pre>
</body>
</html>
